Archive member included to satisfy reference by file (symbol)

C:\workspace\RZA1\rza1h_azure_gcc\updated\filex\Debug\libfilex.a(fx_ram_driver.o)
                              ./src/sample_filex_ram_disk.o (_fx_ram_driver)
C:\workspace\RZA1\rza1h_azure_gcc\updated\filex\Debug\libfilex.a(fx_system_initialize.o)
                              ./src/sample_filex_ram_disk.o (_fx_system_initialize)
C:\workspace\RZA1\rza1h_azure_gcc\updated\filex\Debug\libfilex.a(fx_system_timer_entry.o)
                              C:\workspace\RZA1\rza1h_azure_gcc\updated\filex\Debug\libfilex.a(fx_system_initialize.o) (_fx_system_timer_entry)
C:\workspace\RZA1\rza1h_azure_gcc\updated\filex\Debug\libfilex.a(fx_utility_16_unsigned_read.o)
                              C:\workspace\RZA1\rza1h_azure_gcc\updated\filex\Debug\libfilex.a(fx_ram_driver.o) (_fx_utility_16_unsigned_read)
C:\workspace\RZA1\rza1h_azure_gcc\updated\filex\Debug\libfilex.a(fx_utility_memory_copy.o)
                              C:\workspace\RZA1\rza1h_azure_gcc\updated\filex\Debug\libfilex.a(fx_ram_driver.o) (_fx_utility_memory_copy)
C:\workspace\RZA1\rza1h_azure_gcc\updated\filex\Debug\libfilex.a(fxe_file_close.o)
                              ./src/sample_filex_ram_disk.o (_fxe_file_close)
C:\workspace\RZA1\rza1h_azure_gcc\updated\filex\Debug\libfilex.a(fxe_file_create.o)
                              ./src/sample_filex_ram_disk.o (_fxe_file_create)
C:\workspace\RZA1\rza1h_azure_gcc\updated\filex\Debug\libfilex.a(fxe_file_open.o)
                              ./src/sample_filex_ram_disk.o (_fxe_file_open)
C:\workspace\RZA1\rza1h_azure_gcc\updated\filex\Debug\libfilex.a(fxe_file_read.o)
                              ./src/sample_filex_ram_disk.o (_fxe_file_read)
C:\workspace\RZA1\rza1h_azure_gcc\updated\filex\Debug\libfilex.a(fxe_file_seek.o)
                              ./src/sample_filex_ram_disk.o (_fxe_file_seek)
C:\workspace\RZA1\rza1h_azure_gcc\updated\filex\Debug\libfilex.a(fxe_file_write.o)
                              ./src/sample_filex_ram_disk.o (_fxe_file_write)
C:\workspace\RZA1\rza1h_azure_gcc\updated\filex\Debug\libfilex.a(fxe_media_close.o)
                              ./src/sample_filex_ram_disk.o (_fxe_media_close)
C:\workspace\RZA1\rza1h_azure_gcc\updated\filex\Debug\libfilex.a(fxe_media_format.o)
                              ./src/sample_filex_ram_disk.o (_fxe_media_format)
C:\workspace\RZA1\rza1h_azure_gcc\updated\filex\Debug\libfilex.a(fxe_media_open.o)
                              ./src/sample_filex_ram_disk.o (_fxe_media_open)
C:\workspace\RZA1\rza1h_azure_gcc\updated\filex\Debug\libfilex.a(fx_file_close.o)
                              C:\workspace\RZA1\rza1h_azure_gcc\updated\filex\Debug\libfilex.a(fxe_file_close.o) (_fx_file_close)
C:\workspace\RZA1\rza1h_azure_gcc\updated\filex\Debug\libfilex.a(fx_file_create.o)
                              C:\workspace\RZA1\rza1h_azure_gcc\updated\filex\Debug\libfilex.a(fxe_file_create.o) (_fx_file_create)
C:\workspace\RZA1\rza1h_azure_gcc\updated\filex\Debug\libfilex.a(fx_file_open.o)
                              C:\workspace\RZA1\rza1h_azure_gcc\updated\filex\Debug\libfilex.a(fxe_file_open.o) (_fx_file_open)
C:\workspace\RZA1\rza1h_azure_gcc\updated\filex\Debug\libfilex.a(fx_file_read.o)
                              C:\workspace\RZA1\rza1h_azure_gcc\updated\filex\Debug\libfilex.a(fxe_file_read.o) (_fx_file_read)
C:\workspace\RZA1\rza1h_azure_gcc\updated\filex\Debug\libfilex.a(fx_file_seek.o)
                              C:\workspace\RZA1\rza1h_azure_gcc\updated\filex\Debug\libfilex.a(fxe_file_seek.o) (_fx_file_seek)
C:\workspace\RZA1\rza1h_azure_gcc\updated\filex\Debug\libfilex.a(fx_file_write.o)
                              C:\workspace\RZA1\rza1h_azure_gcc\updated\filex\Debug\libfilex.a(fxe_file_write.o) (_fx_file_write)
C:\workspace\RZA1\rza1h_azure_gcc\updated\filex\Debug\libfilex.a(fx_media_close.o)
                              C:\workspace\RZA1\rza1h_azure_gcc\updated\filex\Debug\libfilex.a(fxe_media_close.o) (_fx_media_close)
C:\workspace\RZA1\rza1h_azure_gcc\updated\filex\Debug\libfilex.a(fx_media_format.o)
                              C:\workspace\RZA1\rza1h_azure_gcc\updated\filex\Debug\libfilex.a(fxe_media_format.o) (_fx_media_format)
C:\workspace\RZA1\rza1h_azure_gcc\updated\filex\Debug\libfilex.a(fx_media_open.o)
                              C:\workspace\RZA1\rza1h_azure_gcc\updated\filex\Debug\libfilex.a(fxe_media_open.o) (_fx_media_open)
C:\workspace\RZA1\rza1h_azure_gcc\updated\filex\Debug\libfilex.a(fx_utility_16_unsigned_write.o)
                              C:\workspace\RZA1\rza1h_azure_gcc\updated\filex\Debug\libfilex.a(fx_media_format.o) (_fx_utility_16_unsigned_write)
C:\workspace\RZA1\rza1h_azure_gcc\updated\filex\Debug\libfilex.a(fx_utility_32_unsigned_read.o)
                              C:\workspace\RZA1\rza1h_azure_gcc\updated\filex\Debug\libfilex.a(fx_media_close.o) (_fx_utility_32_unsigned_read)
[...]
Memory Configuration

Name             Origin             Length             Attributes
QSPI             0x18080000         0x00f80000         xr
QSPI_FLASH_RES   0x19000000         0x03000000         r
USER_RAM         0x205e8000         0x00200000         xrw
STACK_RAM        0x207e8000         0x00018000         xrw
VRAM_RESERVED    0x60800000         0x00200000         r
VRAM_MIRROR      0x60800000         0x00200000         rw
*default*        0x00000000         0xffffffff

Linker script and memory map

LOAD ./src/helper_c.o
LOAD ./src/sample_filex_ram_disk.o
START GROUP
LOAD C:\workspace\RZA1\rza1h_azure_gcc\updated\filex\Debug\libfilex.a
LOAD C:\workspace\RZA1\rza1h_azure_gcc\updated\rz_bsp\Debug\librz_bsp.a
LOAD C:\workspace\RZA1\rza1h_azure_gcc\updated\threadx\Debug\libthreadx.a
END GROUP
START GROUP
LOAD c:/program files (x86)/gnu tools arm embedded/6 2017-q2-update/bin/../lib/gcc/arm-none-eabi/6.3.1/thumb/v7-ar/fpv3/hard\libgcc.a
LOAD c:/program files (x86)/gnu tools arm embedded/6 2017-q2-update/bin/../lib/gcc/arm-none-eabi/6.3.1/../../../../arm-none-eabi/lib/thumb/v7-ar/fpv3/hard\libg.a
LOAD c:/program files (x86)/gnu tools arm embedded/6 2017-q2-update/bin/../lib/gcc/arm-none-eabi/6.3.1/../../../../arm-none-eabi/lib/thumb/v7-ar/fpv3/hard\libc.a
END GROUP
START GROUP
LOAD c:/program files (x86)/gnu tools arm embedded/6 2017-q2-update/bin/../lib/gcc/arm-none-eabi/6.3.1/thumb/v7-ar/fpv3/hard\libgcc.a
LOAD c:/program files (x86)/gnu tools arm embedded/6 2017-q2-update/bin/../lib/gcc/arm-none-eabi/6.3.1/../../../../arm-none-eabi/lib/thumb/v7-ar/fpv3/hard\libc.a
LOAD c:/program files (x86)/gnu tools arm embedded/6 2017-q2-update/bin/../lib/gcc/arm-none-eabi/6.3.1/../../../../arm-none-eabi/lib/thumb/v7-ar/fpv3/hard\libnosys.a
END GROUP
START GROUP
LOAD c:/program files (x86)/gnu tools arm embedded/6 2017-q2-update/bin/../lib/gcc/arm-none-eabi/6.3.1/thumb/v7-ar/fpv3/hard\libgcc.a
LOAD c:/program files (x86)/gnu tools arm embedded/6 2017-q2-update/bin/../lib/gcc/arm-none-eabi/6.3.1/../../../../arm-none-eabi/lib/thumb/v7-ar/fpv3/hard\libc.a
LOAD c:/program files (x86)/gnu tools arm embedded/6 2017-q2-update/bin/../lib/gcc/arm-none-eabi/6.3.1/../../../../arm-none-eabi/lib/thumb/v7-ar/fpv3/hard\librdimon.a
END GROUP
                0x18080000                QSPI_START = 0x18080000
                0x60a00000                VRAM_END = 0x60a00000
                0x00200000                VRAM_LENGTH = 0x200000
                0x60800000                VRAM_START = (VRAM_END - VRAM_LENGTH)
                0x00008000                PROGRAM_STACK_SIZE = 0x8000
                0x00002000                IRQ_STACK_SIZE = 0x2000
                0x00002000                FIQ_STACK_SIZE = 0x2000
                0x00002000                SVC_STACK_SIZE = 0x2000
                0x00002000                ABT_STACK_SIZE = 0x2000
                0x00008000                TTB_SIZE = 0x8000
                0x0000c800                NL_HEAP_SIZE = 0xc800
                0x20800000                STACK_END = (VRAM_START - 0x40000000)
                0x00018000                STACK_LENGTH = (((((PROGRAM_STACK_SIZE + IRQ_STACK_SIZE) + FIQ_STACK_SIZE) + SVC_STACK_SIZE) + ABT_STACK_SIZE) + TTB_SIZE)
                0x207e8000                STACK_START = (STACK_END - STACK_LENGTH)
                0x207e8000                RAM_END = STACK_START
                0x00200000                RAM_LENGTH = 0x200000
                0x205e8000                RAM_START = (RAM_END - RAM_LENGTH)
                0x18080000                EXEC_BASE = 0x18080000

.reset          0x18080000      0x49c
                0x18080000                execute = .
 *start.o(.text)
 .text          0x18080000       0x70 C:\workspace\RZA1\rza1h_azure_gcc\updated\rz_bsp\Debug\librz_bsp.a(start.o)
                0x18080000                start
 *start.o(.rodata)
 *start.o(.data)
 *access.o(.text)
 .text          0x18080070       0xf8 C:\workspace\RZA1\rza1h_azure_gcc\updated\rz_bsp\Debug\librz_bsp.a(access.o)
                0x18080070                enable_neon_vfp_access_priv
                0x18080090                enable_neon_vfp_access_full
                0x180800b0                disable_neon_vfp_access
                0x180800d0                neon_vfp_on
                0x180800e0                neon_vfp_off
                0x180800f0                enable_mmu
                0x18080110                disable_mmu
                0x18080130                VbarInit
                0x1808013c                SetLowVectors
                0x18080150                SetHighVectors
 *access.o(.rodata)
 *access.o(.data)
 *initsct.o(.text)
 .text          0x18080168       0x5c C:\workspace\RZA1\rza1h_azure_gcc\updated\rz_bsp\Debug\librz_bsp.a(initsct.o)
                0x18080168                initsct
 *initsct.o(.rodata)
 *initsct.o(.data)
 *reset_handler.o(.text)
 .text          0x180801c4      0x174 C:\workspace\RZA1\rza1h_azure_gcc\updated\rz_bsp\Debug\librz_bsp.a(reset_handler.o)
                0x180801c4                reset_handler
                0x180802f8                undefined_handler
                0x180802fc                svc_handler
                0x18080300                prefetch_handler
                0x18080304                abort_handler
                0x18080308                reserved_handler
 *reset_handler.o(.rodata)
 *reset_handler.o(.data)
 *ttb_init.o(.text)
 .text          0x18080338      0x164 C:\workspace\RZA1\rza1h_azure_gcc\updated\rz_bsp\Debug\librz_bsp.a(ttb_init.o)
                0x18080338                init_TTB
 *ttb_init.o(.rodata)
 *ttb_init.o(.data)
 *vbar_init.o(.text)
 *vbar_init.o(.rodata)
 *vbar_init.o(.data)
                0x1808049c                . = ALIGN (0x4)
 *(.text.startup)
                0x1808049c                address_end_reset = .

.vfp11_veneer   0x1808049c        0x0
 .vfp11_veneer  0x1808049c        0x0 linker stubs

.v4_bx          0x1808049c        0x0
 .v4_bx         0x1808049c        0x0 linker stubs

.rodata         0x1808049c    0x27d3c
 *crtbegin.o(.ctors)
 *(EXCLUDE_FILE(crtend.o *) .ctors)
 *(SORT(.ctors.*))
 *crtend.o(.ctors)
 *crtbegin.o(.dtors)
 *(EXCLUDE_FILE(crtend.o *) .dtors)
 *(SORT(.dtors.*))
 *crtend.o(.dtors)
 *(.rodata)
 .rodata        0x1808049c       0x4d ./src/sample_filex_ram_disk.o
 *fill*         0x180804e9        0x3 
 .rodata        0x180804ec       0x5d C:\workspace\RZA1\rza1h_azure_gcc\updated\rz_bsp\Debug\librz_bsp.a(r_os_abstraction_azure.o)
 *fill*         0x18080549        0x3 
 .rodata        0x1808054c      0x444 C:\workspace\RZA1\rza1h_azure_gcc\updated\rz_bsp\Debug\librz_bsp.a(r_devlink_wrapper.o)
 .rodata        0x18080990        0x6 C:\workspace\RZA1\rza1h_azure_gcc\updated\rz_bsp\Debug\librz_bsp.a(tx_timer_config.o)
 *fill*         0x18080996        0x2 
 .rodata        0x18080998       0x24 C:\workspace\RZA1\rza1h_azure_gcc\updated\rz_bsp\Debug\librz_bsp.a(r_wdt_drv_api.o)
 .rodata        0x180809bc       0x1b C:\workspace\RZA1\rza1h_azure_gcc\updated\rz_bsp\Debug\librz_bsp.a(r_sci_drv_api.o)
 *fill*         0x180809d7        0x1 
 .rodata        0x180809d8       0x84 C:\workspace\RZA1\rza1h_azure_gcc\updated\rz_bsp\Debug\librz_bsp.a(r_rtc_drv_api.o)
 .rodata        0x18080a5c       0x22 C:\workspace\RZA1\rza1h_azure_gcc\updated\rz_bsp\Debug\librz_bsp.a(r_led_drv_api.o)
 *fill*         0x18080a7e        0x2 
 .rodata        0x18080a80       0x11 C:\workspace\RZA1\rza1h_azure_gcc\updated\rz_bsp\Debug\librz_bsp.a(r_sitrza1h_led_lld.o)
 *fill*         0x18080a91        0x3 
 .rodata        0x18080a94       0x1e C:\workspace\RZA1\rza1h_azure_gcc\updated\rz_bsp\Debug\librz_bsp.a(r_riic_drv_api.o)
 *fill*         0x18080ab2        0x2 
 .rodata        0x18080ab4       0x2d C:\workspace\RZA1\rza1h_azure_gcc\updated\rz_bsp\Debug\librz_bsp.a(r_eeprom_drv_api.o)
 *fill*         0x18080ae1        0x3 
 .rodata        0x18080ae4       0x1f C:\workspace\RZA1\rza1h_azure_gcc\updated\rz_bsp\Debug\librz_bsp.a(r_dmac_drv_api.o)
 *fill*         0x18080b03        0x1 
 .rodata        0x18080b04       0x20 C:\workspace\RZA1\rza1h_azure_gcc\updated\rz_bsp\Debug\librz_bsp.a(r_ostm_drv_api.o)
 .rodata        0x18080b24     0x201d C:\workspace\RZA1\rza1h_azure_gcc\updated\rz_bsp\Debug\librz_bsp.a(r_intc_monitor.o)
 *fill*         0x18082b41        0x3 
 .rodata        0x18082b44        0x9 C:\workspace\RZA1\rza1h_azure_gcc\updated\rz_bsp\Debug\librz_bsp.a(riic_cat9554_drv.o)
 *fill*         0x18082b4d        0x3 
 .rodata        0x18082b50       0x11 C:\workspace\RZA1\rza1h_azure_gcc\updated\rz_bsp\Debug\librz_bsp.a(r_rskrza1h_rtc_lld.o)
 *fill*         0x18082b61        0x3 
 .rodata        0x18082b64        0x9 C:\workspace\RZA1\rza1h_azure_gcc\updated\rz_bsp\Debug\librz_bsp.a(r_rskrza1h_riic_lld.o)
 *fill*         0x18082b6d        0x3 
 .rodata        0x18082b70        0xf C:\workspace\RZA1\rza1h_azure_gcc\updated\rz_bsp\Debug\librz_bsp.a(r_dmac_lld_rza1h.o)
 *fill*         0x18082b7f        0x1 
 .rodata        0x18082b80       0x29 C:\workspace\RZA1\rza1h_azure_gcc\updated\rz_bsp\Debug\librz_bsp.a(r_rskrza1h_ostm_lld.o)
 *fill*         0x18082ba9        0x3 
 .rodata        0x18082bac       0x14 C:\workspace\RZA1\rza1h_azure_gcc\updated\threadx\Debug\libthreadx.a(tx_timer_initialize.o)
 *(.rodata.*)
 .rodata._fx_system_initialize.str1.4
                0x18082bc0       0x13 C:\workspace\RZA1\rza1h_azure_gcc\updated\filex\Debug\libfilex.a(fx_system_initialize.o)
 *fill*         0x18082bd3        0x1 
 .rodata._fx_media_open.str1.4
                0x18082bd4       0x12 C:\workspace\RZA1\rza1h_azure_gcc\updated\filex\Debug\libfilex.a(fx_media_open.o)
 *fill*         0x18082be6        0x2 
 .rodata.gs_mount_table
                0x18082be8       0xc0 C:\workspace\RZA1\rza1h_azure_gcc\updated\rz_bsp\Debug\librz_bsp.a(r_devlink_wrapper.o)
 .rodata.g_wdt_driver
                0x18082ca8       0x1c C:\workspace\RZA1\rza1h_azure_gcc\updated\rz_bsp\Debug\librz_bsp.a(r_wdt_drv_api.o)
                0x18082ca8                g_wdt_driver
 .rodata.g_scif_driver
                0x18082cc4       0x1c C:\workspace\RZA1\rza1h_azure_gcc\updated\rz_bsp\Debug\librz_bsp.a(r_sci_drv_api.o)
                0x18082cc4                g_scif_driver
 .rodata.gScifDefaultConfig
                0x18082ce0       0x10 C:\workspace\RZA1\rza1h_azure_gcc\updated\rz_bsp\Debug\librz_bsp.a(r_sci_drv_api.o)
 .rodata.g_rtc_driver
                0x18082cf0       0x1c C:\workspace\RZA1\rza1h_azure_gcc\updated\rz_bsp\Debug\librz_bsp.a(r_rtc_drv_api.o)
                0x18082cf0                g_rtc_driver
 .rodata.p_month.8780
                0x18082d0c       0x34 C:\workspace\RZA1\rza1h_azure_gcc\updated\rz_bsp\Debug\librz_bsp.a(r_rtc_drv_api.o)
 .rodata.g_stdio_led_driver
                0x18082d40       0x1c C:\workspace\RZA1\rza1h_azure_gcc\updated\rz_bsp\Debug\librz_bsp.a(r_led_drv_api.o)
                0x18082d40                g_stdio_led_driver
 .rodata.gs_st_rskrza1h_lld_led
                0x18082d5c        0x6 C:\workspace\RZA1\rza1h_azure_gcc\updated\rz_bsp\Debug\librz_bsp.a(r_sitrza1h_led_lld.o)
 *fill*         0x18082d62        0x2 
 .rodata.g_riic_driver
                0x18082d64       0x1c C:\workspace\RZA1\rza1h_azure_gcc\updated\rz_bsp\Debug\librz_bsp.a(r_riic_drv_api.o)
                0x18082d64                g_riic_driver
 .rodata.gR1EX24016Driver
                0x18082d80       0x1c C:\workspace\RZA1\rza1h_azure_gcc\updated\rz_bsp\Debug\librz_bsp.a(r_eeprom_drv_api.o)
                0x18082d80                gR1EX24016Driver
 .rodata.g_dmac_driver
                0x18082d9c       0x1c C:\workspace\RZA1\rza1h_azure_gcc\updated\rz_bsp\Debug\librz_bsp.a(r_dmac_drv_api.o)
                0x18082d9c                g_dmac_driver
 .rodata.gs_r_drv_ostm_default
                0x18082db8       0x10 C:\workspace\RZA1\rza1h_azure_gcc\updated\rz_bsp\Debug\librz_bsp.a(r_ostm_drv_api.o)
 .rodata.g_ostm_driver
                0x18082dc8       0x1c C:\workspace\RZA1\rza1h_azure_gcc\updated\rz_bsp\Debug\librz_bsp.a(r_ostm_drv_api.o)
                0x18082dc8                g_ostm_driver
 .rodata.gcSCIAsynchMultiply
                0x18082de4        0x8 C:\workspace\RZA1\rza1h_azure_gcc\updated\rz_bsp\Debug\librz_bsp.a(r_rskrza1h_sci_lld.o)
 .rodata.gcSCISynchMultiply
                0x18082dec        0x8 C:\workspace\RZA1\rza1h_azure_gcc\updated\rz_bsp\Debug\librz_bsp.a(r_rskrza1h_sci_lld.o)
 .rodata.r_sci_device_config
                0x18082df4       0xa0 C:\workspace\RZA1\rza1h_azure_gcc\updated\rz_bsp\Debug\librz_bsp.a(r_rskrza1h_sci_lld.o)
 .rodata.DMAC_SC_TABLE
                0x18082e94       0x90 C:\workspace\RZA1\rza1h_azure_gcc\updated\rz_bsp\Debug\librz_bsp.a(r_dmac_lld_rza1h.o)
 .rodata.gs_dma_int_num_table
                0x18082f24       0x20 C:\workspace\RZA1\rza1h_azure_gcc\updated\rz_bsp\Debug\librz_bsp.a(r_dmac_lld_rza1h.o)
 .rodata.gs_dma_configuration_table
                0x18082f44      0x7d0 C:\workspace\RZA1\rza1h_azure_gcc\updated\rz_bsp\Debug\librz_bsp.a(r_dmac_lld_rza1h.o)
 .rodata.gs_dma_int_handler_table
                0x18083714       0x40 C:\workspace\RZA1\rza1h_azure_gcc\updated\rz_bsp\Debug\librz_bsp.a(r_dmac_lld_rza1h.o)
 .rodata.g_r_ostm_sc_ch_config
                0x18083754       0x30 C:\workspace\RZA1\rza1h_azure_gcc\updated\rz_bsp\Debug\librz_bsp.a(r_ostm_drv_sc_cfg.o)
                0x18083754                g_r_ostm_sc_ch_config
 .rodata._puts_r.str1.4
                0x18083784        0x2 c:/program files (x86)/gnu tools arm embedded/6 2017-q2-update/bin/../lib/gcc/arm-none-eabi/6.3.1/../../../../arm-none-eabi/lib/thumb/v7-ar/fpv3/hard\libg.a(lib_a-puts.o)
 *fill*         0x18083786        0x2 
 .rodata._svfprintf_r.str1.4
                0x18083788       0x42 c:/program files (x86)/gnu tools arm embedded/6 2017-q2-update/bin/../lib/gcc/arm-none-eabi/6.3.1/../../../../arm-none-eabi/lib/thumb/v7-ar/fpv3/hard\libg.a(lib_a-svfprintf.o)
 *fill*         0x180837ca        0x2 
 .rodata.blanks.8346
                0x180837cc       0x10 c:/program files (x86)/gnu tools arm embedded/6 2017-q2-update/bin/../lib/gcc/arm-none-eabi/6.3.1/../../../../arm-none-eabi/lib/thumb/v7-ar/fpv3/hard\libg.a(lib_a-svfprintf.o)
 .rodata.zeroes.8347
                0x180837dc       0x10 c:/program files (x86)/gnu tools arm embedded/6 2017-q2-update/bin/../lib/gcc/arm-none-eabi/6.3.1/../../../../arm-none-eabi/lib/thumb/v7-ar/fpv3/hard\libg.a(lib_a-svfprintf.o)
 .rodata.__ssvfscanf_r.str1.4
                0x180837ec        0x5 c:/program files (x86)/gnu tools arm embedded/6 2017-q2-update/bin/../lib/gcc/arm-none-eabi/6.3.1/../../../../arm-none-eabi/lib/thumb/v7-ar/fpv3/hard\libg.a(lib_a-svfscanf.o)
 *fill*         0x180837f1        0x3 
 .rodata.basefix.8417
                0x180837f4       0x22 c:/program files (x86)/gnu tools arm embedded/6 2017-q2-update/bin/../lib/gcc/arm-none-eabi/6.3.1/../../../../arm-none-eabi/lib/thumb/v7-ar/fpv3/hard\libg.a(lib_a-svfscanf.o)
 *fill*         0x18083816        0x2 
 .rodata._dtoa_r.str1.4
                0x18083818       0x10 c:/program files (x86)/gnu tools arm embedded/6 2017-q2-update/bin/../lib/gcc/arm-none-eabi/6.3.1/../../../../arm-none-eabi/lib/thumb/v7-ar/fpv3/hard\libg.a(lib_a-dtoa.o)
                                 0x12 (size before relaxing)
 .rodata._setlocale_r.str1.4
                0x18083828        0xa c:/program files (x86)/gnu tools arm embedded/6 2017-q2-update/bin/../lib/gcc/arm-none-eabi/6.3.1/../../../../arm-none-eabi/lib/thumb/v7-ar/fpv3/hard\libg.a(lib_a-locale.o)
                                  0xd (size before relaxing)
 *fill*         0x18083832        0x2 
 .rodata.str1.4
                0x18083834        0x2 c:/program files (x86)/gnu tools arm embedded/6 2017-q2-update/bin/../lib/gcc/arm-none-eabi/6.3.1/../../../../arm-none-eabi/lib/thumb/v7-ar/fpv3/hard\libg.a(lib_a-locale.o)
 .rodata._mbrtowc_r.str1.4
                0x18083836        0x1 c:/program files (x86)/gnu tools arm embedded/6 2017-q2-update/bin/../lib/gcc/arm-none-eabi/6.3.1/../../../../arm-none-eabi/lib/thumb/v7-ar/fpv3/hard\libg.a(lib_a-mbrtowc.o)
 *fill*         0x18083836        0x2 
 .rodata.__mprec_bigtens
                0x18083838       0x28 c:/program files (x86)/gnu tools arm embedded/6 2017-q2-update/bin/../lib/gcc/arm-none-eabi/6.3.1/../../../../arm-none-eabi/lib/thumb/v7-ar/fpv3/hard\libg.a(lib_a-mprec.o)
                0x18083838                __mprec_bigtens
 .rodata.__mprec_tens
                0x18083860       0xc8 c:/program files (x86)/gnu tools arm embedded/6 2017-q2-update/bin/../lib/gcc/arm-none-eabi/6.3.1/../../../../arm-none-eabi/lib/thumb/v7-ar/fpv3/hard\libg.a(lib_a-mprec.o)
                0x18083860                __mprec_tens
 .rodata.p05.7178
                0x18083928        0xc c:/program files (x86)/gnu tools arm embedded/6 2017-q2-update/bin/../lib/gcc/arm-none-eabi/6.3.1/../../../../arm-none-eabi/lib/thumb/v7-ar/fpv3/hard\libg.a(lib_a-mprec.o)
 .rodata._strtod_l.str1.4
                0x18083934       0x10 c:/program files (x86)/gnu tools arm embedded/6 2017-q2-update/bin/../lib/gcc/arm-none-eabi/6.3.1/../../../../arm-none-eabi/lib/thumb/v7-ar/fpv3/hard\libg.a(lib_a-strtod.o)
                                  0xf (size before relaxing)
 .rodata.fpi.7264
                0x18083944       0x14 c:/program files (x86)/gnu tools arm embedded/6 2017-q2-update/bin/../lib/gcc/arm-none-eabi/6.3.1/../../../../arm-none-eabi/lib/thumb/v7-ar/fpv3/hard\libg.a(lib_a-strtod.o)
 .rodata.fpinan.7300
                0x18083958       0x14 c:/program files (x86)/gnu tools arm embedded/6 2017-q2-update/bin/../lib/gcc/arm-none-eabi/6.3.1/../../../../arm-none-eabi/lib/thumb/v7-ar/fpv3/hard\libg.a(lib_a-strtod.o)
 *fill*         0x1808396c        0x4 
 .rodata.tinytens
                0x18083970       0x28 c:/program files (x86)/gnu tools arm embedded/6 2017-q2-update/bin/../lib/gcc/arm-none-eabi/6.3.1/../../../../arm-none-eabi/lib/thumb/v7-ar/fpv3/hard\libg.a(lib_a-strtod.o)
 .rodata._ctype_
                0x18083998      0x101 c:/program files (x86)/gnu tools arm embedded/6 2017-q2-update/bin/../lib/gcc/arm-none-eabi/6.3.1/../../../../arm-none-eabi/lib/thumb/v7-ar/fpv3/hard\libg.a(lib_a-ctype_.o)
                0x18083998                _ctype_
 *fill*         0x18083a99        0x3 
 .rodata.__hexdig
                0x18083a9c      0x100 c:/program files (x86)/gnu tools arm embedded/6 2017-q2-update/bin/../lib/gcc/arm-none-eabi/6.3.1/../../../../arm-none-eabi/lib/thumb/v7-ar/fpv3/hard\libg.a(lib_a-gdtoa-gethex.o)
                0x18083a9c                __hexdig
                0x18083ba0                . = ALIGN (0x8)
 *fill*         0x18083b9c        0x4 
 *(.text)
 .text          0x18083ba0      0x128 C:\workspace\RZA1\rza1h_azure_gcc\updated\rz_bsp\Debug\librz_bsp.a(tx_initialize_low_level.o)
                0x18083c10                $_tx_initialize_low_level
                0x18083c24                _tx_initialize_low_level
                0x18083c50                __tx_undefined
                0x18083c54                __tx_swi_interrupt
                0x18083c58                __tx_prefetch_handler
                0x18083c5c                __tx_abort_handler
                0x18083c60                __tx_reserved_handler
                0x18083c64                irq_handler
                0x18083c64                __tx_irq_handler
                0x18083c68                __tx_irq_processing_return
                0x18083c9c                __tx_fiq_handler
 .text          0x18083cc8       0xfc C:\workspace\RZA1\rza1h_azure_gcc\updated\rz_bsp\Debug\librz_bsp.a(tx_thread_context_restore.o)
                0x18083cc8                _tx_thread_context_restore
 .text          0x18083dc4       0x70 C:\workspace\RZA1\rza1h_azure_gcc\updated\rz_bsp\Debug\librz_bsp.a(tx_thread_context_save.o)
                0x18083dc4                _tx_thread_context_save
 .text          0x18083e34       0x7c C:\workspace\RZA1\rza1h_azure_gcc\updated\rz_bsp\Debug\librz_bsp.a(tx_thread_schedule.o)
                0x18083e34                $_tx_thread_schedule
                0x18083e48                _tx_thread_schedule
 .text          0x18083eb0      0x104 C:\workspace\RZA1\rza1h_azure_gcc\updated\rz_bsp\Debug\librz_bsp.a(tx_timer_interrupt.o)
                0x18083eb0                $_tx_timer_interrupt
                0x18083ec4                _tx_timer_interrupt
 .text          0x18083fb4       0x44 C:\workspace\RZA1\rza1h_azure_gcc\updated\rz_bsp\Debug\librz_bsp.a(fiq_handler.o)
                0x18083fb4                fiq_handler
 .text          0x18083ff8       0x18 C:\workspace\RZA1\rza1h_azure_gcc\updated\rz_bsp\Debug\librz_bsp.a(isr.o)
                0x18083ff8                __enable_fiq
                0x18084004                __disable_fiq
 .text          0x18084010       0x30 C:\workspace\RZA1\rza1h_azure_gcc\updated\rz_bsp\Debug\librz_bsp.a(l1_cache_init.o)
                0x18084010                L1CacheInit
 .text          0x18084040       0x94 C:\workspace\RZA1\rza1h_azure_gcc\updated\rz_bsp\Debug\librz_bsp.a(tx_thread_stack_build.o)
                0x18084040                $_tx_thread_stack_build
                0x18084054                _tx_thread_stack_build
 .text          0x180840d4       0x68 C:\workspace\RZA1\rza1h_azure_gcc\updated\rz_bsp\Debug\librz_bsp.a(tx_thread_system_return.o)
                0x180840d4                $_tx_thread_system_return
                0x180840e8                _tx_thread_system_return
 *fill*         0x1808413c        0x4 
 .text          0x18084140      0x278 c:/program files (x86)/gnu tools arm embedded/6 2017-q2-update/bin/../lib/gcc/arm-none-eabi/6.3.1/thumb/v7-ar/fpv3/hard\libgcc.a(_udivsi3.o)
                0x18084140                __aeabi_uidiv
                0x18084140                __udivsi3
                0x1808439c                __aeabi_uidivmod
 .text          0x180843b8        0x4 c:/program files (x86)/gnu tools arm embedded/6 2017-q2-update/bin/../lib/gcc/arm-none-eabi/6.3.1/thumb/v7-ar/fpv3/hard\libgcc.a(_dvmd_tls.o)
                0x180843b8                __aeabi_idiv0
                0x180843b8                __aeabi_ldiv0
 .text          0x180843bc       0x30 c:/program files (x86)/gnu tools arm embedded/6 2017-q2-update/bin/../lib/gcc/arm-none-eabi/6.3.1/thumb/v7-ar/fpv3/hard\libgcc.a(_aeabi_uldivmod.o)
                0x180843bc                __aeabi_uldivmod
 .text          0x180843ec      0x114 c:/program files (x86)/gnu tools arm embedded/6 2017-q2-update/bin/../lib/gcc/arm-none-eabi/6.3.1/thumb/v7-ar/fpv3/hard\libgcc.a(_udivmoddi4.o)
                0x180843ec                __udivmoddi4
 .text          0x18084500       0xec c:/program files (x86)/gnu tools arm embedded/6 2017-q2-update/bin/../lib/gcc/arm-none-eabi/6.3.1/../../../../arm-none-eabi/lib/thumb/v7-ar/fpv3/hard\libg.a(lib_a-memcpy.o)
                0x18084500                memcpy
 .text          0x180845ec      0x1bc c:/program files (x86)/gnu tools arm embedded/6 2017-q2-update/bin/../lib/gcc/arm-none-eabi/6.3.1/../../../../arm-none-eabi/lib/thumb/v7-ar/fpv3/hard\libg.a(lib_a-strcmp.o)
                0x180845ec                strcmp
 .text          0x180847a8      0x2b0 c:/program files (x86)/gnu tools arm embedded/6 2017-q2-update/bin/../lib/gcc/arm-none-eabi/6.3.1/thumb/v7-ar/fpv3/hard\libgcc.a(_divsi3.o)
                0x180847a8                __divsi3
                0x180847a8                __aeabi_idiv
                0x18084a3c                __aeabi_idivmod
 *(.text.*)
 .text.main     0x18084a58       0x14 ./src/sample_filex_ram_disk.o
                0x18084a58                main
 .text.tx_application_define
                0x18084a6c       0x9c ./src/sample_filex_ram_disk.o
                0x18084a6c                tx_application_define
 .text.thread_0_entry
                0x18084b08      0x28c ./src/sample_filex_ram_disk.o
                0x18084b08                thread_0_entry
 .text._fx_ram_driver
                0x18084d94      0x144 C:\workspace\RZA1\rza1h_azure_gcc\updated\filex\Debug\libfilex.a(fx_ram_driver.o)
                0x18084d94                _fx_ram_driver
 .text._fx_system_initialize
                0x18084ed8       0xec C:\workspace\RZA1\rza1h_azure_gcc\updated\filex\Debug\libfilex.a(fx_system_initialize.o)
                0x18084ed8                _fx_system_initialize
 .text._fx_system_timer_entry
                0x18084fc4      0x25c C:\workspace\RZA1\rza1h_azure_gcc\updated\filex\Debug\libfilex.a(fx_system_timer_entry.o)
                0x18084fc4                _fx_system_timer_entry
 .text._fx_utility_16_unsigned_read
                0x18085220        0x8 C:\workspace\RZA1\rza1h_azure_gcc\updated\filex\Debug\libfilex.a(fx_utility_16_unsigned_read.o)
                0x18085220                _fx_utility_16_unsigned_read
 .text._fx_utility_memory_copy
                0x18085228       0x10 C:\workspace\RZA1\rza1h_azure_gcc\updated\filex\Debug\libfilex.a(fx_utility_memory_copy.o)
                0x18085228                _fx_utility_memory_copy
 .text._fxe_file_close
                0x18085238       0x50 C:\workspace\RZA1\rza1h_azure_gcc\updated\filex\Debug\libfilex.a(fxe_file_close.o)
                0x18085238                _fxe_file_close
 .text._fxe_file_create
                0x18085288       0x50 C:\workspace\RZA1\rza1h_azure_gcc\updated\filex\Debug\libfilex.a(fxe_file_create.o)
                0x18085288                _fxe_file_create
 .text._fxe_file_open
                0x180852d8      0x120 C:\workspace\RZA1\rza1h_azure_gcc\updated\filex\Debug\libfilex.a(fxe_file_open.o)
                0x180852d8                _fxe_file_open
 .text._fxe_file_read
                0x180853f8       0x78 C:\workspace\RZA1\rza1h_azure_gcc\updated\filex\Debug\libfilex.a(fxe_file_read.o)
                0x180853f8                _fxe_file_read
 .text._fxe_file_seek
                0x18085470       0x50 C:\workspace\RZA1\rza1h_azure_gcc\updated\filex\Debug\libfilex.a(fxe_file_seek.o)
                0x18085470                _fxe_file_seek
 .text._fxe_file_write
                0x180854c0       0x54 C:\workspace\RZA1\rza1h_azure_gcc\updated\filex\Debug\libfilex.a(fxe_file_write.o)
                0x180854c0                _fxe_file_write
 .text._fxe_media_close
                0x18085514       0x50 C:\workspace\RZA1\rza1h_azure_gcc\updated\filex\Debug\libfilex.a(fxe_media_close.o)
                0x18085514                _fxe_media_close
 .text._fxe_media_format
                0x18085564       0xa0 C:\workspace\RZA1\rza1h_azure_gcc\updated\filex\Debug\libfilex.a(fxe_media_format.o)
                0x18085564                _fxe_media_format
 .text._fxe_media_open
                0x18085604      0x194 C:\workspace\RZA1\rza1h_azure_gcc\updated\filex\Debug\libfilex.a(fxe_media_open.o)
                0x18085604                _fxe_media_open
 .text._fx_file_close
                0x18085798      0x138 C:\workspace\RZA1\rza1h_azure_gcc\updated\filex\Debug\libfilex.a(fx_file_close.o)
                0x18085798                _fx_file_close
 .text._fx_file_create
                0x180858d0      0x1e8 C:\workspace\RZA1\rza1h_azure_gcc\updated\filex\Debug\libfilex.a(fx_file_create.o)
                0x180858d0                _fx_file_create
 .text._fx_file_open
                0x18085ab8      0x5d4 C:\workspace\RZA1\rza1h_azure_gcc\updated\filex\Debug\libfilex.a(fx_file_open.o)
                0x18085ab8                _fx_file_open
 .text._fx_file_read
                0x1808608c      0x474 C:\workspace\RZA1\rza1h_azure_gcc\updated\filex\Debug\libfilex.a(fx_file_read.o)
                0x1808608c                _fx_file_read
 .text._fx_file_seek
                0x18086500        0xc C:\workspace\RZA1\rza1h_azure_gcc\updated\filex\Debug\libfilex.a(fx_file_seek.o)
                0x18086500                _fx_file_seek
 .text._fx_file_write
                0x1808650c      0x840 C:\workspace\RZA1\rza1h_azure_gcc\updated\filex\Debug\libfilex.a(fx_file_write.o)
                0x1808650c                _fx_file_write
 .text._fx_media_close
                0x18086d4c      0x324 C:\workspace\RZA1\rza1h_azure_gcc\updated\filex\Debug\libfilex.a(fx_media_close.o)
                0x18086d4c                _fx_media_close
 .text._fx_media_format
                0x18087070      0x840 C:\workspace\RZA1\rza1h_azure_gcc\updated\filex\Debug\libfilex.a(fx_media_format.o)
                0x18087070                _fx_media_format
 .text._fx_media_open
                0x180878b0      0x9a0 C:\workspace\RZA1\rza1h_azure_gcc\updated\filex\Debug\libfilex.a(fx_media_open.o)
                0x180878b0                _fx_media_open
 .text._fx_utility_16_unsigned_write
                0x18088250       0x10 C:\workspace\RZA1\rza1h_azure_gcc\updated\filex\Debug\libfilex.a(fx_utility_16_unsigned_write.o)
                0x18088250                _fx_utility_16_unsigned_write
 .text._fx_utility_32_unsigned_read
                0x18088260        0x8 C:\workspace\RZA1\rza1h_azure_gcc\updated\filex\Debug\libfilex.a(fx_utility_32_unsigned_read.o)
                0x18088260                _fx_utility_32_unsigned_read
 .text._fx_utility_32_unsigned_write
                0x18088268       0x20 C:\workspace\RZA1\rza1h_azure_gcc\updated\filex\Debug\libfilex.a(fx_utility_32_unsigned_write.o)
                0x18088268                _fx_utility_32_unsigned_write
 .text._fx_utility_FAT_entry_read
                0x18088288      0x404 C:\workspace\RZA1\rza1h_azure_gcc\updated\filex\Debug\libfilex.a(fx_utility_FAT_entry_read.o)
                0x18088288                _fx_utility_FAT_entry_read
 .text._fx_utility_FAT_entry_write
                0x1808868c      0x1d8 C:\workspace\RZA1\rza1h_azure_gcc\updated\filex\Debug\libfilex.a(fx_utility_FAT_entry_write.o)
                0x1808868c                _fx_utility_FAT_entry_write
 .text._fx_utility_FAT_flush
                0x18088864      0x4fc C:\workspace\RZA1\rza1h_azure_gcc\updated\filex\Debug\libfilex.a(fx_utility_FAT_flush.o)
                0x18088864                _fx_utility_FAT_flush
 .text._fx_utility_FAT_map_flush
                0x18088d60      0x15c C:\workspace\RZA1\rza1h_azure_gcc\updated\filex\Debug\libfilex.a(fx_utility_FAT_map_flush.o)
                0x18088d60                _fx_utility_FAT_map_flush
 .text._fx_utility_logical_sector_flush
                0x18088ebc      0x570 C:\workspace\RZA1\rza1h_azure_gcc\updated\filex\Debug\libfilex.a(fx_utility_logical_sector_flush.o)
                0x18088ebc                _fx_utility_logical_sector_flush
 .text._fx_utility_logical_sector_read
                0x1808942c      0x474 C:\workspace\RZA1\rza1h_azure_gcc\updated\filex\Debug\libfilex.a(fx_utility_logical_sector_read.o)
                0x1808942c                _fx_utility_logical_sector_read
 .text._fx_utility_logical_sector_write
                0x180898a0      0x2b8 C:\workspace\RZA1\rza1h_azure_gcc\updated\filex\Debug\libfilex.a(fx_utility_logical_sector_write.o)
                0x180898a0                _fx_utility_logical_sector_write
 .text._fx_directory_entry_write
                0x18089b58     0x1284 C:\workspace\RZA1\rza1h_azure_gcc\updated\filex\Debug\libfilex.a(fx_directory_entry_write.o)
                0x18089b58                _fx_directory_entry_write
 .text._fx_directory_free_search
                0x1808addc      0x758 C:\workspace\RZA1\rza1h_azure_gcc\updated\filex\Debug\libfilex.a(fx_directory_free_search.o)
                0x1808addc                _fx_directory_free_search
 .text._fx_directory_name_extract
                0x1808b534      0x104 C:\workspace\RZA1\rza1h_azure_gcc\updated\filex\Debug\libfilex.a(fx_directory_name_extract.o)
                0x1808b534                _fx_directory_name_extract
 .text._fx_directory_search
                0x1808b638      0x9d4 C:\workspace\RZA1\rza1h_azure_gcc\updated\filex\Debug\libfilex.a(fx_directory_search.o)
                0x1808b638                _fx_directory_search
 .text._fx_file_extended_seek
                0x1808c00c      0x3c8 C:\workspace\RZA1\rza1h_azure_gcc\updated\filex\Debug\libfilex.a(fx_file_extended_seek.o)
                0x1808c00c                _fx_file_extended_seek
 .text._fx_media_abort
                0x1808c3d4      0x110 C:\workspace\RZA1\rza1h_azure_gcc\updated\filex\Debug\libfilex.a(fx_media_abort.o)
                0x1808c3d4                _fx_media_abort
 .text._fx_media_boot_info_extract
                0x1808c4e4      0x108 C:\workspace\RZA1\rza1h_azure_gcc\updated\filex\Debug\libfilex.a(fx_media_boot_info_extract.o)
                0x1808c4e4                _fx_media_boot_info_extract
 .text._fx_utility_logical_sector_cache_entry_read
                0x1808c5ec      0x3e0 C:\workspace\RZA1\rza1h_azure_gcc\updated\filex\Debug\libfilex.a(fx_utility_logical_sector_cache_entry_read.o)
                0x1808c5ec                _fx_utility_logical_sector_cache_entry_read
 .text._fx_directory_entry_read
                0x1808c9cc      0x9f0 C:\workspace\RZA1\rza1h_azure_gcc\updated\filex\Debug\libfilex.a(fx_directory_entry_read.o)
                0x1808c9cc                _fx_directory_entry_read
 .text.R_INTC_InterruptHandler
                0x1808d3bc       0xf8 C:\workspace\RZA1\rza1h_azure_gcc\updated\rz_bsp\Debug\librz_bsp.a(r_intc_handler.o)
                0x1808d3bc                R_INTC_InterruptHandler
 .text.R_INTC_FiqHandler
                0x1808d4b4       0x14 C:\workspace\RZA1\rza1h_azure_gcc\updated\rz_bsp\Debug\librz_bsp.a(r_intc_handler.o)
                0x1808d4b4                R_INTC_FiqHandler
 .text.__enable_irq
                0x1808d4c8       0x1c C:\workspace\RZA1\rza1h_azure_gcc\updated\rz_bsp\Debug\librz_bsp.a(exclusion_func.o)
                0x1808d4c8                __enable_irq
 .text.__disable_irq
                0x1808d4e4       0x30 C:\workspace\RZA1\rza1h_azure_gcc\updated\rz_bsp\Debug\librz_bsp.a(exclusion_func.o)
                0x1808d4e4                __disable_irq
 .text.userdef_intc_regist_int_func
                0x1808d514       0x3c C:\workspace\RZA1\rza1h_azure_gcc\updated\rz_bsp\Debug\librz_bsp.a(intc_userdef.o)
                0x1808d514                userdef_intc_regist_int_func
 .text.userdef_intc_undef_id
                0x1808d550       0x1c C:\workspace\RZA1\rza1h_azure_gcc\updated\rz_bsp\Debug\librz_bsp.a(intc_userdef.o)
                0x1808d550                userdef_intc_undef_id
 .text.userdef_intc_handler_exe
                0x1808d56c       0x7c C:\workspace\RZA1\rza1h_azure_gcc\updated\rz_bsp\Debug\librz_bsp.a(intc_userdef.o)
                0x1808d56c                userdef_intc_handler_exe
 .text.userdef_fiq_handler_exe
                0x1808d5e8       0xac C:\workspace\RZA1\rza1h_azure_gcc\updated\rz_bsp\Debug\librz_bsp.a(intc_userdef.o)
                0x1808d5e8                userdef_fiq_handler_exe
 .text.userdef_intc_dummy_interrupt
                0x1808d694       0x20 C:\workspace\RZA1\rza1h_azure_gcc\updated\rz_bsp\Debug\librz_bsp.a(intc_userdef.o)
 .text.R_COMPILER_Nop
                0x1808d6b4       0x1c C:\workspace\RZA1\rza1h_azure_gcc\updated\rz_bsp\Debug\librz_bsp.a(r_os_abstraction_azure.o)
                0x1808d6b4                R_COMPILER_Nop
 .text.R_OS_InitMemManager
                0x1808d6d0       0x58 C:\workspace\RZA1\rza1h_azure_gcc\updated\rz_bsp\Debug\librz_bsp.a(r_os_abstraction_azure.o)
                0x1808d6d0                R_OS_InitMemManager
 .text.R_OS_InitKernel
                0x1808d728       0x18 C:\workspace\RZA1\rza1h_azure_gcc\updated\rz_bsp\Debug\librz_bsp.a(r_os_abstraction_azure.o)
                0x1808d728                R_OS_InitKernel
 .text.R_OS_TaskSleep
                0x1808d740       0x24 C:\workspace\RZA1\rza1h_azure_gcc\updated\rz_bsp\Debug\librz_bsp.a(r_os_abstraction_azure.o)
                0x1808d740                R_OS_TaskSleep
 .text.R_OS_Yield
                0x1808d764       0x14 C:\workspace\RZA1\rza1h_azure_gcc\updated\rz_bsp\Debug\librz_bsp.a(r_os_abstraction_azure.o)
                0x1808d764                R_OS_Yield
 .text.R_OS_SuspendAllTasks
                0x1808d778       0x18 C:\workspace\RZA1\rza1h_azure_gcc\updated\rz_bsp\Debug\librz_bsp.a(r_os_abstraction_azure.o)
                0x1808d778                R_OS_SuspendAllTasks
 .text.R_OS_ResumeAllTasks
                0x1808d790       0x18 C:\workspace\RZA1\rza1h_azure_gcc\updated\rz_bsp\Debug\librz_bsp.a(r_os_abstraction_azure.o)
                0x1808d790                R_OS_ResumeAllTasks
 .text.R_OS_SysLock
                0x1808d7a8       0x34 C:\workspace\RZA1\rza1h_azure_gcc\updated\rz_bsp\Debug\librz_bsp.a(r_os_abstraction_azure.o)
                0x1808d7a8                R_OS_SysLock
 .text.R_OS_SysUnlock
                0x1808d7dc       0x2c C:\workspace\RZA1\rza1h_azure_gcc\updated\rz_bsp\Debug\librz_bsp.a(r_os_abstraction_azure.o)
                0x1808d7dc                R_OS_SysUnlock
 .text.R_OS_SysWaitAccess
                0x1808d808       0x18 C:\workspace\RZA1\rza1h_azure_gcc\updated\rz_bsp\Debug\librz_bsp.a(r_os_abstraction_azure.o)
                0x1808d808                R_OS_SysWaitAccess
 .text.R_OS_SysReleaseAccess
                0x1808d820       0x18 C:\workspace\RZA1\rza1h_azure_gcc\updated\rz_bsp\Debug\librz_bsp.a(r_os_abstraction_azure.o)
                0x1808d820                R_OS_SysReleaseAccess
 .text.R_OS_AllocMem
                0x1808d838       0x50 C:\workspace\RZA1\rza1h_azure_gcc\updated\rz_bsp\Debug\librz_bsp.a(r_os_abstraction_azure.o)
                0x1808d838                R_OS_AllocMem
 .text.R_OS_FreeMem
                0x1808d888       0x24 C:\workspace\RZA1\rza1h_azure_gcc\updated\rz_bsp\Debug\librz_bsp.a(r_os_abstraction_azure.o)
                0x1808d888                R_OS_FreeMem
 .text.R_OS_CreateSemaphore
                0x1808d8ac       0x58 C:\workspace\RZA1\rza1h_azure_gcc\updated\rz_bsp\Debug\librz_bsp.a(r_os_abstraction_azure.o)
                0x1808d8ac                R_OS_CreateSemaphore
 .text.R_OS_DeleteSemaphore
                0x1808d904       0x24 C:\workspace\RZA1\rza1h_azure_gcc\updated\rz_bsp\Debug\librz_bsp.a(r_os_abstraction_azure.o)
                0x1808d904                R_OS_DeleteSemaphore
 .text.R_OS_WaitForSemaphore
                0x1808d928       0x4c C:\workspace\RZA1\rza1h_azure_gcc\updated\rz_bsp\Debug\librz_bsp.a(r_os_abstraction_azure.o)
                0x1808d928                R_OS_WaitForSemaphore
 .text.R_OS_ReleaseSemaphore
                0x1808d974       0x44 C:\workspace\RZA1\rza1h_azure_gcc\updated\rz_bsp\Debug\librz_bsp.a(r_os_abstraction_azure.o)
                0x1808d974                R_OS_ReleaseSemaphore
 .text.R_OS_CreateMutex
                0x1808d9b8       0x80 C:\workspace\RZA1\rza1h_azure_gcc\updated\rz_bsp\Debug\librz_bsp.a(r_os_abstraction_azure.o)
                0x1808d9b8                R_OS_CreateMutex
 .text.R_OS_DeleteMutex
                0x1808da38       0x24 C:\workspace\RZA1\rza1h_azure_gcc\updated\rz_bsp\Debug\librz_bsp.a(r_os_abstraction_azure.o)
                0x1808da38                R_OS_DeleteMutex
 .text.R_OS_AcquireMutex
                0x1808da5c       0x48 C:\workspace\RZA1\rza1h_azure_gcc\updated\rz_bsp\Debug\librz_bsp.a(r_os_abstraction_azure.o)
                0x1808da5c                R_OS_AcquireMutex
 .text.R_OS_ReleaseMutex
                0x1808daa4       0x44 C:\workspace\RZA1\rza1h_azure_gcc\updated\rz_bsp\Debug\librz_bsp.a(r_os_abstraction_azure.o)
                0x1808daa4                R_OS_ReleaseMutex
 .text.R_OS_EventWaitMutex
                0x1808dae8       0xf0 C:\workspace\RZA1\rza1h_azure_gcc\updated\rz_bsp\Debug\librz_bsp.a(r_os_abstraction_azure.o)
                0x1808dae8                R_OS_EventWaitMutex
 .text.R_OS_EventReleaseMutex
                0x1808dbd8       0x40 C:\workspace\RZA1\rza1h_azure_gcc\updated\rz_bsp\Debug\librz_bsp.a(r_os_abstraction_azure.o)
                0x1808dbd8                R_OS_EventReleaseMutex
 .text.R_OS_CreateEvent
                0x1808dc18       0x98 C:\workspace\RZA1\rza1h_azure_gcc\updated\rz_bsp\Debug\librz_bsp.a(r_os_abstraction_azure.o)
                0x1808dc18                R_OS_CreateEvent
 .text.R_OS_DeleteEvent
                0x1808dcb0       0x24 C:\workspace\RZA1\rza1h_azure_gcc\updated\rz_bsp\Debug\librz_bsp.a(r_os_abstraction_azure.o)
                0x1808dcb0                R_OS_DeleteEvent
 .text.R_OS_SetEvent
                0x1808dcd4       0x4c C:\workspace\RZA1\rza1h_azure_gcc\updated\rz_bsp\Debug\librz_bsp.a(r_os_abstraction_azure.o)
                0x1808dcd4                R_OS_SetEvent
 .text.R_OS_WaitForEvent
                0x1808dd20       0x94 C:\workspace\RZA1\rza1h_azure_gcc\updated\rz_bsp\Debug\librz_bsp.a(r_os_abstraction_azure.o)
                0x1808dd20                R_OS_WaitForEvent
 .text.R_INIT_PeripheralBasic
                0x1808ddb4       0x14 C:\workspace\RZA1\rza1h_azure_gcc\updated\rz_bsp\Debug\librz_bsp.a(peripheral_init_basic.o)
                0x1808ddb4                R_INIT_PeripheralBasic
 .text.cpg_init
                0x1808ddc8       0x7c C:\workspace\RZA1\rza1h_azure_gcc\updated\rz_bsp\Debug\librz_bsp.a(peripheral_init_basic.o)
 .text.resetprg
                0x1808de44       0x5c C:\workspace\RZA1\rza1h_azure_gcc\updated\rz_bsp\Debug\librz_bsp.a(resetprg.o)
                0x1808de44                resetprg
 .text.stb_init
                0x1808dea0      0x1d8 C:\workspace\RZA1\rza1h_azure_gcc\updated\rz_bsp\Debug\librz_bsp.a(stb_init.o)
                0x1808dea0                stb_init
 .text.matchslot
                0x1808e078      0x104 C:\workspace\RZA1\rza1h_azure_gcc\updated\rz_bsp\Debug\librz_bsp.a(syscalls.o)
 .text.newslot  0x1808e17c      0x108 C:\workspace\RZA1\rza1h_azure_gcc\updated\rz_bsp\Debug\librz_bsp.a(syscalls.o)
 .text.get_errno
                0x1808e284       0x20 C:\workspace\RZA1\rza1h_azure_gcc\updated\rz_bsp\Debug\librz_bsp.a(syscalls.o)
 .text.error    0x1808e2a4       0x34 C:\workspace\RZA1\rza1h_azure_gcc\updated\rz_bsp\Debug\librz_bsp.a(syscalls.o)
 .text.wrap     0x1808e2d8       0x3c C:\workspace\RZA1\rza1h_azure_gcc\updated\rz_bsp\Debug\librz_bsp.a(syscalls.o)
 .text._read    0x1808e314       0x44 C:\workspace\RZA1\rza1h_azure_gcc\updated\rz_bsp\Debug\librz_bsp.a(syscalls.o)
                0x1808e314                _read
 .text._swilseek
                0x1808e358      0x164 C:\workspace\RZA1\rza1h_azure_gcc\updated\rz_bsp\Debug\librz_bsp.a(syscalls.o)
                0x1808e358                _swilseek
 .text._lseek   0x1808e4bc       0x44 C:\workspace\RZA1\rza1h_azure_gcc\updated\rz_bsp\Debug\librz_bsp.a(syscalls.o)
                0x1808e4bc                _lseek
 .text._write   0x1808e500       0x3c C:\workspace\RZA1\rza1h_azure_gcc\updated\rz_bsp\Debug\librz_bsp.a(syscalls.o)
                0x1808e500                _write
 .text._swiopen
                0x1808e53c      0x26c C:\workspace\RZA1\rza1h_azure_gcc\updated\rz_bsp\Debug\librz_bsp.a(syscalls.o)
                0x1808e53c                _swiopen
 .text._open    0x1808e7a8       0x44 C:\workspace\RZA1\rza1h_azure_gcc\updated\rz_bsp\Debug\librz_bsp.a(syscalls.o)
                0x1808e7a8                _open
 .text._swiclose
                0x1808e7ec       0x2c C:\workspace\RZA1\rza1h_azure_gcc\updated\rz_bsp\Debug\librz_bsp.a(syscalls.o)
                0x1808e7ec                _swiclose
 .text._close   0x1808e818       0x6c C:\workspace\RZA1\rza1h_azure_gcc\updated\rz_bsp\Debug\librz_bsp.a(syscalls.o)
                0x1808e818                _close
 .text._sbrk    0x1808e884       0xb0 C:\workspace\RZA1\rza1h_azure_gcc\updated\rz_bsp\Debug\librz_bsp.a(syscalls.o)
                0x1808e884                _sbrk
 .text._fstat   0x1808e934       0x4c C:\workspace\RZA1\rza1h_azure_gcc\updated\rz_bsp\Debug\librz_bsp.a(syscalls.o)
                0x1808e934                _fstat
 .text._stat    0x1808e980       0x18 C:\workspace\RZA1\rza1h_azure_gcc\updated\rz_bsp\Debug\librz_bsp.a(syscalls.o)
                0x1808e980                _stat
 .text._isatty  0x1808e998       0x34 C:\workspace\RZA1\rza1h_azure_gcc\updated\rz_bsp\Debug\librz_bsp.a(syscalls.o)
                0x1808e998                _isatty
 .text.init_gs_mount_table
                0x1808e9cc       0x18 C:\workspace\RZA1\rza1h_azure_gcc\updated\rz_bsp\Debug\librz_bsp.a(r_devlink_wrapper.o)
 .text.R_DEVLINK_DevGetFromList
                0x1808e9e4       0x94 C:\workspace\RZA1\rza1h_azure_gcc\updated\rz_bsp\Debug\librz_bsp.a(r_devlink_wrapper.o)
 .text.get_first_free_direct_handle
                0x1808ea78       0x90 C:\workspace\RZA1\rza1h_azure_gcc\updated\rz_bsp\Debug\librz_bsp.a(r_devlink_wrapper.o)
 .text.get_first_free_call_stdio_handle
                0x1808eb08       0x90 C:\workspace\RZA1\rza1h_azure_gcc\updated\rz_bsp\Debug\librz_bsp.a(r_devlink_wrapper.o)
 .text.dev_get_class_device
                0x1808eb98       0xe4 C:\workspace\RZA1\rza1h_azure_gcc\updated\rz_bsp\Debug\librz_bsp.a(r_devlink_wrapper.o)
 .text.check_open
                0x1808ec7c       0xc4 C:\workspace\RZA1\rza1h_azure_gcc\updated\rz_bsp\Debug\librz_bsp.a(r_devlink_wrapper.o)
 .text.dev_get_pointer
                0x1808ed40      0x1ec C:\workspace\RZA1\rza1h_azure_gcc\updated\rz_bsp\Debug\librz_bsp.a(r_devlink_wrapper.o)
 .text.get_device_name
                0x1808ef2c       0x60 C:\workspace\RZA1\rza1h_azure_gcc\updated\rz_bsp\Debug\librz_bsp.a(r_devlink_wrapper.o)
 .text.get_device_stream_from_handle
                0x1808ef8c       0x9c C:\workspace\RZA1\rza1h_azure_gcc\updated\rz_bsp\Debug\librz_bsp.a(r_devlink_wrapper.o)
 .text.check_valid_handle
                0x1808f028       0x7c C:\workspace\RZA1\rza1h_azure_gcc\updated\rz_bsp\Debug\librz_bsp.a(r_devlink_wrapper.o)
 .text.no_dev_open
                0x1808f0a4       0x24 C:\workspace\RZA1\rza1h_azure_gcc\updated\rz_bsp\Debug\librz_bsp.a(r_devlink_wrapper.o)
                0x1808f0a4                no_dev_open
 .text.no_dev_close
                0x1808f0c8       0x20 C:\workspace\RZA1\rza1h_azure_gcc\updated\rz_bsp\Debug\librz_bsp.a(r_devlink_wrapper.o)
                0x1808f0c8                no_dev_close
 .text.no_dev_io
                0x1808f0e8       0x2c C:\workspace\RZA1\rza1h_azure_gcc\updated\rz_bsp\Debug\librz_bsp.a(r_devlink_wrapper.o)
                0x1808f0e8                no_dev_io
 .text.no_dev_read
                0x1808f114       0x2c C:\workspace\RZA1\rza1h_azure_gcc\updated\rz_bsp\Debug\librz_bsp.a(r_devlink_wrapper.o)
                0x1808f114                no_dev_read
 .text.no_dev_write
                0x1808f140       0x2c C:\workspace\RZA1\rza1h_azure_gcc\updated\rz_bsp\Debug\librz_bsp.a(r_devlink_wrapper.o)
                0x1808f140                no_dev_write
 .text.no_dev_control
                0x1808f16c       0x2c C:\workspace\RZA1\rza1h_azure_gcc\updated\rz_bsp\Debug\librz_bsp.a(r_devlink_wrapper.o)
                0x1808f16c                no_dev_control
 .text.no_dev_get_version
                0x1808f198       0x28 C:\workspace\RZA1\rza1h_azure_gcc\updated\rz_bsp\Debug\librz_bsp.a(r_devlink_wrapper.o)
                0x1808f198                no_dev_get_version
 .text.direct_open
                0x1808f1c0      0x2fc C:\workspace\RZA1\rza1h_azure_gcc\updated\rz_bsp\Debug\librz_bsp.a(r_devlink_wrapper.o)
                0x1808f1c0                direct_open
 .text.direct_close
                0x1808f4bc       0xf8 C:\workspace\RZA1\rza1h_azure_gcc\updated\rz_bsp\Debug\librz_bsp.a(r_devlink_wrapper.o)
                0x1808f4bc                direct_close
 .text.direct_read
                0x1808f5b4       0xf4 C:\workspace\RZA1\rza1h_azure_gcc\updated\rz_bsp\Debug\librz_bsp.a(r_devlink_wrapper.o)
                0x1808f5b4                direct_read
 .text.direct_write
                0x1808f6a8       0xd4 C:\workspace\RZA1\rza1h_azure_gcc\updated\rz_bsp\Debug\librz_bsp.a(r_devlink_wrapper.o)
                0x1808f6a8                direct_write
 .text.direct_control
                0x1808f77c       0xc0 C:\workspace\RZA1\rza1h_azure_gcc\updated\rz_bsp\Debug\librz_bsp.a(r_devlink_wrapper.o)
                0x1808f77c                direct_control
 .text.dev_init_dynamic_list
                0x1808f83c       0x28 C:\workspace\RZA1\rza1h_azure_gcc\updated\rz_bsp\Debug\librz_bsp.a(r_devlink_wrapper.o)
 .text.low_open
                0x1808f864      0x3b0 C:\workspace\RZA1\rza1h_azure_gcc\updated\rz_bsp\Debug\librz_bsp.a(r_devlink_wrapper.o)
                0x1808f864                low_open
 .text.low_close
                0x1808fc14       0x28 C:\workspace\RZA1\rza1h_azure_gcc\updated\rz_bsp\Debug\librz_bsp.a(r_devlink_wrapper.o)
                0x1808fc14                low_close
 .text.low_read
                0x1808fc3c       0x38 C:\workspace\RZA1\rza1h_azure_gcc\updated\rz_bsp\Debug\librz_bsp.a(r_devlink_wrapper.o)
                0x1808fc3c                low_read
 .text.low_write
                0x1808fc74       0x38 C:\workspace\RZA1\rza1h_azure_gcc\updated\rz_bsp\Debug\librz_bsp.a(r_devlink_wrapper.o)
                0x1808fc74                low_write
 .text.control  0x1808fcac       0x38 C:\workspace\RZA1\rza1h_azure_gcc\updated\rz_bsp\Debug\librz_bsp.a(r_devlink_wrapper.o)
                0x1808fcac                control
 .text.low_lseek
                0x1808fce4       0xfc C:\workspace\RZA1\rza1h_azure_gcc\updated\rz_bsp\Debug\librz_bsp.a(r_devlink_wrapper.o)
                0x1808fce4                low_lseek
 .text.R_DEVLINK_Init
                0x1808fde0       0x2c C:\workspace\RZA1\rza1h_azure_gcc\updated\rz_bsp\Debug\librz_bsp.a(r_devlink_wrapper.o)
                0x1808fde0                R_DEVLINK_Init
 .text.tx_timer_config
                0x1808fe0c       0xe0 C:\workspace\RZA1\rza1h_azure_gcc\updated\rz_bsp\Debug\librz_bsp.a(tx_timer_config.o)
                0x1808fe0c                tx_timer_config
 .text.wdt_open
                0x1808feec       0x24 C:\workspace\RZA1\rza1h_azure_gcc\updated\rz_bsp\Debug\librz_bsp.a(r_wdt_drv_api.o)
 .text.wdt_close
                0x1808ff10       0x20 C:\workspace\RZA1\rza1h_azure_gcc\updated\rz_bsp\Debug\librz_bsp.a(r_wdt_drv_api.o)
 .text.wdt_control
                0x1808ff30       0xc8 C:\workspace\RZA1\rza1h_azure_gcc\updated\rz_bsp\Debug\librz_bsp.a(r_wdt_drv_api.o)
 .text.wdt_get_version
                0x1808fff8       0x5c C:\workspace\RZA1\rza1h_azure_gcc\updated\rz_bsp\Debug\librz_bsp.a(r_wdt_drv_api.o)
 .text.scif_open
                0x18090054      0x1d8 C:\workspace\RZA1\rza1h_azure_gcc\updated\rz_bsp\Debug\librz_bsp.a(r_sci_drv_api.o)
 .text.scif_close
                0x1809022c       0xb0 C:\workspace\RZA1\rza1h_azure_gcc\updated\rz_bsp\Debug\librz_bsp.a(r_sci_drv_api.o)
 .text.scif_read
                0x180902dc       0x64 C:\workspace\RZA1\rza1h_azure_gcc\updated\rz_bsp\Debug\librz_bsp.a(r_sci_drv_api.o)
 .text.scif_write
                0x18090340       0x68 C:\workspace\RZA1\rza1h_azure_gcc\updated\rz_bsp\Debug\librz_bsp.a(r_sci_drv_api.o)
 .text.scif_control
                0x180903a8      0x104 C:\workspace\RZA1\rza1h_azure_gcc\updated\rz_bsp\Debug\librz_bsp.a(r_sci_drv_api.o)
 .text.scif_get_version
                0x180904ac       0x5c C:\workspace\RZA1\rza1h_azure_gcc\updated\rz_bsp\Debug\librz_bsp.a(r_sci_drv_api.o)
 .text.sciSetIRQ
                0x18090508       0x70 C:\workspace\RZA1\rza1h_azure_gcc\updated\rz_bsp\Debug\librz_bsp.a(r_sci_drv_api.o)
 .text.INT_SCIF_BRI
                0x18090578       0x1c C:\workspace\RZA1\rza1h_azure_gcc\updated\rz_bsp\Debug\librz_bsp.a(r_sci_drv_api.o)
 .text.INT_SCIF_ERI
                0x18090594       0x1c C:\workspace\RZA1\rza1h_azure_gcc\updated\rz_bsp\Debug\librz_bsp.a(r_sci_drv_api.o)
 .text.INT_SCIF_RXI
                0x180905b0       0x1c C:\workspace\RZA1\rza1h_azure_gcc\updated\rz_bsp\Debug\librz_bsp.a(r_sci_drv_api.o)
 .text.INT_SCIF_TXI
                0x180905cc       0x1c C:\workspace\RZA1\rza1h_azure_gcc\updated\rz_bsp\Debug\librz_bsp.a(r_sci_drv_api.o)
 .text.rtc_open
                0x180905e8      0x160 C:\workspace\RZA1\rza1h_azure_gcc\updated\rz_bsp\Debug\librz_bsp.a(r_rtc_drv_api.o)
 .text.rtc_close
                0x18090748       0x20 C:\workspace\RZA1\rza1h_azure_gcc\updated\rz_bsp\Debug\librz_bsp.a(r_rtc_drv_api.o)
 .text.rtc_control
                0x18090768       0xac C:\workspace\RZA1\rza1h_azure_gcc\updated\rz_bsp\Debug\librz_bsp.a(r_rtc_drv_api.o)
 .text.rtc_get_version
                0x18090814       0x60 C:\workspace\RZA1\rza1h_azure_gcc\updated\rz_bsp\Debug\librz_bsp.a(r_rtc_drv_api.o)
 .text.rtc_calc_week_day
                0x18090874       0xf4 C:\workspace\RZA1\rza1h_azure_gcc\updated\rz_bsp\Debug\librz_bsp.a(r_rtc_drv_api.o)
 .text.rtc_get_date
                0x18090968      0x264 C:\workspace\RZA1\rza1h_azure_gcc\updated\rz_bsp\Debug\librz_bsp.a(r_rtc_drv_api.o)
 .text.rtc_set_date
                0x18090bcc       0xc4 C:\workspace\RZA1\rza1h_azure_gcc\updated\rz_bsp\Debug\librz_bsp.a(r_rtc_drv_api.o)
 .text.led_open
                0x18090c90       0x84 C:\workspace\RZA1\rza1h_azure_gcc\updated\rz_bsp\Debug\librz_bsp.a(r_led_drv_api.o)
 .text.led_close
                0x18090d14       0x78 C:\workspace\RZA1\rza1h_azure_gcc\updated\rz_bsp\Debug\librz_bsp.a(r_led_drv_api.o)
 .text.led_read
                0x18090d8c       0x2c C:\workspace\RZA1\rza1h_azure_gcc\updated\rz_bsp\Debug\librz_bsp.a(r_led_drv_api.o)
 .text.led_control
                0x18090db8      0x204 C:\workspace\RZA1\rza1h_azure_gcc\updated\rz_bsp\Debug\librz_bsp.a(r_led_drv_api.o)
 .text.led_get_version
                0x18090fbc       0x60 C:\workspace\RZA1\rza1h_azure_gcc\updated\rz_bsp\Debug\librz_bsp.a(r_led_drv_api.o)
 .text.R_LED_InitialiseHwIf
                0x1809101c       0xdc C:\workspace\RZA1\rza1h_azure_gcc\updated\rz_bsp\Debug\librz_bsp.a(r_sitrza1h_led_lld.o)
                0x1809101c                R_LED_InitialiseHwIf
 .text.R_LED_Update
                0x180910f8       0xf0 C:\workspace\RZA1\rza1h_azure_gcc\updated\rz_bsp\Debug\librz_bsp.a(r_sitrza1h_led_lld.o)
                0x180910f8                R_LED_Update
 .text.R_LED_GetVersion
                0x180911e8       0x58 C:\workspace\RZA1\rza1h_azure_gcc\updated\rz_bsp\Debug\librz_bsp.a(r_sitrza1h_led_lld.o)
                0x180911e8                R_LED_GetVersion
 .text.R_LED_InitPortExpander
                0x18091240       0x48 C:\workspace\RZA1\rza1h_azure_gcc\updated\rz_bsp\Debug\librz_bsp.a(r_sitrza1h_led_lld.o)
 .text.iic_hld_open
                0x18091288       0x5c C:\workspace\RZA1\rza1h_azure_gcc\updated\rz_bsp\Debug\librz_bsp.a(r_riic_drv_api.o)
 .text.iic_hld_close
                0x180912e4       0x60 C:\workspace\RZA1\rza1h_azure_gcc\updated\rz_bsp\Debug\librz_bsp.a(r_riic_drv_api.o)
 .text.iic_hld_control
                0x18091344      0x210 C:\workspace\RZA1\rza1h_azure_gcc\updated\rz_bsp\Debug\librz_bsp.a(r_riic_drv_api.o)
 .text.iic_hld_get_version
                0x18091554       0x60 C:\workspace\RZA1\rza1h_azure_gcc\updated\rz_bsp\Debug\librz_bsp.a(r_riic_drv_api.o)
 .text.riic_get_channel
                0x180915b4       0x98 C:\workspace\RZA1\rza1h_azure_gcc\updated\rz_bsp\Debug\librz_bsp.a(r_riic_drv_api.o)
 .text.open_channel
                0x1809164c      0x13c C:\workspace\RZA1\rza1h_azure_gcc\updated\rz_bsp\Debug\librz_bsp.a(r_riic_hld_prv.o)
                0x1809164c                open_channel
 .text.close_channel
                0x18091788       0xbc C:\workspace\RZA1\rza1h_azure_gcc\updated\rz_bsp\Debug\librz_bsp.a(r_riic_hld_prv.o)
                0x18091788                close_channel
 .text.validate_channel
                0x18091844       0x4c C:\workspace\RZA1\rza1h_azure_gcc\updated\rz_bsp\Debug\librz_bsp.a(r_riic_hld_prv.o)
 .text.riic_single_write
                0x18091890       0x90 C:\workspace\RZA1\rza1h_azure_gcc\updated\rz_bsp\Debug\librz_bsp.a(r_riic_hld_prv.o)
 .text.riic_write
                0x18091920      0x100 C:\workspace\RZA1\rza1h_azure_gcc\updated\rz_bsp\Debug\librz_bsp.a(r_riic_hld_prv.o)
 .text.riic_read
                0x18091a20      0x1dc C:\workspace\RZA1\rza1h_azure_gcc\updated\rz_bsp\Debug\librz_bsp.a(r_riic_hld_prv.o)
 .text.riic_receive
                0x18091bfc       0xe0 C:\workspace\RZA1\rza1h_azure_gcc\updated\rz_bsp\Debug\librz_bsp.a(r_riic_hld_prv.o)
 .text.riic_transmit
                0x18091cdc       0xa4 C:\workspace\RZA1\rza1h_azure_gcc\updated\rz_bsp\Debug\librz_bsp.a(r_riic_hld_prv.o)
 .text.transmit_start
                0x18091d80       0x8c C:\workspace\RZA1\rza1h_azure_gcc\updated\rz_bsp\Debug\librz_bsp.a(r_riic_hld_prv.o)
 .text.transmit_restart
                0x18091e0c       0x8c C:\workspace\RZA1\rza1h_azure_gcc\updated\rz_bsp\Debug\librz_bsp.a(r_riic_hld_prv.o)
 .text.read_data
                0x18091e98      0x140 C:\workspace\RZA1\rza1h_azure_gcc\updated\rz_bsp\Debug\librz_bsp.a(r_riic_hld_prv.o)
                0x18091e98                read_data
 .text.read_next_data
                0x18091fd8       0xe4 C:\workspace\RZA1\rza1h_azure_gcc\updated\rz_bsp\Debug\librz_bsp.a(r_riic_hld_prv.o)
                0x18091fd8                read_next_data
 .text.write_data
                0x180920bc      0x108 C:\workspace\RZA1\rza1h_azure_gcc\updated\rz_bsp\Debug\librz_bsp.a(r_riic_hld_prv.o)
                0x180920bc                write_data
 .text.wait_tx_end
                0x180921c4       0xec C:\workspace\RZA1\rza1h_azure_gcc\updated\rz_bsp\Debug\librz_bsp.a(r_riic_hld_prv.o)
 .text.wait_rx_full
                0x180922b0       0x94 C:\workspace\RZA1\rza1h_azure_gcc\updated\rz_bsp\Debug\librz_bsp.a(r_riic_hld_prv.o)
 .text.wait_tx_empty
                0x18092344       0x94 C:\workspace\RZA1\rza1h_azure_gcc\updated\rz_bsp\Debug\librz_bsp.a(r_riic_hld_prv.o)
 .text.wait_bus_master
                0x180923d8       0xd0 C:\workspace\RZA1\rza1h_azure_gcc\updated\rz_bsp\Debug\librz_bsp.a(r_riic_hld_prv.o)
 .text.wait_stop
                0x180924a8       0x84 C:\workspace\RZA1\rza1h_azure_gcc\updated\rz_bsp\Debug\librz_bsp.a(r_riic_hld_prv.o)
 .text.r_riic_lld_set_rx_full
                0x1809252c       0x38 C:\workspace\RZA1\rza1h_azure_gcc\updated\rz_bsp\Debug\librz_bsp.a(r_riic_hld_prv.o)
                0x1809252c                r_riic_lld_set_rx_full
 .text.r_riic_lld_set_tx_empty
                0x18092564       0x38 C:\workspace\RZA1\rza1h_azure_gcc\updated\rz_bsp\Debug\librz_bsp.a(r_riic_hld_prv.o)
                0x18092564                r_riic_lld_set_tx_empty
 .text.r_riic_lld_set_tx_end
                0x1809259c       0x38 C:\workspace\RZA1\rza1h_azure_gcc\updated\rz_bsp\Debug\librz_bsp.a(r_riic_hld_prv.o)
                0x1809259c                r_riic_lld_set_tx_end
 .text.romOpen  0x180925d4       0x88 C:\workspace\RZA1\rza1h_azure_gcc\updated\rz_bsp\Debug\librz_bsp.a(r_eeprom_drv_api.o)
 .text.romClose
                0x1809265c       0x54 C:\workspace\RZA1\rza1h_azure_gcc\updated\rz_bsp\Debug\librz_bsp.a(r_eeprom_drv_api.o)
 .text.romRead  0x180926b0       0xac C:\workspace\RZA1\rza1h_azure_gcc\updated\rz_bsp\Debug\librz_bsp.a(r_eeprom_drv_api.o)
 .text.romWrite
                0x1809275c       0xa4 C:\workspace\RZA1\rza1h_azure_gcc\updated\rz_bsp\Debug\librz_bsp.a(r_eeprom_drv_api.o)
 .text.romControl
                0x18092800      0x184 C:\workspace\RZA1\rza1h_azure_gcc\updated\rz_bsp\Debug\librz_bsp.a(r_eeprom_drv_api.o)
 .text.romGetVersion
                0x18092984       0x5c C:\workspace\RZA1\rza1h_azure_gcc\updated\rz_bsp\Debug\librz_bsp.a(r_eeprom_drv_api.o)
 .text.eeprom_write
                0x180929e0      0x1b8 C:\workspace\RZA1\rza1h_azure_gcc\updated\rz_bsp\Debug\librz_bsp.a(r_eeprom_drv_api.o)
 .text.eeprom_read
                0x18092b98      0x118 C:\workspace\RZA1\rza1h_azure_gcc\updated\rz_bsp\Debug\librz_bsp.a(r_eeprom_drv_api.o)
 .text.dmac_hld_open
                0x18092cb0      0x118 C:\workspace\RZA1\rza1h_azure_gcc\updated\rz_bsp\Debug\librz_bsp.a(r_dmac_drv_api.o)
 .text.dmac_get_channel
                0x18092dc8       0xa8 C:\workspace\RZA1\rza1h_azure_gcc\updated\rz_bsp\Debug\librz_bsp.a(r_dmac_drv_api.o)
 .text.dmac_hld_close
                0x18092e70       0xb0 C:\workspace\RZA1\rza1h_azure_gcc\updated\rz_bsp\Debug\librz_bsp.a(r_dmac_drv_api.o)
 .text.dmac_hld_control
                0x18092f20      0x32c C:\workspace\RZA1\rza1h_azure_gcc\updated\rz_bsp\Debug\librz_bsp.a(r_dmac_drv_api.o)
 .text.dmac_hld_get_version
                0x1809324c       0x68 C:\workspace\RZA1\rza1h_azure_gcc\updated\rz_bsp\Debug\librz_bsp.a(r_dmac_drv_api.o)
 .text.r_dmac_hld_prv_dma_init
                0x180932b4       0x1c C:\workspace\RZA1\rza1h_azure_gcc\updated\rz_bsp\Debug\librz_bsp.a(r_dmac_hld_prv.o)
                0x180932b4                r_dmac_hld_prv_dma_init
 .text.r_dmac_hld_prv_dma_enable
                0x180932d0       0x34 C:\workspace\RZA1\rza1h_azure_gcc\updated\rz_bsp\Debug\librz_bsp.a(r_dmac_hld_prv.o)
                0x180932d0                r_dmac_hld_prv_dma_enable
 .text.r_dmac_hld_prv_dma_disable
                0x18093304       0x38 C:\workspace\RZA1\rza1h_azure_gcc\updated\rz_bsp\Debug\librz_bsp.a(r_dmac_hld_prv.o)
                0x18093304                r_dmac_hld_prv_dma_disable
 .text.r_dmac_hld_prv_open
                0x1809333c       0x44 C:\workspace\RZA1\rza1h_azure_gcc\updated\rz_bsp\Debug\librz_bsp.a(r_dmac_hld_prv.o)
                0x1809333c                r_dmac_hld_prv_open
 .text.create_timer
                0x18093380       0x44 C:\workspace\RZA1\rza1h_azure_gcc\updated\rz_bsp\Debug\librz_bsp.a(r_ostm_drv_api.o)
 .text.destroy_timer
                0x180933c4       0x88 C:\workspace\RZA1\rza1h_azure_gcc\updated\rz_bsp\Debug\librz_bsp.a(r_ostm_drv_api.o)
 .text.start_timer
                0x1809344c       0x3c C:\workspace\RZA1\rza1h_azure_gcc\updated\rz_bsp\Debug\librz_bsp.a(r_ostm_drv_api.o)
 .text.stop_timer
                0x18093488       0x3c C:\workspace\RZA1\rza1h_azure_gcc\updated\rz_bsp\Debug\librz_bsp.a(r_ostm_drv_api.o)
 .text.ostm_open
                0x180934c4       0xd0 C:\workspace\RZA1\rza1h_azure_gcc\updated\rz_bsp\Debug\librz_bsp.a(r_ostm_drv_api.o)
 .text.ostm_close
                0x18093594       0xa4 C:\workspace\RZA1\rza1h_azure_gcc\updated\rz_bsp\Debug\librz_bsp.a(r_ostm_drv_api.o)
 .text.ostm_read
                0x18093638       0xc0 C:\workspace\RZA1\rza1h_azure_gcc\updated\rz_bsp\Debug\librz_bsp.a(r_ostm_drv_api.o)
 .text.ostm_control
                0x180936f8       0xb8 C:\workspace\RZA1\rza1h_azure_gcc\updated\rz_bsp\Debug\librz_bsp.a(r_ostm_drv_api.o)
 .text.ostm_get_version
                0x180937b0       0x60 C:\workspace\RZA1\rza1h_azure_gcc\updated\rz_bsp\Debug\librz_bsp.a(r_ostm_drv_api.o)
 .text.R_INTC_RegistIntFunc
                0x18093810       0x50 C:\workspace\RZA1\rza1h_azure_gcc\updated\rz_bsp\Debug\librz_bsp.a(r_intc_configure.o)
                0x18093810                R_INTC_RegistIntFunc
 .text.R_INTC_Init
                0x18093860      0x1dc C:\workspace\RZA1\rza1h_azure_gcc\updated\rz_bsp\Debug\librz_bsp.a(r_intc_configure.o)
                0x18093860                R_INTC_Init
 .text.R_INTC_Enable
                0x18093a3c       0x88 C:\workspace\RZA1\rza1h_azure_gcc\updated\rz_bsp\Debug\librz_bsp.a(r_intc_configure.o)
                0x18093a3c                R_INTC_Enable
 .text.R_INTC_Disable
                0x18093ac4       0x88 C:\workspace\RZA1\rza1h_azure_gcc\updated\rz_bsp\Debug\librz_bsp.a(r_intc_configure.o)
                0x18093ac4                R_INTC_Disable
 .text.R_INTC_SetPriority
                0x18093b4c      0x124 C:\workspace\RZA1\rza1h_azure_gcc\updated\rz_bsp\Debug\librz_bsp.a(r_intc_configure.o)
                0x18093b4c                R_INTC_SetPriority
 .text.R_INTC_SetMaskLevel
                0x18093c70       0x80 C:\workspace\RZA1\rza1h_azure_gcc\updated\rz_bsp\Debug\librz_bsp.a(r_intc_configure.o)
                0x18093c70                R_INTC_SetMaskLevel
 .text.R_INTC_Update_Isr_Log_Entry
                0x18093cf0       0x80 C:\workspace\RZA1\rza1h_azure_gcc\updated\rz_bsp\Debug\librz_bsp.a(r_intc_monitor.o)
                0x18093cf0                R_INTC_Update_Isr_Log_Entry
 .text.__libc_init_array
                0x18093d70       0xc8 C:\workspace\RZA1\rza1h_azure_gcc\updated\rz_bsp\Debug\librz_bsp.a(libc_init.o)
                0x18093d70                __libc_init_array
 .text.PL310_Sync
                0x18093e38       0x28 C:\workspace\RZA1\rza1h_azure_gcc\updated\rz_bsp\Debug\librz_bsp.a(pl310.o)
                0x18093e38                PL310_Sync
 .text.PL310_GetID
                0x18093e60       0x24 C:\workspace\RZA1\rza1h_azure_gcc\updated\rz_bsp\Debug\librz_bsp.a(pl310.o)
                0x18093e60                PL310_GetID
 .text.PL310_InvAllByWay
                0x18093e84       0x90 C:\workspace\RZA1\rza1h_azure_gcc\updated\rz_bsp\Debug\librz_bsp.a(pl310.o)
                0x18093e84                PL310_InvAllByWay
 .text.PL310_Enable
                0x18093f14       0x90 C:\workspace\RZA1\rza1h_azure_gcc\updated\rz_bsp\Debug\librz_bsp.a(pl310.o)
                0x18093f14                PL310_Enable
 .text.PL310_Disable
                0x18093fa4       0x24 C:\workspace\RZA1\rza1h_azure_gcc\updated\rz_bsp\Debug\librz_bsp.a(pl310.o)
                0x18093fa4                PL310_Disable
 .text.cbCreate
                0x18093fc8       0x80 C:\workspace\RZA1\rza1h_azure_gcc\updated\rz_bsp\Debug\librz_bsp.a(r_cbuffer.o)
                0x18093fc8                cbCreate
 .text.cbDestroy
                0x18094048       0x24 C:\workspace\RZA1\rza1h_azure_gcc\updated\rz_bsp\Debug\librz_bsp.a(r_cbuffer.o)
                0x18094048                cbDestroy
 .text.cbPut    0x1809406c       0x9c C:\workspace\RZA1\rza1h_azure_gcc\updated\rz_bsp\Debug\librz_bsp.a(r_cbuffer.o)
                0x1809406c                cbPut
 .text.cbGet    0x18094108       0xa0 C:\workspace\RZA1\rza1h_azure_gcc\updated\rz_bsp\Debug\librz_bsp.a(r_cbuffer.o)
                0x18094108                cbGet
 .text.cbUsed   0x180941a8       0x7c C:\workspace\RZA1\rza1h_azure_gcc\updated\rz_bsp\Debug\librz_bsp.a(r_cbuffer.o)
                0x180941a8                cbUsed
 .text.rza_io_reg_write_8
                0x18094224       0x90 C:\workspace\RZA1\rza1h_azure_gcc\updated\rz_bsp\Debug\librz_bsp.a(rza_io_regrw.o)
                0x18094224                rza_io_reg_write_8
 .text.rza_io_reg_write_16
                0x180942b4       0x78 C:\workspace\RZA1\rza1h_azure_gcc\updated\rz_bsp\Debug\librz_bsp.a(rza_io_regrw.o)
                0x180942b4                rza_io_reg_write_16
 .text.rza_io_reg_read_8
                0x1809432c       0x60 C:\workspace\RZA1\rza1h_azure_gcc\updated\rz_bsp\Debug\librz_bsp.a(rza_io_regrw.o)
                0x1809432c                rza_io_reg_read_8
 .text.R_RIIC_CAT9554_Open
                0x1809438c       0xd0 C:\workspace\RZA1\rza1h_azure_gcc\updated\rz_bsp\Debug\librz_bsp.a(r_riic_cat9554_if.o)
                0x1809438c                R_RIIC_CAT9554_Open
 .text.R_RIIC_CAT9554_Write
                0x1809445c       0xa8 C:\workspace\RZA1\rza1h_azure_gcc\updated\rz_bsp\Debug\librz_bsp.a(r_riic_cat9554_if.o)
                0x1809445c                R_RIIC_CAT9554_Write
 .text.RIIC_CAT9554_Open
                0x18094504       0x8c C:\workspace\RZA1\rza1h_azure_gcc\updated\rz_bsp\Debug\librz_bsp.a(riic_cat9554_drv.o)
                0x18094504                RIIC_CAT9554_Open
 .text.RIIC_CAT9554_Write
                0x18094590       0xd0 C:\workspace\RZA1\rza1h_azure_gcc\updated\rz_bsp\Debug\librz_bsp.a(riic_cat9554_drv.o)
                0x18094590                RIIC_CAT9554_Write
 .text.wdt_hardware_reset
                0x18094660       0x90 C:\workspace\RZA1\rza1h_azure_gcc\updated\rz_bsp\Debug\librz_bsp.a(r_rza1h_wdt_lld.o)
                0x18094660                wdt_hardware_reset
 .text.lookup_config
                0x180946f0       0x8c C:\workspace\RZA1\rza1h_azure_gcc\updated\rz_bsp\Debug\librz_bsp.a(r_rskrza1h_sci_lld.o)
 .text.R_SCI_InitialiseHwIf
                0x1809477c      0x348 C:\workspace\RZA1\rza1h_azure_gcc\updated\rz_bsp\Debug\librz_bsp.a(r_rskrza1h_sci_lld.o)
                0x1809477c                R_SCI_InitialiseHwIf
 .text.sciOpen  0x18094ac4      0x610 C:\workspace\RZA1\rza1h_azure_gcc\updated\rz_bsp\Debug\librz_bsp.a(r_rskrza1h_sci_lld.o)
                0x18094ac4                sciOpen
 .text.sciClose
                0x180950d4       0xfc C:\workspace\RZA1\rza1h_azure_gcc\updated\rz_bsp\Debug\librz_bsp.a(r_rskrza1h_sci_lld.o)
                0x180950d4                sciClose
 .text.sciReConfigure
                0x180951d0       0x80 C:\workspace\RZA1\rza1h_azure_gcc\updated\rz_bsp\Debug\librz_bsp.a(r_rskrza1h_sci_lld.o)
                0x180951d0                sciReConfigure
 .text.sciReadData
                0x18095250       0xc4 C:\workspace\RZA1\rza1h_azure_gcc\updated\rz_bsp\Debug\librz_bsp.a(r_rskrza1h_sci_lld.o)
                0x18095250                sciReadData
 .text.sciWriteData
                0x18095314       0xdc C:\workspace\RZA1\rza1h_azure_gcc\updated\rz_bsp\Debug\librz_bsp.a(r_rskrza1h_sci_lld.o)
                0x18095314                sciWriteData
 .text.sciINTBreak
                0x180953f0       0xc4 C:\workspace\RZA1\rza1h_azure_gcc\updated\rz_bsp\Debug\librz_bsp.a(r_rskrza1h_sci_lld.o)
                0x180953f0                sciINTBreak
 .text.sciINTError
                0x180954b4      0x110 C:\workspace\RZA1\rza1h_azure_gcc\updated\rz_bsp\Debug\librz_bsp.a(r_rskrza1h_sci_lld.o)
                0x180954b4                sciINTError
 .text.sciINTRxi
                0x180955c4       0xc0 C:\workspace\RZA1\rza1h_azure_gcc\updated\rz_bsp\Debug\librz_bsp.a(r_rskrza1h_sci_lld.o)
                0x180955c4                sciINTRxi
 .text.sciINTTxi
                0x18095684       0xb8 C:\workspace\RZA1\rza1h_azure_gcc\updated\rz_bsp\Debug\librz_bsp.a(r_rskrza1h_sci_lld.o)
                0x18095684                sciINTTxi
 .text.sciConfigureSerialMode
                0x1809573c      0x28c C:\workspace\RZA1\rza1h_azure_gcc\updated\rz_bsp\Debug\librz_bsp.a(r_rskrza1h_sci_lld.o)
 .text.sciSetBaudRate
                0x180959c8      0x234 C:\workspace\RZA1\rza1h_azure_gcc\updated\rz_bsp\Debug\librz_bsp.a(r_rskrza1h_sci_lld.o)
 .text.sciCheckPercentageError
                0x18095bfc       0xa4 C:\workspace\RZA1\rza1h_azure_gcc\updated\rz_bsp\Debug\librz_bsp.a(r_rskrza1h_sci_lld.o)
 .text.sciCalculateDividerClock
                0x18095ca0       0xd0 C:\workspace\RZA1\rza1h_azure_gcc\updated\rz_bsp\Debug\librz_bsp.a(r_rskrza1h_sci_lld.o)
 .text.sciCalculateBRRSetting
                0x18095d70       0xc0 C:\workspace\RZA1\rza1h_azure_gcc\updated\rz_bsp\Debug\librz_bsp.a(r_rskrza1h_sci_lld.o)
 .text.sciCalculateBaud
                0x18095e30       0xd0 C:\workspace\RZA1\rza1h_azure_gcc\updated\rz_bsp\Debug\librz_bsp.a(r_rskrza1h_sci_lld.o)
 .text.bcd_to_integer
                0x18095f00       0xb4 C:\workspace\RZA1\rza1h_azure_gcc\updated\rz_bsp\Debug\librz_bsp.a(r_rskrza1h_rtc_lld.o)
 .text.integer_to_bcd
                0x18095fb4       0xc4 C:\workspace\RZA1\rza1h_azure_gcc\updated\rz_bsp\Debug\librz_bsp.a(r_rskrza1h_rtc_lld.o)
 .text.R_RTC_Init
                0x18096078       0xbc C:\workspace\RZA1\rza1h_azure_gcc\updated\rz_bsp\Debug\librz_bsp.a(r_rskrza1h_rtc_lld.o)
                0x18096078                R_RTC_Init
 .text.R_RTC_SetDateTime
                0x18096134      0x220 C:\workspace\RZA1\rza1h_azure_gcc\updated\rz_bsp\Debug\librz_bsp.a(r_rskrza1h_rtc_lld.o)
                0x18096134                R_RTC_SetDateTime
 .text.R_RTC_GetDateTime
                0x18096354      0x18c C:\workspace\RZA1\rza1h_azure_gcc\updated\rz_bsp\Debug\librz_bsp.a(r_rskrza1h_rtc_lld.o)
                0x18096354                R_RTC_GetDateTime
 .text.R_RTC_StartStop
                0x180964e0       0x9c C:\workspace\RZA1\rza1h_azure_gcc\updated\rz_bsp\Debug\librz_bsp.a(r_rskrza1h_rtc_lld.o)
                0x180964e0                R_RTC_StartStop
 .text.R_RTC_GetVersion
                0x1809657c       0x58 C:\workspace\RZA1\rza1h_azure_gcc\updated\rz_bsp\Debug\librz_bsp.a(r_rskrza1h_rtc_lld.o)
                0x1809657c                R_RTC_GetVersion
 .text.R_RIIC_InitChannel
                0x180965d4      0x140 C:\workspace\RZA1\rza1h_azure_gcc\updated\rz_bsp\Debug\librz_bsp.a(r_rskrza1h_riic_lld.o)
                0x180965d4                R_RIIC_InitChannel
 .text.R_RIIC_CloseChannel
                0x18096714       0x24 C:\workspace\RZA1\rza1h_azure_gcc\updated\rz_bsp\Debug\librz_bsp.a(r_rskrza1h_riic_lld.o)
                0x18096714                R_RIIC_CloseChannel
 .text.R_RIIC_TransmitStop
                0x18096738       0x60 C:\workspace\RZA1\rza1h_azure_gcc\updated\rz_bsp\Debug\librz_bsp.a(r_rskrza1h_riic_lld.o)
                0x18096738                R_RIIC_TransmitStop
 .text.R_RIIC_TransmitStart
                0x18096798       0x48 C:\workspace\RZA1\rza1h_azure_gcc\updated\rz_bsp\Debug\librz_bsp.a(r_rskrza1h_riic_lld.o)
                0x18096798                R_RIIC_TransmitStart
 .text.R_RIIC_TransmitRestart
                0x180967e0       0x48 C:\workspace\RZA1\rza1h_azure_gcc\updated\rz_bsp\Debug\librz_bsp.a(r_rskrza1h_riic_lld.o)
                0x180967e0                R_RIIC_TransmitRestart
 .text.R_RIIC_GetAckStatus
                0x18096828       0x44 C:\workspace\RZA1\rza1h_azure_gcc\updated\rz_bsp\Debug\librz_bsp.a(r_rskrza1h_riic_lld.o)
                0x18096828                R_RIIC_GetAckStatus
 .text.R_RIIC_TransmitAck
                0x1809686c       0x64 C:\workspace\RZA1\rza1h_azure_gcc\updated\rz_bsp\Debug\librz_bsp.a(r_rskrza1h_riic_lld.o)
                0x1809686c                R_RIIC_TransmitAck
 .text.R_RIIC_TransmitNack
                0x180968d0       0x64 C:\workspace\RZA1\rza1h_azure_gcc\updated\rz_bsp\Debug\librz_bsp.a(r_rskrza1h_riic_lld.o)
                0x180968d0                R_RIIC_TransmitNack
 .text.R_RIIC_WriteByte
                0x18096934       0x40 C:\workspace\RZA1\rza1h_azure_gcc\updated\rz_bsp\Debug\librz_bsp.a(r_rskrza1h_riic_lld.o)
                0x18096934                R_RIIC_WriteByte
 .text.R_RIIC_ReadByte
                0x18096974       0x38 C:\workspace\RZA1\rza1h_azure_gcc\updated\rz_bsp\Debug\librz_bsp.a(r_rskrza1h_riic_lld.o)
                0x18096974                R_RIIC_ReadByte
 .text.R_RIIC_AssertLowHold
                0x180969ac       0x40 C:\workspace\RZA1\rza1h_azure_gcc\updated\rz_bsp\Debug\librz_bsp.a(r_rskrza1h_riic_lld.o)
                0x180969ac                R_RIIC_AssertLowHold
 .text.R_RIIC_ReleaseLowHold
                0x180969ec       0x40 C:\workspace\RZA1\rza1h_azure_gcc\updated\rz_bsp\Debug\librz_bsp.a(r_rskrza1h_riic_lld.o)
                0x180969ec                R_RIIC_ReleaseLowHold
 .text.R_RIIC_IsBusBusy
                0x18096a2c       0x44 C:\workspace\RZA1\rza1h_azure_gcc\updated\rz_bsp\Debug\librz_bsp.a(r_rskrza1h_riic_lld.o)
                0x18096a2c                R_RIIC_IsBusBusy
 .text.R_RIIC_IsStopAsserted
                0x18096a70       0x44 C:\workspace\RZA1\rza1h_azure_gcc\updated\rz_bsp\Debug\librz_bsp.a(r_rskrza1h_riic_lld.o)
                0x18096a70                R_RIIC_IsStopAsserted
 .text.R_RIIC_GetVersion
                0x18096ab4       0x58 C:\workspace\RZA1\rza1h_azure_gcc\updated\rz_bsp\Debug\librz_bsp.a(r_rskrza1h_riic_lld.o)
                0x18096ab4                R_RIIC_GetVersion
 .text.init_i2c_peripheral
                0x18096b0c       0x44 C:\workspace\RZA1\rza1h_azure_gcc\updated\rz_bsp\Debug\librz_bsp.a(r_rskrza1h_riic_lld.o)
 .text.enable_clock_supply
                0x18096b50       0xb8 C:\workspace\RZA1\rza1h_azure_gcc\updated\rz_bsp\Debug\librz_bsp.a(r_rskrza1h_riic_lld.o)
 .text.disable_clock_supply
                0x18096c08       0xb8 C:\workspace\RZA1\rza1h_azure_gcc\updated\rz_bsp\Debug\librz_bsp.a(r_rskrza1h_riic_lld.o)
 .text.setup_peripheral
                0x18096cc0      0x140 C:\workspace\RZA1\rza1h_azure_gcc\updated\rz_bsp\Debug\librz_bsp.a(r_rskrza1h_riic_lld.o)
 .text.channel0_port_init
                0x18096e00      0x220 C:\workspace\RZA1\rza1h_azure_gcc\updated\rz_bsp\Debug\librz_bsp.a(r_rskrza1h_riic_lld.o)
 .text.channel1_port_init
                0x18097020      0x220 C:\workspace\RZA1\rza1h_azure_gcc\updated\rz_bsp\Debug\librz_bsp.a(r_rskrza1h_riic_lld.o)
 .text.channel3_port_init
                0x18097240      0x220 C:\workspace\RZA1\rza1h_azure_gcc\updated\rz_bsp\Debug\librz_bsp.a(r_rskrza1h_riic_lld.o)
 .text.sample_riic_ri0_interrupt
                0x18097460       0x24 C:\workspace\RZA1\rza1h_azure_gcc\updated\rz_bsp\Debug\librz_bsp.a(r_rskrza1h_riic_lld.o)
 .text.sample_riic_ti0_interrupt
                0x18097484       0x24 C:\workspace\RZA1\rza1h_azure_gcc\updated\rz_bsp\Debug\librz_bsp.a(r_rskrza1h_riic_lld.o)
 .text.sample_riic_tei0_interrupt
                0x180974a8       0x78 C:\workspace\RZA1\rza1h_azure_gcc\updated\rz_bsp\Debug\librz_bsp.a(r_rskrza1h_riic_lld.o)
 .text.sample_riic_ri1_interrupt
                0x18097520       0x24 C:\workspace\RZA1\rza1h_azure_gcc\updated\rz_bsp\Debug\librz_bsp.a(r_rskrza1h_riic_lld.o)
 .text.sample_riic_ti1_interrupt
                0x18097544       0x24 C:\workspace\RZA1\rza1h_azure_gcc\updated\rz_bsp\Debug\librz_bsp.a(r_rskrza1h_riic_lld.o)
 .text.sample_riic_tei1_interrupt
                0x18097568       0x78 C:\workspace\RZA1\rza1h_azure_gcc\updated\rz_bsp\Debug\librz_bsp.a(r_rskrza1h_riic_lld.o)
 .text.sample_riic_ri3_interrupt
                0x180975e0       0x24 C:\workspace\RZA1\rza1h_azure_gcc\updated\rz_bsp\Debug\librz_bsp.a(r_rskrza1h_riic_lld.o)
 .text.sample_riic_ti3_interrupt
                0x18097604       0x24 C:\workspace\RZA1\rza1h_azure_gcc\updated\rz_bsp\Debug\librz_bsp.a(r_rskrza1h_riic_lld.o)
 .text.sample_riic_tei3_interrupt
                0x18097628       0x78 C:\workspace\RZA1\rza1h_azure_gcc\updated\rz_bsp\Debug\librz_bsp.a(r_rskrza1h_riic_lld.o)
 .text.register_interrupts
                0x180976a0      0x194 C:\workspace\RZA1\rza1h_azure_gcc\updated\rz_bsp\Debug\librz_bsp.a(r_rskrza1h_riic_lld.o)
 .text.validate_settings
                0x18097834       0xd4 C:\workspace\RZA1\rza1h_azure_gcc\updated\rz_bsp\Debug\librz_bsp.a(r_dmac_lld_rza1h.o)
 .text.R_DMAC_ErrInterruptHandler
                0x18097908       0xe0 C:\workspace\RZA1\rza1h_azure_gcc\updated\rz_bsp\Debug\librz_bsp.a(r_dmac_lld_rza1h.o)
                0x18097908                R_DMAC_ErrInterruptHandler
 .text.R_DMAC_EndHandlerProcess
                0x180979e8       0x48 C:\workspace\RZA1\rza1h_azure_gcc\updated\rz_bsp\Debug\librz_bsp.a(r_dmac_lld_rza1h.o)
 .text.end0_interrupt_handler
                0x18097a30       0x18 C:\workspace\RZA1\rza1h_azure_gcc\updated\rz_bsp\Debug\librz_bsp.a(r_dmac_lld_rza1h.o)
 .text.end1_interrupt_handler
                0x18097a48       0x18 C:\workspace\RZA1\rza1h_azure_gcc\updated\rz_bsp\Debug\librz_bsp.a(r_dmac_lld_rza1h.o)
 .text.end2_interrupt_handler
                0x18097a60       0x18 C:\workspace\RZA1\rza1h_azure_gcc\updated\rz_bsp\Debug\librz_bsp.a(r_dmac_lld_rza1h.o)
 .text.end3_interrupt_handler
                0x18097a78       0x18 C:\workspace\RZA1\rza1h_azure_gcc\updated\rz_bsp\Debug\librz_bsp.a(r_dmac_lld_rza1h.o)
 .text.end4_interrupt_handler
                0x18097a90       0x18 C:\workspace\RZA1\rza1h_azure_gcc\updated\rz_bsp\Debug\librz_bsp.a(r_dmac_lld_rza1h.o)
 .text.end5_interrupt_handler
                0x18097aa8       0x18 C:\workspace\RZA1\rza1h_azure_gcc\updated\rz_bsp\Debug\librz_bsp.a(r_dmac_lld_rza1h.o)
 .text.end6_interrupt_handler
                0x18097ac0       0x18 C:\workspace\RZA1\rza1h_azure_gcc\updated\rz_bsp\Debug\librz_bsp.a(r_dmac_lld_rza1h.o)
 .text.end7_interrupt_handler
                0x18097ad8       0x18 C:\workspace\RZA1\rza1h_azure_gcc\updated\rz_bsp\Debug\librz_bsp.a(r_dmac_lld_rza1h.o)
 .text.end8_interrupt_handler
                0x18097af0       0x18 C:\workspace\RZA1\rza1h_azure_gcc\updated\rz_bsp\Debug\librz_bsp.a(r_dmac_lld_rza1h.o)
 .text.end9_interrupt_handler
                0x18097b08       0x18 C:\workspace\RZA1\rza1h_azure_gcc\updated\rz_bsp\Debug\librz_bsp.a(r_dmac_lld_rza1h.o)
 .text.end10_interrupt_handler
                0x18097b20       0x18 C:\workspace\RZA1\rza1h_azure_gcc\updated\rz_bsp\Debug\librz_bsp.a(r_dmac_lld_rza1h.o)
 .text.end11_interrupt_handler
                0x18097b38       0x18 C:\workspace\RZA1\rza1h_azure_gcc\updated\rz_bsp\Debug\librz_bsp.a(r_dmac_lld_rza1h.o)
 .text.end12_interrupt_handler
                0x18097b50       0x18 C:\workspace\RZA1\rza1h_azure_gcc\updated\rz_bsp\Debug\librz_bsp.a(r_dmac_lld_rza1h.o)
 .text.end13_interrupt_handler
                0x18097b68       0x18 C:\workspace\RZA1\rza1h_azure_gcc\updated\rz_bsp\Debug\librz_bsp.a(r_dmac_lld_rza1h.o)
 .text.end14_interrupt_handler
                0x18097b80       0x18 C:\workspace\RZA1\rza1h_azure_gcc\updated\rz_bsp\Debug\librz_bsp.a(r_dmac_lld_rza1h.o)
 .text.end15_interrupt_handler
                0x18097b98       0x18 C:\workspace\RZA1\rza1h_azure_gcc\updated\rz_bsp\Debug\librz_bsp.a(r_dmac_lld_rza1h.o)
 .text.R_DMAC_GetVersion
                0x18097bb0       0x58 C:\workspace\RZA1\rza1h_azure_gcc\updated\rz_bsp\Debug\librz_bsp.a(r_dmac_lld_rza1h.o)
                0x18097bb0                R_DMAC_GetVersion
 .text.R_DMAC_OpenChannel
                0x18097c08       0x2c C:\workspace\RZA1\rza1h_azure_gcc\updated\rz_bsp\Debug\librz_bsp.a(r_dmac_lld_rza1h.o)
                0x18097c08                R_DMAC_OpenChannel
 .text.R_DMAC_CloseChannel
                0x18097c34       0xbc C:\workspace\RZA1\rza1h_azure_gcc\updated\rz_bsp\Debug\librz_bsp.a(r_dmac_lld_rza1h.o)
                0x18097c34                R_DMAC_CloseChannel
 .text.R_DMAC_Enable
                0x18097cf0       0xe4 C:\workspace\RZA1\rza1h_azure_gcc\updated\rz_bsp\Debug\librz_bsp.a(r_dmac_lld_rza1h.o)
                0x18097cf0                R_DMAC_Enable
 .text.R_DMAC_Disable
                0x18097dd4      0x144 C:\workspace\RZA1\rza1h_azure_gcc\updated\rz_bsp\Debug\librz_bsp.a(r_dmac_lld_rza1h.o)
                0x18097dd4                R_DMAC_Disable
 .text.R_DMAC_SoftwareTrigger
                0x18097f18       0x64 C:\workspace\RZA1\rza1h_azure_gcc\updated\rz_bsp\Debug\librz_bsp.a(r_dmac_lld_rza1h.o)
                0x18097f18                R_DMAC_SoftwareTrigger
 .text.map_transfer_unit_size_to_reg
                0x18097f7c       0xe4 C:\workspace\RZA1\rza1h_azure_gcc\updated\rz_bsp\Debug\librz_bsp.a(r_dmac_lld_rza1h.o)
 .text.determine_chcfg_n_value
                0x18098060      0x120 C:\workspace\RZA1\rza1h_azure_gcc\updated\rz_bsp\Debug\librz_bsp.a(r_dmac_lld_rza1h.o)
 .text.determine_chext_n_value
                0x18098180       0x90 C:\workspace\RZA1\rza1h_azure_gcc\updated\rz_bsp\Debug\librz_bsp.a(r_dmac_lld_rza1h.o)
 .text.R_DMAC_ConfigureChannel
                0x18098210      0x290 C:\workspace\RZA1\rza1h_azure_gcc\updated\rz_bsp\Debug\librz_bsp.a(r_dmac_lld_rza1h.o)
                0x18098210                R_DMAC_ConfigureChannel
 .text.R_DMAC_SmartConfigureChannel
                0x180984a0      0x11c C:\workspace\RZA1\rza1h_azure_gcc\updated\rz_bsp\Debug\librz_bsp.a(r_dmac_lld_rza1h.o)
                0x180984a0                R_DMAC_SmartConfigureChannel
 .text.map_reg_to_transfer_unit_size
                0x180985bc       0xb4 C:\workspace\RZA1\rza1h_azure_gcc\updated\rz_bsp\Debug\librz_bsp.a(r_dmac_lld_rza1h.o)
 .text.R_DMAC_GetChannelConfiguration
                0x18098670      0x2d0 C:\workspace\RZA1\rza1h_azure_gcc\updated\rz_bsp\Debug\librz_bsp.a(r_dmac_lld_rza1h.o)
                0x18098670                R_DMAC_GetChannelConfiguration
 .text.R_DMAC_HWInitialise
                0x18098940      0x18c C:\workspace\RZA1\rza1h_azure_gcc\updated\rz_bsp\Debug\librz_bsp.a(r_dmac_lld_rza1h.o)
                0x18098940                R_DMAC_HWInitialise
 .text.R_DMAC_InitialiseData
                0x18098acc       0x74 C:\workspace\RZA1\rza1h_azure_gcc\updated\rz_bsp\Debug\librz_bsp.a(r_dmac_lld_rza1h.o)
                0x18098acc                R_DMAC_InitialiseData
 .text.R_DMAC_SetDmaCompleteCallback
                0x18098b40       0x64 C:\workspace\RZA1\rza1h_azure_gcc\updated\rz_bsp\Debug\librz_bsp.a(r_dmac_lld_rza1h.o)
                0x18098b40                R_DMAC_SetDmaCompleteCallback
 .text.R_DMAC_SetDmaErrorCallback
                0x18098ba4       0x6c C:\workspace\RZA1\rza1h_azure_gcc\updated\rz_bsp\Debug\librz_bsp.a(r_dmac_lld_rza1h.o)
                0x18098ba4                R_DMAC_SetDmaErrorCallback
 .text.R_DMAC_GetDmaCompleteCallback
                0x18098c10       0x68 C:\workspace\RZA1\rza1h_azure_gcc\updated\rz_bsp\Debug\librz_bsp.a(r_dmac_lld_rza1h.o)
                0x18098c10                R_DMAC_GetDmaCompleteCallback
 .text.R_DMAC_GetDmaErrorCallback
                0x18098c78       0x70 C:\workspace\RZA1\rza1h_azure_gcc\updated\rz_bsp\Debug\librz_bsp.a(r_dmac_lld_rza1h.o)
                0x18098c78                R_DMAC_GetDmaErrorCallback
 .text.R_DMAC_InitialiseInterrupts
                0x18098ce8       0xac C:\workspace\RZA1\rza1h_azure_gcc\updated\rz_bsp\Debug\librz_bsp.a(r_dmac_lld_rza1h.o)
                0x18098ce8                R_DMAC_InitialiseInterrupts
 .text.R_DMAC_EnableChannelInterrupt
                0x18098d94       0x54 C:\workspace\RZA1\rza1h_azure_gcc\updated\rz_bsp\Debug\librz_bsp.a(r_dmac_lld_rza1h.o)
                0x18098d94                R_DMAC_EnableChannelInterrupt
 .text.R_DMAC_DisableChannelInterrupt
                0x18098de8       0x54 C:\workspace\RZA1\rza1h_azure_gcc\updated\rz_bsp\Debug\librz_bsp.a(r_dmac_lld_rza1h.o)
                0x18098de8                R_DMAC_DisableChannelInterrupt
 .text.R_DMAC_GetChannel
                0x18098e3c       0x6c C:\workspace\RZA1\rza1h_azure_gcc\updated\rz_bsp\Debug\librz_bsp.a(r_dmac_lld_rza1h.o)
                0x18098e3c                R_DMAC_GetChannel
 .text.R_DMAC_SetNextTransfer
                0x18098ea8      0x1a4 C:\workspace\RZA1\rza1h_azure_gcc\updated\rz_bsp\Debug\librz_bsp.a(r_dmac_lld_rza1h.o)
                0x18098ea8                R_DMAC_SetNextTransfer
 .text.R_DMAC_GetCrtbRegisterValue
                0x1809904c       0x6c C:\workspace\RZA1\rza1h_azure_gcc\updated\rz_bsp\Debug\librz_bsp.a(r_dmac_lld_rza1h.o)
                0x1809904c                R_DMAC_GetCrtbRegisterValue
 .text.ostm_start
                0x180990b8       0x2c C:\workspace\RZA1\rza1h_azure_gcc\updated\rz_bsp\Debug\librz_bsp.a(r_rskrza1h_ostm_lld.o)
 .text.ostm_stop
                0x180990e4       0x2c C:\workspace\RZA1\rza1h_azure_gcc\updated\rz_bsp\Debug\librz_bsp.a(r_rskrza1h_ostm_lld.o)
 .text.ostm_read_cnt
                0x18099110       0x28 C:\workspace\RZA1\rza1h_azure_gcc\updated\rz_bsp\Debug\librz_bsp.a(r_rskrza1h_ostm_lld.o)
 .text.ostm_init
                0x18099138      0x3c8 C:\workspace\RZA1\rza1h_azure_gcc\updated\rz_bsp\Debug\librz_bsp.a(r_rskrza1h_ostm_lld.o)
 .text.ostm_uninit
                0x18099500       0xe0 C:\workspace\RZA1\rza1h_azure_gcc\updated\rz_bsp\Debug\librz_bsp.a(r_rskrza1h_ostm_lld.o)
 .text.R_OSTM_InitialiseHwIf
                0x180995e0       0x28 C:\workspace\RZA1\rza1h_azure_gcc\updated\rz_bsp\Debug\librz_bsp.a(r_rskrza1h_ostm_lld.o)
                0x180995e0                R_OSTM_InitialiseHwIf
 .text.R_OSTM_UninitialiseHwIf
                0x18099608       0x18 C:\workspace\RZA1\rza1h_azure_gcc\updated\rz_bsp\Debug\librz_bsp.a(r_rskrza1h_ostm_lld.o)
                0x18099608                R_OSTM_UninitialiseHwIf
 .text.R_OSTM_Open
                0x18099620       0xcc C:\workspace\RZA1\rza1h_azure_gcc\updated\rz_bsp\Debug\librz_bsp.a(r_rskrza1h_ostm_lld.o)
                0x18099620                R_OSTM_Open
 .text.R_OSTM_Close
                0x180996ec       0x38 C:\workspace\RZA1\rza1h_azure_gcc\updated\rz_bsp\Debug\librz_bsp.a(r_rskrza1h_ostm_lld.o)
                0x180996ec                R_OSTM_Close
 .text.R_OSTM_Start
                0x18099724       0x60 C:\workspace\RZA1\rza1h_azure_gcc\updated\rz_bsp\Debug\librz_bsp.a(r_rskrza1h_ostm_lld.o)
                0x18099724                R_OSTM_Start
 .text.R_OSTM_Stop
                0x18099784       0x60 C:\workspace\RZA1\rza1h_azure_gcc\updated\rz_bsp\Debug\librz_bsp.a(r_rskrza1h_ostm_lld.o)
                0x18099784                R_OSTM_Stop
 .text.R_OSTM_ReadCnt
                0x180997e4       0x70 C:\workspace\RZA1\rza1h_azure_gcc\updated\rz_bsp\Debug\librz_bsp.a(r_rskrza1h_ostm_lld.o)
                0x180997e4                R_OSTM_ReadCnt
 .text.R_OSTM_GetVersion
                0x18099854       0x58 C:\workspace\RZA1\rza1h_azure_gcc\updated\rz_bsp\Debug\librz_bsp.a(r_rskrza1h_ostm_lld.o)
                0x18099854                R_OSTM_GetVersion
 .text._tx_initialize_high_level
                0x180998ac       0xd8 C:\workspace\RZA1\rza1h_azure_gcc\updated\threadx\Debug\libthreadx.a(tx_initialize_high_level.o)
                0x180998ac                _tx_initialize_high_level
 .text._tx_initialize_kernel_enter
                0x18099984       0x84 C:\workspace\RZA1\rza1h_azure_gcc\updated\threadx\Debug\libthreadx.a(tx_initialize_kernel_enter.o)
                0x18099984                _tx_initialize_kernel_enter
 .text._tx_mutex_create
                0x18099a08      0x130 C:\workspace\RZA1\rza1h_azure_gcc\updated\threadx\Debug\libthreadx.a(tx_mutex_create.o)
                0x18099a08                _tx_mutex_create
 .text._tx_mutex_delete
                0x18099b38      0x21c C:\workspace\RZA1\rza1h_azure_gcc\updated\threadx\Debug\libthreadx.a(tx_mutex_delete.o)
                0x18099b38                _tx_mutex_delete
 .text._tx_mutex_get
                0x18099d54      0x380 C:\workspace\RZA1\rza1h_azure_gcc\updated\threadx\Debug\libthreadx.a(tx_mutex_get.o)
                0x18099d54                _tx_mutex_get
 .text._tx_mutex_priority_change
                0x1809a0d4      0x298 C:\workspace\RZA1\rza1h_azure_gcc\updated\threadx\Debug\libthreadx.a(tx_mutex_priority_change.o)
                0x1809a0d4                _tx_mutex_priority_change
 .text._tx_mutex_put
                0x1809a36c      0x654 C:\workspace\RZA1\rza1h_azure_gcc\updated\threadx\Debug\libthreadx.a(tx_mutex_put.o)
                0x1809a36c                _tx_mutex_put
 .text._tx_thread_identify
                0x1809a9c0       0x44 C:\workspace\RZA1\rza1h_azure_gcc\updated\threadx\Debug\libthreadx.a(tx_thread_identify.o)
                0x1809a9c0                _tx_thread_identify
 .text._tx_thread_initialize
                0x1809aa04       0xd0 C:\workspace\RZA1\rza1h_azure_gcc\updated\threadx\Debug\libthreadx.a(tx_thread_initialize.o)
                0x1809aa04                _tx_thread_initialize
 .text._tx_thread_preemption_change
                0x1809aad4      0x1f4 C:\workspace\RZA1\rza1h_azure_gcc\updated\threadx\Debug\libthreadx.a(tx_thread_preemption_change.o)
                0x1809aad4                _tx_thread_preemption_change
 .text._tx_thread_sleep
                0x1809acc8      0x15c C:\workspace\RZA1\rza1h_azure_gcc\updated\threadx\Debug\libthreadx.a(tx_thread_sleep.o)
                0x1809acc8                _tx_thread_sleep
 .text._tx_thread_system_preempt_check
                0x1809ae24       0x80 C:\workspace\RZA1\rza1h_azure_gcc\updated\threadx\Debug\libthreadx.a(tx_thread_system_preempt_check.o)
                0x1809ae24                _tx_thread_system_preempt_check
 .text._tx_thread_system_resume
                0x1809aea4      0x370 C:\workspace\RZA1\rza1h_azure_gcc\updated\threadx\Debug\libthreadx.a(tx_thread_system_resume.o)
                0x1809aea4                _tx_thread_system_resume
 .text._tx_thread_system_suspend
                0x1809b214      0x870 C:\workspace\RZA1\rza1h_azure_gcc\updated\threadx\Debug\libthreadx.a(tx_thread_system_suspend.o)
                0x1809b214                _tx_thread_system_suspend
 .text._tx_thread_time_slice
                0x1809ba84       0xfc C:\workspace\RZA1\rza1h_azure_gcc\updated\threadx\Debug\libthreadx.a(tx_thread_time_slice.o)
                0x1809ba84                _tx_thread_time_slice
 .text._tx_timer_create
                0x1809bb80      0x160 C:\workspace\RZA1\rza1h_azure_gcc\updated\threadx\Debug\libthreadx.a(tx_timer_create.o)
                0x1809bb80                _tx_timer_create
 .text._tx_timer_expiration_process
                0x1809bce0       0x54 C:\workspace\RZA1\rza1h_azure_gcc\updated\threadx\Debug\libthreadx.a(tx_timer_expiration_process.o)
                0x1809bce0                _tx_timer_expiration_process
 .text._tx_timer_initialize
                0x1809bd34      0x1ac C:\workspace\RZA1\rza1h_azure_gcc\updated\threadx\Debug\libthreadx.a(tx_timer_initialize.o)
                0x1809bd34                _tx_timer_initialize
 .text._tx_timer_system_activate
                0x1809bee0      0x170 C:\workspace\RZA1\rza1h_azure_gcc\updated\threadx\Debug\libthreadx.a(tx_timer_system_activate.o)
                0x1809bee0                _tx_timer_system_activate
 .text._tx_timer_system_deactivate
                0x1809c050       0xd4 C:\workspace\RZA1\rza1h_azure_gcc\updated\threadx\Debug\libthreadx.a(tx_timer_system_deactivate.o)
                0x1809c050                _tx_timer_system_deactivate
 .text._tx_timer_thread_entry
                0x1809c124      0x32c C:\workspace\RZA1\rza1h_azure_gcc\updated\threadx\Debug\libthreadx.a(tx_timer_thread_entry.o)
                0x1809c124                _tx_timer_thread_entry
 .text._txe_block_release
                0x1809c450       0xb0 C:\workspace\RZA1\rza1h_azure_gcc\updated\threadx\Debug\libthreadx.a(txe_block_release.o)
                0x1809c450                _txe_block_release
 .text._txe_byte_allocate
                0x1809c500      0x188 C:\workspace\RZA1\rza1h_azure_gcc\updated\threadx\Debug\libthreadx.a(txe_byte_allocate.o)
                0x1809c500                _txe_byte_allocate
 .text._txe_byte_pool_create
                0x1809c688      0x200 C:\workspace\RZA1\rza1h_azure_gcc\updated\threadx\Debug\libthreadx.a(txe_byte_pool_create.o)
                0x1809c688                _txe_byte_pool_create
 .text._txe_event_flags_create
                0x1809c888      0x1c4 C:\workspace\RZA1\rza1h_azure_gcc\updated\threadx\Debug\libthreadx.a(txe_event_flags_create.o)
                0x1809c888                _txe_event_flags_create
 .text._txe_event_flags_delete
                0x1809ca4c       0xc8 C:\workspace\RZA1\rza1h_azure_gcc\updated\threadx\Debug\libthreadx.a(txe_event_flags_delete.o)
                0x1809ca4c                _txe_event_flags_delete
 .text._txe_event_flags_get