Archive member included to satisfy reference by file (symbol)

C:\workspace\RZA1\rza1h_azure_gcc\updated\netxduo\Debug\libnetxduo.a(nx_arp_packet_deferred_receive.o)
                              ./src/nx_driver_renesas_rz.o (_nx_arp_packet_deferred_receive)
C:\workspace\RZA1\rza1h_azure_gcc\updated\netxduo\Debug\libnetxduo.a(nx_ip_packet_receive.o)
                              ./src/nx_driver_renesas_rz.o (_nx_ip_packet_receive)
C:\workspace\RZA1\rza1h_azure_gcc\updated\netxduo\Debug\libnetxduo.a(nx_packet_release.o)
                              C:\workspace\RZA1\rza1h_azure_gcc\updated\netxduo\Debug\libnetxduo.a(nx_arp_packet_deferred_receive.o) (_nx_packet_release)
C:\workspace\RZA1\rza1h_azure_gcc\updated\netxduo\Debug\libnetxduo.a(nx_rarp_packet_deferred_receive.o)
                              ./src/nx_driver_renesas_rz.o (_nx_rarp_packet_deferred_receive)
C:\workspace\RZA1\rza1h_azure_gcc\updated\netxduo\Debug\libnetxduo.a(nx_system_initialize.o)
                              ./src/sample_netx_duo_ping.o (_nx_system_initialize)
C:\workspace\RZA1\rza1h_azure_gcc\updated\netxduo\Debug\libnetxduo.a(nx_tcp_initialize.o)
                              C:\workspace\RZA1\rza1h_azure_gcc\updated\netxduo\Debug\libnetxduo.a(nx_system_initialize.o) (_nx_tcp_initialize)
C:\workspace\RZA1\rza1h_azure_gcc\updated\netxduo\Debug\libnetxduo.a(nxe_arp_enable.o)
                              ./src/sample_netx_duo_ping.o (_nxe_arp_enable)
C:\workspace\RZA1\rza1h_azure_gcc\updated\netxduo\Debug\libnetxduo.a(nxe_icmp_enable.o)
                              ./src/sample_netx_duo_ping.o (_nxe_icmp_enable)
C:\workspace\RZA1\rza1h_azure_gcc\updated\netxduo\Debug\libnetxduo.a(nxe_ip_address_get.o)
                              ./src/sample_netx_duo_ping.o (_nxe_ip_address_get)
C:\workspace\RZA1\rza1h_azure_gcc\updated\netxduo\Debug\libnetxduo.a(nxe_ip_create.o)
                              ./src/sample_netx_duo_ping.o (_nxe_ip_create)
C:\workspace\RZA1\rza1h_azure_gcc\updated\netxduo\Debug\libnetxduo.a(nxe_ip_fragment_enable.o)
                              ./src/sample_netx_duo_ping.o (_nxe_ip_fragment_enable)
C:\workspace\RZA1\rza1h_azure_gcc\updated\netxduo\Debug\libnetxduo.a(nxe_ip_status_check.o)
                              ./src/sample_netx_duo_ping.o (_nxe_ip_status_check)
C:\workspace\RZA1\rza1h_azure_gcc\updated\netxduo\Debug\libnetxduo.a(nxe_packet_allocate.o)
                              ./src/nx_driver_renesas_rz.o (_nxe_packet_allocate)
C:\workspace\RZA1\rza1h_azure_gcc\updated\netxduo\Debug\libnetxduo.a(nxe_packet_pool_create.o)
                              ./src/nx_driver_renesas_rz.o (_nxe_packet_pool_create)
C:\workspace\RZA1\rza1h_azure_gcc\updated\netxduo\Debug\libnetxduo.a(nxe_packet_release.o)
                              ./src/nx_driver_renesas_rz.o (_nxe_packet_release)
C:\workspace\RZA1\rza1h_azure_gcc\updated\netxduo\Debug\libnetxduo.a(nxe_packet_transmit_release.o)
                              ./src/nx_driver_renesas_rz.o (_nxe_packet_transmit_release)
C:\workspace\RZA1\rza1h_azure_gcc\updated\netxduo\Debug\libnetxduo.a(nxe_tcp_enable.o)
                              ./src/sample_netx_duo_ping.o (_nxe_tcp_enable)
C:\workspace\RZA1\rza1h_azure_gcc\updated\netxduo\Debug\libnetxduo.a(nxe_udp_enable.o)
                              ./src/sample_netx_duo_ping.o (_nxe_udp_enable)
C:\workspace\RZA1\rza1h_azure_gcc\updated\netxduo\Debug\libnetxduo.a(nxd_dhcp_client.o)
                              ./src/sample_netx_duo_ping.o (_nxe_dhcp_create)
C:\workspace\RZA1\rza1h_azure_gcc\updated\netxduo\Debug\libnetxduo.a(nx_arp_enable.o)
                              C:\workspace\RZA1\rza1h_azure_gcc\updated\netxduo\Debug\libnetxduo.a(nxe_arp_enable.o) (_nx_arp_enable)
C:\workspace\RZA1\rza1h_azure_gcc\updated\netxduo\Debug\libnetxduo.a(nx_arp_entry_allocate.o)
                              C:\workspace\RZA1\rza1h_azure_gcc\updated\netxduo\Debug\libnetxduo.a(nx_arp_enable.o) (_nx_arp_entry_allocate)
C:\workspace\RZA1\rza1h_azure_gcc\updated\netxduo\Debug\libnetxduo.a(nx_arp_packet_send.o)
                              C:\workspace\RZA1\rza1h_azure_gcc\updated\netxduo\Debug\libnetxduo.a(nx_arp_enable.o) (_nx_arp_packet_send)
C:\workspace\RZA1\rza1h_azure_gcc\updated\netxduo\Debug\libnetxduo.a(nx_arp_periodic_update.o)
                              C:\workspace\RZA1\rza1h_azure_gcc\updated\netxduo\Debug\libnetxduo.a(nx_arp_enable.o) (_nx_arp_periodic_update)
C:\workspace\RZA1\rza1h_azure_gcc\updated\netxduo\Debug\libnetxduo.a(nx_arp_queue_process.o)
                              C:\workspace\RZA1\rza1h_azure_gcc\updated\netxduo\Debug\libnetxduo.a(nx_arp_enable.o) (_nx_arp_queue_process)
C:\workspace\RZA1\rza1h_azure_gcc\updated\netxduo\Debug\libnetxduo.a(nx_icmp_enable.o)
                              C:\workspace\RZA1\rza1h_azure_gcc\updated\netxduo\Debug\libnetxduo.a(nxe_icmp_enable.o) (_nx_icmp_enable)
C:\workspace\RZA1\rza1h_azure_gcc\updated\netxduo\Debug\libnetxduo.a(nx_icmp_packet_receive.o)
[...]
Memory Configuration

Name             Origin             Length             Attributes
QSPI             0x18080000         0x00f80000         xr
QSPI_FLASH_RES   0x19000000         0x03000000         r
USER_RAM         0x205e8000         0x00200000         xrw
STACK_RAM        0x207e8000         0x00018000         xrw
VRAM_RESERVED    0x60800000         0x00200000         r
VRAM_MIRROR      0x60800000         0x00200000         rw
*default*        0x00000000         0xffffffff

Linker script and memory map

LOAD ./src/nx_driver_renesas_rz.o
LOAD ./src/sample_netx_duo_ping.o
START GROUP
LOAD C:\workspace\RZA1\rza1h_azure_gcc\updated\netxduo\Debug\libnetxduo.a
LOAD C:\workspace\RZA1\rza1h_azure_gcc\updated\rz_bsp\Debug\librz_bsp.a
LOAD C:\workspace\RZA1\rza1h_azure_gcc\updated\threadx\Debug\libthreadx.a
END GROUP
START GROUP
LOAD c:/program files (x86)/gnu tools arm embedded/6 2017-q2-update/bin/../lib/gcc/arm-none-eabi/6.3.1/thumb/v7-ar/fpv3/hard\libgcc.a
LOAD c:/program files (x86)/gnu tools arm embedded/6 2017-q2-update/bin/../lib/gcc/arm-none-eabi/6.3.1/../../../../arm-none-eabi/lib/thumb/v7-ar/fpv3/hard\libg.a
LOAD c:/program files (x86)/gnu tools arm embedded/6 2017-q2-update/bin/../lib/gcc/arm-none-eabi/6.3.1/../../../../arm-none-eabi/lib/thumb/v7-ar/fpv3/hard\libc.a
END GROUP
START GROUP
LOAD c:/program files (x86)/gnu tools arm embedded/6 2017-q2-update/bin/../lib/gcc/arm-none-eabi/6.3.1/thumb/v7-ar/fpv3/hard\libgcc.a
LOAD c:/program files (x86)/gnu tools arm embedded/6 2017-q2-update/bin/../lib/gcc/arm-none-eabi/6.3.1/../../../../arm-none-eabi/lib/thumb/v7-ar/fpv3/hard\libc.a
LOAD c:/program files (x86)/gnu tools arm embedded/6 2017-q2-update/bin/../lib/gcc/arm-none-eabi/6.3.1/../../../../arm-none-eabi/lib/thumb/v7-ar/fpv3/hard\libnosys.a
END GROUP
START GROUP
LOAD c:/program files (x86)/gnu tools arm embedded/6 2017-q2-update/bin/../lib/gcc/arm-none-eabi/6.3.1/thumb/v7-ar/fpv3/hard\libgcc.a
LOAD c:/program files (x86)/gnu tools arm embedded/6 2017-q2-update/bin/../lib/gcc/arm-none-eabi/6.3.1/../../../../arm-none-eabi/lib/thumb/v7-ar/fpv3/hard\libc.a
LOAD c:/program files (x86)/gnu tools arm embedded/6 2017-q2-update/bin/../lib/gcc/arm-none-eabi/6.3.1/../../../../arm-none-eabi/lib/thumb/v7-ar/fpv3/hard\librdimon.a
END GROUP
                0x18080000                QSPI_START = 0x18080000
                0x60a00000                VRAM_END = 0x60a00000
                0x00200000                VRAM_LENGTH = 0x200000
                0x60800000                VRAM_START = (VRAM_END - VRAM_LENGTH)
                0x00008000                PROGRAM_STACK_SIZE = 0x8000
                0x00002000                IRQ_STACK_SIZE = 0x2000
                0x00002000                FIQ_STACK_SIZE = 0x2000
                0x00002000                SVC_STACK_SIZE = 0x2000
                0x00002000                ABT_STACK_SIZE = 0x2000
                0x00008000                TTB_SIZE = 0x8000
                0x0000c800                NL_HEAP_SIZE = 0xc800
                0x20800000                STACK_END = (VRAM_START - 0x40000000)
                0x00018000                STACK_LENGTH = (((((PROGRAM_STACK_SIZE + IRQ_STACK_SIZE) + FIQ_STACK_SIZE) + SVC_STACK_SIZE) + ABT_STACK_SIZE) + TTB_SIZE)
                0x207e8000                STACK_START = (STACK_END - STACK_LENGTH)
                0x207e8000                RAM_END = STACK_START
                0x00200000                RAM_LENGTH = 0x200000
                0x205e8000                RAM_START = (RAM_END - RAM_LENGTH)
                0x18080000                EXEC_BASE = 0x18080000

.reset          0x18080000      0x49c
                0x18080000                execute = .
 *start.o(.text)
 .text          0x18080000       0x70 C:\workspace\RZA1\rza1h_azure_gcc\updated\rz_bsp\Debug\librz_bsp.a(start.o)
                0x18080000                start
 *start.o(.rodata)
 *start.o(.data)
 *access.o(.text)
 .text          0x18080070       0xf8 C:\workspace\RZA1\rza1h_azure_gcc\updated\rz_bsp\Debug\librz_bsp.a(access.o)
                0x18080070                enable_neon_vfp_access_priv
                0x18080090                enable_neon_vfp_access_full
                0x180800b0                disable_neon_vfp_access
                0x180800d0                neon_vfp_on
                0x180800e0                neon_vfp_off
                0x180800f0                enable_mmu
                0x18080110                disable_mmu
                0x18080130                VbarInit
                0x1808013c                SetLowVectors
                0x18080150                SetHighVectors
 *access.o(.rodata)
 *access.o(.data)
 *initsct.o(.text)
 .text          0x18080168       0x5c C:\workspace\RZA1\rza1h_azure_gcc\updated\rz_bsp\Debug\librz_bsp.a(initsct.o)
                0x18080168                initsct
 *initsct.o(.rodata)
 *initsct.o(.data)
 *reset_handler.o(.text)
 .text          0x180801c4      0x174 C:\workspace\RZA1\rza1h_azure_gcc\updated\rz_bsp\Debug\librz_bsp.a(reset_handler.o)
                0x180801c4                reset_handler
                0x180802f8                undefined_handler
                0x180802fc                svc_handler
                0x18080300                prefetch_handler
                0x18080304                abort_handler
                0x18080308                reserved_handler
 *reset_handler.o(.rodata)
 *reset_handler.o(.data)
 *ttb_init.o(.text)
 .text          0x18080338      0x164 C:\workspace\RZA1\rza1h_azure_gcc\updated\rz_bsp\Debug\librz_bsp.a(ttb_init.o)
                0x18080338                init_TTB
 *ttb_init.o(.rodata)
 *ttb_init.o(.data)
 *vbar_init.o(.text)
 *vbar_init.o(.rodata)
 *vbar_init.o(.data)
                0x1808049c                . = ALIGN (0x4)
 *(.text.startup)
                0x1808049c                address_end_reset = .

.vfp11_veneer   0x1808049c        0x0
 .vfp11_veneer  0x1808049c        0x0 linker stubs

.v4_bx          0x1808049c        0x0
 .v4_bx         0x1808049c        0x0 linker stubs

.rodata         0x1808049c    0x34438
 *crtbegin.o(.ctors)
 *(EXCLUDE_FILE(crtend.o *) .ctors)
 *(SORT(.ctors.*))
 *crtend.o(.ctors)
 *crtbegin.o(.dtors)
 *(EXCLUDE_FILE(crtend.o *) .dtors)
 *(SORT(.dtors.*))
 *crtend.o(.dtors)
 *(.rodata)
 .rodata        0x1808049c       0x14 ./src/nx_driver_renesas_rz.o
 .rodata        0x180804b0       0x97 ./src/sample_netx_duo_ping.o
 *fill*         0x18080547        0x1 
 .rodata        0x18080548     0x201d C:\workspace\RZA1\rza1h_azure_gcc\updated\rz_bsp\Debug\librz_bsp.a(r_intc_monitor.o)
 *fill*         0x18082565        0x3 
 .rodata        0x18082568       0x5d C:\workspace\RZA1\rza1h_azure_gcc\updated\rz_bsp\Debug\librz_bsp.a(r_os_abstraction_azure.o)
 *fill*         0x180825c5        0x3 
 .rodata        0x180825c8      0x444 C:\workspace\RZA1\rza1h_azure_gcc\updated\rz_bsp\Debug\librz_bsp.a(r_devlink_wrapper.o)
 .rodata        0x18082a0c        0x6 C:\workspace\RZA1\rza1h_azure_gcc\updated\rz_bsp\Debug\librz_bsp.a(tx_timer_config.o)
 *fill*         0x18082a12        0x2 
 .rodata        0x18082a14       0x24 C:\workspace\RZA1\rza1h_azure_gcc\updated\rz_bsp\Debug\librz_bsp.a(r_wdt_drv_api.o)
 .rodata        0x18082a38       0x1b C:\workspace\RZA1\rza1h_azure_gcc\updated\rz_bsp\Debug\librz_bsp.a(r_sci_drv_api.o)
 *fill*         0x18082a53        0x1 
 .rodata        0x18082a54       0x84 C:\workspace\RZA1\rza1h_azure_gcc\updated\rz_bsp\Debug\librz_bsp.a(r_rtc_drv_api.o)
 .rodata        0x18082ad8       0x22 C:\workspace\RZA1\rza1h_azure_gcc\updated\rz_bsp\Debug\librz_bsp.a(r_led_drv_api.o)
 *fill*         0x18082afa        0x2 
 .rodata        0x18082afc       0x11 C:\workspace\RZA1\rza1h_azure_gcc\updated\rz_bsp\Debug\librz_bsp.a(r_sitrza1h_led_lld.o)
 *fill*         0x18082b0d        0x3 
 .rodata        0x18082b10       0x1e C:\workspace\RZA1\rza1h_azure_gcc\updated\rz_bsp\Debug\librz_bsp.a(r_riic_drv_api.o)
 *fill*         0x18082b2e        0x2 
 .rodata        0x18082b30       0x2d C:\workspace\RZA1\rza1h_azure_gcc\updated\rz_bsp\Debug\librz_bsp.a(r_eeprom_drv_api.o)
 *fill*         0x18082b5d        0x3 
 .rodata        0x18082b60       0x1f C:\workspace\RZA1\rza1h_azure_gcc\updated\rz_bsp\Debug\librz_bsp.a(r_dmac_drv_api.o)
 *fill*         0x18082b7f        0x1 
 .rodata        0x18082b80       0x20 C:\workspace\RZA1\rza1h_azure_gcc\updated\rz_bsp\Debug\librz_bsp.a(r_ostm_drv_api.o)
 .rodata        0x18082ba0        0x9 C:\workspace\RZA1\rza1h_azure_gcc\updated\rz_bsp\Debug\librz_bsp.a(riic_cat9554_drv.o)
 *fill*         0x18082ba9        0x3 
 .rodata        0x18082bac       0x11 C:\workspace\RZA1\rza1h_azure_gcc\updated\rz_bsp\Debug\librz_bsp.a(r_rskrza1h_rtc_lld.o)
 *fill*         0x18082bbd        0x3 
 .rodata        0x18082bc0        0x9 C:\workspace\RZA1\rza1h_azure_gcc\updated\rz_bsp\Debug\librz_bsp.a(r_rskrza1h_riic_lld.o)
 *fill*         0x18082bc9        0x3 
 .rodata        0x18082bcc        0xf C:\workspace\RZA1\rza1h_azure_gcc\updated\rz_bsp\Debug\librz_bsp.a(r_dmac_lld_rza1h.o)
 *fill*         0x18082bdb        0x1 
 .rodata        0x18082bdc       0x29 C:\workspace\RZA1\rza1h_azure_gcc\updated\rz_bsp\Debug\librz_bsp.a(r_rskrza1h_ostm_lld.o)
 *fill*         0x18082c05        0x3 
 .rodata        0x18082c08       0x14 C:\workspace\RZA1\rza1h_azure_gcc\updated\threadx\Debug\libthreadx.a(tx_timer_initialize.o)
 *(.rodata.*)
 .rodata._nx_dhcp_create.str1.4
                0x18082c1c       0x3b C:\workspace\RZA1\rza1h_azure_gcc\updated\netxduo\Debug\libnetxduo.a(nxd_dhcp_client.o)
 *fill*         0x18082c57        0x1 
 .rodata._nx_ip_create.str1.4
                0x18082c58       0x19 C:\workspace\RZA1\rza1h_azure_gcc\updated\netxduo\Debug\libnetxduo.a(nx_ip_create.o)
 *fill*         0x18082c71        0x3 
 .rodata._nx_ipv6_unspecified_address
                0x18082c74       0x10 C:\workspace\RZA1\rza1h_azure_gcc\updated\netxduo\Debug\libnetxduo.a(nx_icmpv6_send_ns.o)
 .rodata._nx_ipv6_all_router_address
                0x18082c84       0x10 C:\workspace\RZA1\rza1h_azure_gcc\updated\netxduo\Debug\libnetxduo.a(nx_icmpv6_send_rs.o)
 .rodata.gs_mount_table
                0x18082c94       0xc0 C:\workspace\RZA1\rza1h_azure_gcc\updated\rz_bsp\Debug\librz_bsp.a(r_devlink_wrapper.o)
 .rodata.g_wdt_driver
                0x18082d54       0x1c C:\workspace\RZA1\rza1h_azure_gcc\updated\rz_bsp\Debug\librz_bsp.a(r_wdt_drv_api.o)
                0x18082d54                g_wdt_driver
 .rodata.g_scif_driver
                0x18082d70       0x1c C:\workspace\RZA1\rza1h_azure_gcc\updated\rz_bsp\Debug\librz_bsp.a(r_sci_drv_api.o)
                0x18082d70                g_scif_driver
 .rodata.gScifDefaultConfig
                0x18082d8c       0x10 C:\workspace\RZA1\rza1h_azure_gcc\updated\rz_bsp\Debug\librz_bsp.a(r_sci_drv_api.o)
 .rodata.g_rtc_driver
                0x18082d9c       0x1c C:\workspace\RZA1\rza1h_azure_gcc\updated\rz_bsp\Debug\librz_bsp.a(r_rtc_drv_api.o)
                0x18082d9c                g_rtc_driver
 .rodata.p_month.8780
                0x18082db8       0x34 C:\workspace\RZA1\rza1h_azure_gcc\updated\rz_bsp\Debug\librz_bsp.a(r_rtc_drv_api.o)
 .rodata.g_stdio_led_driver
                0x18082dec       0x1c C:\workspace\RZA1\rza1h_azure_gcc\updated\rz_bsp\Debug\librz_bsp.a(r_led_drv_api.o)
                0x18082dec                g_stdio_led_driver
 .rodata.gs_st_rskrza1h_lld_led
                0x18082e08        0x6 C:\workspace\RZA1\rza1h_azure_gcc\updated\rz_bsp\Debug\librz_bsp.a(r_sitrza1h_led_lld.o)
 *fill*         0x18082e0e        0x2 
 .rodata.g_riic_driver
                0x18082e10       0x1c C:\workspace\RZA1\rza1h_azure_gcc\updated\rz_bsp\Debug\librz_bsp.a(r_riic_drv_api.o)
                0x18082e10                g_riic_driver
 .rodata.gR1EX24016Driver
                0x18082e2c       0x1c C:\workspace\RZA1\rza1h_azure_gcc\updated\rz_bsp\Debug\librz_bsp.a(r_eeprom_drv_api.o)
                0x18082e2c                gR1EX24016Driver
 .rodata.g_dmac_driver
                0x18082e48       0x1c C:\workspace\RZA1\rza1h_azure_gcc\updated\rz_bsp\Debug\librz_bsp.a(r_dmac_drv_api.o)
                0x18082e48                g_dmac_driver
 .rodata.gs_r_drv_ostm_default
                0x18082e64       0x10 C:\workspace\RZA1\rza1h_azure_gcc\updated\rz_bsp\Debug\librz_bsp.a(r_ostm_drv_api.o)
 .rodata.g_ostm_driver
                0x18082e74       0x1c C:\workspace\RZA1\rza1h_azure_gcc\updated\rz_bsp\Debug\librz_bsp.a(r_ostm_drv_api.o)
                0x18082e74                g_ostm_driver
 .rodata.gcSCIAsynchMultiply
                0x18082e90        0x8 C:\workspace\RZA1\rza1h_azure_gcc\updated\rz_bsp\Debug\librz_bsp.a(r_rskrza1h_sci_lld.o)
 .rodata.gcSCISynchMultiply
                0x18082e98        0x8 C:\workspace\RZA1\rza1h_azure_gcc\updated\rz_bsp\Debug\librz_bsp.a(r_rskrza1h_sci_lld.o)
 .rodata.r_sci_device_config
                0x18082ea0       0xa0 C:\workspace\RZA1\rza1h_azure_gcc\updated\rz_bsp\Debug\librz_bsp.a(r_rskrza1h_sci_lld.o)
 .rodata.DMAC_SC_TABLE
                0x18082f40       0x90 C:\workspace\RZA1\rza1h_azure_gcc\updated\rz_bsp\Debug\librz_bsp.a(r_dmac_lld_rza1h.o)
 .rodata.gs_dma_int_num_table
                0x18082fd0       0x20 C:\workspace\RZA1\rza1h_azure_gcc\updated\rz_bsp\Debug\librz_bsp.a(r_dmac_lld_rza1h.o)
 .rodata.gs_dma_configuration_table
                0x18082ff0      0x7d0 C:\workspace\RZA1\rza1h_azure_gcc\updated\rz_bsp\Debug\librz_bsp.a(r_dmac_lld_rza1h.o)
 .rodata.gs_dma_int_handler_table
                0x180837c0       0x40 C:\workspace\RZA1\rza1h_azure_gcc\updated\rz_bsp\Debug\librz_bsp.a(r_dmac_lld_rza1h.o)
 .rodata.g_r_ostm_sc_ch_config
                0x18083800       0x30 C:\workspace\RZA1\rza1h_azure_gcc\updated\rz_bsp\Debug\librz_bsp.a(r_ostm_drv_sc_cfg.o)
                0x18083800                g_r_ostm_sc_ch_config
 .rodata._puts_r.str1.4
                0x18083830        0x2 c:/program files (x86)/gnu tools arm embedded/6 2017-q2-update/bin/../lib/gcc/arm-none-eabi/6.3.1/../../../../arm-none-eabi/lib/thumb/v7-ar/fpv3/hard\libg.a(lib_a-puts.o)
 *fill*         0x18083832        0x2 
 .rodata._svfprintf_r.str1.4
                0x18083834       0x42 c:/program files (x86)/gnu tools arm embedded/6 2017-q2-update/bin/../lib/gcc/arm-none-eabi/6.3.1/../../../../arm-none-eabi/lib/thumb/v7-ar/fpv3/hard\libg.a(lib_a-svfprintf.o)
 *fill*         0x18083876        0x2 
 .rodata.blanks.8346
                0x18083878       0x10 c:/program files (x86)/gnu tools arm embedded/6 2017-q2-update/bin/../lib/gcc/arm-none-eabi/6.3.1/../../../../arm-none-eabi/lib/thumb/v7-ar/fpv3/hard\libg.a(lib_a-svfprintf.o)
 .rodata.zeroes.8347
                0x18083888       0x10 c:/program files (x86)/gnu tools arm embedded/6 2017-q2-update/bin/../lib/gcc/arm-none-eabi/6.3.1/../../../../arm-none-eabi/lib/thumb/v7-ar/fpv3/hard\libg.a(lib_a-svfprintf.o)
 .rodata.__ssvfscanf_r.str1.4
                0x18083898        0x5 c:/program files (x86)/gnu tools arm embedded/6 2017-q2-update/bin/../lib/gcc/arm-none-eabi/6.3.1/../../../../arm-none-eabi/lib/thumb/v7-ar/fpv3/hard\libg.a(lib_a-svfscanf.o)
 *fill*         0x1808389d        0x3 
 .rodata.basefix.8417
                0x180838a0       0x22 c:/program files (x86)/gnu tools arm embedded/6 2017-q2-update/bin/../lib/gcc/arm-none-eabi/6.3.1/../../../../arm-none-eabi/lib/thumb/v7-ar/fpv3/hard\libg.a(lib_a-svfscanf.o)
 .rodata._vfprintf_r.str1.4
                0x180838c2       0x42 c:/program files (x86)/gnu tools arm embedded/6 2017-q2-update/bin/../lib/gcc/arm-none-eabi/6.3.1/../../../../arm-none-eabi/lib/thumb/v7-ar/fpv3/hard\libg.a(lib_a-vfprintf.o)
 *fill*         0x180838c2        0x2 
 .rodata.blanks.8361
                0x180838c4       0x10 c:/program files (x86)/gnu tools arm embedded/6 2017-q2-update/bin/../lib/gcc/arm-none-eabi/6.3.1/../../../../arm-none-eabi/lib/thumb/v7-ar/fpv3/hard\libg.a(lib_a-vfprintf.o)
 .rodata.zeroes.8362
                0x180838d4       0x10 c:/program files (x86)/gnu tools arm embedded/6 2017-q2-update/bin/../lib/gcc/arm-none-eabi/6.3.1/../../../../arm-none-eabi/lib/thumb/v7-ar/fpv3/hard\libg.a(lib_a-vfprintf.o)
 .rodata._dtoa_r.str1.4
                0x180838e4       0x10 c:/program files (x86)/gnu tools arm embedded/6 2017-q2-update/bin/../lib/gcc/arm-none-eabi/6.3.1/../../../../arm-none-eabi/lib/thumb/v7-ar/fpv3/hard\libg.a(lib_a-dtoa.o)
                                 0x12 (size before relaxing)
 .rodata._setlocale_r.str1.4
                0x180838f4        0xa c:/program files (x86)/gnu tools arm embedded/6 2017-q2-update/bin/../lib/gcc/arm-none-eabi/6.3.1/../../../../arm-none-eabi/lib/thumb/v7-ar/fpv3/hard\libg.a(lib_a-locale.o)
                                  0xd (size before relaxing)
 *fill*         0x180838fe        0x2 
 .rodata.str1.4
                0x18083900        0x2 c:/program files (x86)/gnu tools arm embedded/6 2017-q2-update/bin/../lib/gcc/arm-none-eabi/6.3.1/../../../../arm-none-eabi/lib/thumb/v7-ar/fpv3/hard\libg.a(lib_a-locale.o)
 .rodata._mbrtowc_r.str1.4
                0x18083902        0x1 c:/program files (x86)/gnu tools arm embedded/6 2017-q2-update/bin/../lib/gcc/arm-none-eabi/6.3.1/../../../../arm-none-eabi/lib/thumb/v7-ar/fpv3/hard\libg.a(lib_a-mbrtowc.o)
 *fill*         0x18083902        0x6 
 .rodata.__mprec_bigtens
                0x18083908       0x28 c:/program files (x86)/gnu tools arm embedded/6 2017-q2-update/bin/../lib/gcc/arm-none-eabi/6.3.1/../../../../arm-none-eabi/lib/thumb/v7-ar/fpv3/hard\libg.a(lib_a-mprec.o)
                0x18083908                __mprec_bigtens
 .rodata.__mprec_tens
                0x18083930       0xc8 c:/program files (x86)/gnu tools arm embedded/6 2017-q2-update/bin/../lib/gcc/arm-none-eabi/6.3.1/../../../../arm-none-eabi/lib/thumb/v7-ar/fpv3/hard\libg.a(lib_a-mprec.o)
                0x18083930                __mprec_tens
 .rodata.p05.7178
                0x180839f8        0xc c:/program files (x86)/gnu tools arm embedded/6 2017-q2-update/bin/../lib/gcc/arm-none-eabi/6.3.1/../../../../arm-none-eabi/lib/thumb/v7-ar/fpv3/hard\libg.a(lib_a-mprec.o)
 .rodata._strtod_l.str1.4
                0x18083a04       0x10 c:/program files (x86)/gnu tools arm embedded/6 2017-q2-update/bin/../lib/gcc/arm-none-eabi/6.3.1/../../../../arm-none-eabi/lib/thumb/v7-ar/fpv3/hard\libg.a(lib_a-strtod.o)
                                  0xf (size before relaxing)
 .rodata.fpi.7264
                0x18083a14       0x14 c:/program files (x86)/gnu tools arm embedded/6 2017-q2-update/bin/../lib/gcc/arm-none-eabi/6.3.1/../../../../arm-none-eabi/lib/thumb/v7-ar/fpv3/hard\libg.a(lib_a-strtod.o)
 .rodata.fpinan.7300
                0x18083a28       0x14 c:/program files (x86)/gnu tools arm embedded/6 2017-q2-update/bin/../lib/gcc/arm-none-eabi/6.3.1/../../../../arm-none-eabi/lib/thumb/v7-ar/fpv3/hard\libg.a(lib_a-strtod.o)
 *fill*         0x18083a3c        0x4 
 .rodata.tinytens
                0x18083a40       0x28 c:/program files (x86)/gnu tools arm embedded/6 2017-q2-update/bin/../lib/gcc/arm-none-eabi/6.3.1/../../../../arm-none-eabi/lib/thumb/v7-ar/fpv3/hard\libg.a(lib_a-strtod.o)
 .rodata._ctype_
                0x18083a68      0x101 c:/program files (x86)/gnu tools arm embedded/6 2017-q2-update/bin/../lib/gcc/arm-none-eabi/6.3.1/../../../../arm-none-eabi/lib/thumb/v7-ar/fpv3/hard\libg.a(lib_a-ctype_.o)
                0x18083a68                _ctype_
 *fill*         0x18083b69        0x3 
 .rodata.__hexdig
                0x18083b6c      0x100 c:/program files (x86)/gnu tools arm embedded/6 2017-q2-update/bin/../lib/gcc/arm-none-eabi/6.3.1/../../../../arm-none-eabi/lib/thumb/v7-ar/fpv3/hard\libg.a(lib_a-gdtoa-gethex.o)
                0x18083b6c                __hexdig
                0x18083c70                . = ALIGN (0x8)
 *fill*         0x18083c6c        0x4 
 *(.text)
 .text          0x18083c70      0x128 C:\workspace\RZA1\rza1h_azure_gcc\updated\rz_bsp\Debug\librz_bsp.a(tx_initialize_low_level.o)
                0x18083ce0                $_tx_initialize_low_level
                0x18083cf4                _tx_initialize_low_level
                0x18083d20                __tx_undefined
                0x18083d24                __tx_swi_interrupt
                0x18083d28                __tx_prefetch_handler
                0x18083d2c                __tx_abort_handler
                0x18083d30                __tx_reserved_handler
                0x18083d34                irq_handler
                0x18083d34                __tx_irq_handler
                0x18083d38                __tx_irq_processing_return
                0x18083d6c                __tx_fiq_handler
 .text          0x18083d98       0xfc C:\workspace\RZA1\rza1h_azure_gcc\updated\rz_bsp\Debug\librz_bsp.a(tx_thread_context_restore.o)
                0x18083d98                _tx_thread_context_restore
 .text          0x18083e94       0x70 C:\workspace\RZA1\rza1h_azure_gcc\updated\rz_bsp\Debug\librz_bsp.a(tx_thread_context_save.o)
                0x18083e94                _tx_thread_context_save
 .text          0x18083f04       0x7c C:\workspace\RZA1\rza1h_azure_gcc\updated\rz_bsp\Debug\librz_bsp.a(tx_thread_schedule.o)
                0x18083f04                $_tx_thread_schedule
                0x18083f18                _tx_thread_schedule
 .text          0x18083f80      0x104 C:\workspace\RZA1\rza1h_azure_gcc\updated\rz_bsp\Debug\librz_bsp.a(tx_timer_interrupt.o)
                0x18083f80                $_tx_timer_interrupt
                0x18083f94                _tx_timer_interrupt
 .text          0x18084084       0x44 C:\workspace\RZA1\rza1h_azure_gcc\updated\rz_bsp\Debug\librz_bsp.a(fiq_handler.o)
                0x18084084                fiq_handler
 .text          0x180840c8       0x18 C:\workspace\RZA1\rza1h_azure_gcc\updated\rz_bsp\Debug\librz_bsp.a(isr.o)
                0x180840c8                __enable_fiq
                0x180840d4                __disable_fiq
 .text          0x180840e0       0x30 C:\workspace\RZA1\rza1h_azure_gcc\updated\rz_bsp\Debug\librz_bsp.a(l1_cache_init.o)
                0x180840e0                L1CacheInit
 .text          0x18084110       0x94 C:\workspace\RZA1\rza1h_azure_gcc\updated\rz_bsp\Debug\librz_bsp.a(tx_thread_stack_build.o)
                0x18084110                $_tx_thread_stack_build
                0x18084124                _tx_thread_stack_build
 .text          0x180841a4       0x68 C:\workspace\RZA1\rza1h_azure_gcc\updated\rz_bsp\Debug\librz_bsp.a(tx_thread_system_return.o)
                0x180841a4                $_tx_thread_system_return
                0x180841b8                _tx_thread_system_return
 *fill*         0x1808420c        0x4 
 .text          0x18084210      0x278 c:/program files (x86)/gnu tools arm embedded/6 2017-q2-update/bin/../lib/gcc/arm-none-eabi/6.3.1/thumb/v7-ar/fpv3/hard\libgcc.a(_udivsi3.o)
                0x18084210                __aeabi_uidiv
                0x18084210                __udivsi3
                0x1808446c                __aeabi_uidivmod
 .text          0x18084488        0x4 c:/program files (x86)/gnu tools arm embedded/6 2017-q2-update/bin/../lib/gcc/arm-none-eabi/6.3.1/thumb/v7-ar/fpv3/hard\libgcc.a(_dvmd_tls.o)
                0x18084488                __aeabi_idiv0
                0x18084488                __aeabi_ldiv0
 .text          0x1808448c       0xec c:/program files (x86)/gnu tools arm embedded/6 2017-q2-update/bin/../lib/gcc/arm-none-eabi/6.3.1/../../../../arm-none-eabi/lib/thumb/v7-ar/fpv3/hard\libg.a(lib_a-memcpy.o)
                0x1808448c                memcpy
 .text          0x18084578      0x1bc c:/program files (x86)/gnu tools arm embedded/6 2017-q2-update/bin/../lib/gcc/arm-none-eabi/6.3.1/../../../../arm-none-eabi/lib/thumb/v7-ar/fpv3/hard\libg.a(lib_a-strcmp.o)
                0x18084578                strcmp
 *fill*         0x18084734        0x4 
 .text          0x18084738      0x2b0 c:/program files (x86)/gnu tools arm embedded/6 2017-q2-update/bin/../lib/gcc/arm-none-eabi/6.3.1/thumb/v7-ar/fpv3/hard\libgcc.a(_divsi3.o)
                0x18084738                __divsi3
                0x18084738                __aeabi_idiv
                0x180849cc                __aeabi_idivmod
 .text          0x180849e8       0x30 c:/program files (x86)/gnu tools arm embedded/6 2017-q2-update/bin/../lib/gcc/arm-none-eabi/6.3.1/thumb/v7-ar/fpv3/hard\libgcc.a(_aeabi_uldivmod.o)
                0x180849e8                __aeabi_uldivmod
 .text          0x18084a18      0x114 c:/program files (x86)/gnu tools arm embedded/6 2017-q2-update/bin/../lib/gcc/arm-none-eabi/6.3.1/thumb/v7-ar/fpv3/hard\libgcc.a(_udivmoddi4.o)
                0x18084a18                __udivmoddi4
 *(.text.*)
 .text.nx_driver_renesas_rz
                0x18084b2c      0x7f4 ./src/nx_driver_renesas_rz.o
                0x18084b2c                nx_driver_renesas_rz
 .text._nx_ether_interrupt
                0x18085320       0xe4 ./src/nx_driver_renesas_rz.o
                0x18085320                _nx_ether_interrupt
 .text.nx_ether_send
                0x18085404      0x1a8 ./src/nx_driver_renesas_rz.o
 .text.nx_ether_write
                0x180855ac      0x3d4 ./src/nx_driver_renesas_rz.o
 .text.nx_hw_init_rz
                0x18085980      0x388 ./src/nx_driver_renesas_rz.o
 .text.nx_ether_init
                0x18085d08      0x388 ./src/nx_driver_renesas_rz.o
 .text.nx_storage_init
                0x18086090      0x21c ./src/nx_driver_renesas_rz.o
 .text.nx_multicast_join
                0x180862ac       0x34 ./src/nx_driver_renesas_rz.o
 .text.nx_error_interrupt
                0x180862e0       0x20 ./src/nx_driver_renesas_rz.o
 .text.nx_tx_interrupt
                0x18086300      0x1f0 ./src/nx_driver_renesas_rz.o
 .text.nx_rx_interrupt
                0x180864f0      0x4ec ./src/nx_driver_renesas_rz.o
 .text.nx_receive
                0x180869dc       0xec ./src/nx_driver_renesas_rz.o
 .text.main     0x18086ac8       0x18 ./src/sample_netx_duo_ping.o
                0x18086ac8                main
 .text.tx_application_define
                0x18086ae0      0x290 ./src/sample_netx_duo_ping.o
                0x18086ae0                tx_application_define
 .text.thread_entry
                0x18086d70      0x11c ./src/sample_netx_duo_ping.o
 .text._nx_arp_packet_deferred_receive
                0x18086e8c       0x74 C:\workspace\RZA1\rza1h_azure_gcc\updated\netxduo\Debug\libnetxduo.a(nx_arp_packet_deferred_receive.o)
                0x18086e8c                _nx_arp_packet_deferred_receive
 .text._nx_ip_packet_receive
                0x18086f00       0xc4 C:\workspace\RZA1\rza1h_azure_gcc\updated\netxduo\Debug\libnetxduo.a(nx_ip_packet_receive.o)
                0x18086f00                _nx_ip_packet_receive
 .text._nx_packet_release
                0x18086fc4      0x178 C:\workspace\RZA1\rza1h_azure_gcc\updated\netxduo\Debug\libnetxduo.a(nx_packet_release.o)
                0x18086fc4                _nx_packet_release
 .text._nx_rarp_packet_deferred_receive
                0x1808713c       0x74 C:\workspace\RZA1\rza1h_azure_gcc\updated\netxduo\Debug\libnetxduo.a(nx_rarp_packet_deferred_receive.o)
                0x1808713c                _nx_rarp_packet_deferred_receive
 .text._nx_system_initialize
                0x180871b0       0x9c C:\workspace\RZA1\rza1h_azure_gcc\updated\netxduo\Debug\libnetxduo.a(nx_system_initialize.o)
                0x180871b0                _nx_system_initialize
 .text._nx_tcp_initialize
                0x1808724c        0x4 C:\workspace\RZA1\rza1h_azure_gcc\updated\netxduo\Debug\libnetxduo.a(nx_tcp_initialize.o)
                0x1808724c                _nx_tcp_initialize
 .text._nxe_arp_enable
                0x18087250       0xb8 C:\workspace\RZA1\rza1h_azure_gcc\updated\netxduo\Debug\libnetxduo.a(nxe_arp_enable.o)
                0x18087250                _nxe_arp_enable
 .text._nxe_icmp_enable
                0x18087308       0x88 C:\workspace\RZA1\rza1h_azure_gcc\updated\netxduo\Debug\libnetxduo.a(nxe_icmp_enable.o)
                0x18087308                _nxe_icmp_enable
 .text._nxe_ip_address_get
                0x18087390       0x80 C:\workspace\RZA1\rza1h_azure_gcc\updated\netxduo\Debug\libnetxduo.a(nxe_ip_address_get.o)
                0x18087390                _nxe_ip_address_get
 .text._nxe_ip_create
                0x18087410      0x268 C:\workspace\RZA1\rza1h_azure_gcc\updated\netxduo\Debug\libnetxduo.a(nxe_ip_create.o)
                0x18087410                _nxe_ip_create
 .text._nxe_ip_fragment_enable
                0x18087678       0x74 C:\workspace\RZA1\rza1h_azure_gcc\updated\netxduo\Debug\libnetxduo.a(nxe_ip_fragment_enable.o)
                0x18087678                _nxe_ip_fragment_enable
 .text._nxe_ip_status_check
                0x180876ec       0x94 C:\workspace\RZA1\rza1h_azure_gcc\updated\netxduo\Debug\libnetxduo.a(nxe_ip_status_check.o)
                0x180876ec                _nxe_ip_status_check
 .text._nxe_packet_allocate
                0x18087780       0xac C:\workspace\RZA1\rza1h_azure_gcc\updated\netxduo\Debug\libnetxduo.a(nxe_packet_allocate.o)
                0x18087780                _nxe_packet_allocate
 .text._nxe_packet_pool_create
                0x1808782c      0x270 C:\workspace\RZA1\rza1h_azure_gcc\updated\netxduo\Debug\libnetxduo.a(nxe_packet_pool_create.o)
                0x1808782c                _nxe_packet_pool_create
 .text._nxe_packet_release
                0x18087a9c       0x80 C:\workspace\RZA1\rza1h_azure_gcc\updated\netxduo\Debug\libnetxduo.a(nxe_packet_release.o)
                0x18087a9c                _nxe_packet_release
 .text._nxe_packet_transmit_release
                0x18087b1c       0x80 C:\workspace\RZA1\rza1h_azure_gcc\updated\netxduo\Debug\libnetxduo.a(nxe_packet_transmit_release.o)
                0x18087b1c                _nxe_packet_transmit_release
 .text._nxe_tcp_enable
                0x18087b9c       0x6c C:\workspace\RZA1\rza1h_azure_gcc\updated\netxduo\Debug\libnetxduo.a(nxe_tcp_enable.o)
                0x18087b9c                _nxe_tcp_enable
 .text._nxe_udp_enable
                0x18087c08       0x6c C:\workspace\RZA1\rza1h_azure_gcc\updated\netxduo\Debug\libnetxduo.a(nxe_udp_enable.o)
                0x18087c08                _nxe_udp_enable
 .text._nx_dhcp_send_request_internal
                0x18087c74     0x10a4 C:\workspace\RZA1\rza1h_azure_gcc\updated\netxduo\Debug\libnetxduo.a(nxd_dhcp_client.o)
 .text._nx_dhcp_timeout_entry
                0x18088d18       0x10 C:\workspace\RZA1\rza1h_azure_gcc\updated\netxduo\Debug\libnetxduo.a(nxd_dhcp_client.o)
 .text._nx_dhcp_udp_receive_notify
                0x18088d28       0x1c C:\workspace\RZA1\rza1h_azure_gcc\updated\netxduo\Debug\libnetxduo.a(nxd_dhcp_client.o)
 .text._nx_dhcp_get_option_value
                0x18088d44      0x10c C:\workspace\RZA1\rza1h_azure_gcc\updated\netxduo\Debug\libnetxduo.a(nxd_dhcp_client.o)
 .text.unlikely._nx_dhcp_extract_information.isra.1
                0x18088e50      0x244 C:\workspace\RZA1\rza1h_azure_gcc\updated\netxduo\Debug\libnetxduo.a(nxd_dhcp_client.o)
 .text._nx_dhcp_create
                0x18089094      0x2ac C:\workspace\RZA1\rza1h_azure_gcc\updated\netxduo\Debug\libnetxduo.a(nxd_dhcp_client.o)
                0x18089094                _nx_dhcp_create
 .text._nxe_dhcp_create
                0x18089340       0x48 C:\workspace\RZA1\rza1h_azure_gcc\updated\netxduo\Debug\libnetxduo.a(nxd_dhcp_client.o)
                0x18089340                _nxe_dhcp_create
 .text._nx_dhcp_interface_reinitialize
                0x18089388      0x128 C:\workspace\RZA1\rza1h_azure_gcc\updated\netxduo\Debug\libnetxduo.a(nxd_dhcp_client.o)
                0x18089388                _nx_dhcp_interface_reinitialize
 .text._nx_dhcp_thread_entry
                0x180894b0      0xa74 C:\workspace\RZA1\rza1h_azure_gcc\updated\netxduo\Debug\libnetxduo.a(nxd_dhcp_client.o)
 .text._nx_dhcp_interface_start
                0x18089f24      0x120 C:\workspace\RZA1\rza1h_azure_gcc\updated\netxduo\Debug\libnetxduo.a(nxd_dhcp_client.o)
                0x18089f24                _nx_dhcp_interface_start
 .text._nxe_dhcp_start
                0x1808a044       0xd4 C:\workspace\RZA1\rza1h_azure_gcc\updated\netxduo\Debug\libnetxduo.a(nxd_dhcp_client.o)
                0x1808a044                _nxe_dhcp_start
 .text._nx_arp_enable
                0x1808a118       0xec C:\workspace\RZA1\rza1h_azure_gcc\updated\netxduo\Debug\libnetxduo.a(nx_arp_enable.o)
                0x1808a118                _nx_arp_enable
 .text._nx_arp_entry_allocate
                0x1808a204      0x134 C:\workspace\RZA1\rza1h_azure_gcc\updated\netxduo\Debug\libnetxduo.a(nx_arp_entry_allocate.o)
                0x1808a204                _nx_arp_entry_allocate
 .text._nx_arp_packet_send
                0x1808a338      0x150 C:\workspace\RZA1\rza1h_azure_gcc\updated\netxduo\Debug\libnetxduo.a(nx_arp_packet_send.o)
                0x1808a338                _nx_arp_packet_send
 .text._nx_arp_periodic_update
                0x1808a488      0x170 C:\workspace\RZA1\rza1h_azure_gcc\updated\netxduo\Debug\libnetxduo.a(nx_arp_periodic_update.o)
                0x1808a488                _nx_arp_periodic_update
 .text._nx_arp_queue_process
                0x1808a5f8       0x48 C:\workspace\RZA1\rza1h_azure_gcc\updated\netxduo\Debug\libnetxduo.a(nx_arp_queue_process.o)
                0x1808a5f8                _nx_arp_queue_process
 .text._nx_icmp_enable
                0x1808a640       0x30 C:\workspace\RZA1\rza1h_azure_gcc\updated\netxduo\Debug\libnetxduo.a(nx_icmp_enable.o)
                0x1808a640                _nx_icmp_enable
 .text._nx_icmp_packet_receive
                0x1808a670       0xa4 C:\workspace\RZA1\rza1h_azure_gcc\updated\netxduo\Debug\libnetxduo.a(nx_icmp_packet_receive.o)
                0x1808a670                _nx_icmp_packet_receive
 .text._nx_icmp_queue_process
                0x1808a714       0x48 C:\workspace\RZA1\rza1h_azure_gcc\updated\netxduo\Debug\libnetxduo.a(nx_icmp_queue_process.o)
                0x1808a714                _nx_icmp_queue_process
 .text._nx_icmpv4_packet_process
                0x1808a75c       0xb8 C:\workspace\RZA1\rza1h_azure_gcc\updated\netxduo\Debug\libnetxduo.a(nx_icmpv4_packet_process.o)
                0x1808a75c                _nx_icmpv4_packet_process
 .text._nx_icmpv4_process_echo_reply
                0x1808a814      0x144 C:\workspace\RZA1\rza1h_azure_gcc\updated\netxduo\Debug\libnetxduo.a(nx_icmpv4_process_echo_reply.o)
                0x1808a814                _nx_icmpv4_process_echo_reply
 .text._nx_icmpv4_process_echo_request
                0x1808a958       0xb4 C:\workspace\RZA1\rza1h_azure_gcc\updated\netxduo\Debug\libnetxduo.a(nx_icmpv4_process_echo_request.o)
                0x1808a958                _nx_icmpv4_process_echo_request
 .text._nx_ip_address_get
                0x1808aa0c       0x4c C:\workspace\RZA1\rza1h_azure_gcc\updated\netxduo\Debug\libnetxduo.a(nx_ip_address_get.o)
                0x1808aa0c                _nx_ip_address_get
 .text._nx_ip_checksum_compute
                0x1808aa58      0x1e8 C:\workspace\RZA1\rza1h_azure_gcc\updated\netxduo\Debug\libnetxduo.a(nx_ip_checksum_compute.o)
                0x1808aa58                _nx_ip_checksum_compute
 .text._nx_ip_create
                0x1808ac40      0x24c C:\workspace\RZA1\rza1h_azure_gcc\updated\netxduo\Debug\libnetxduo.a(nx_ip_create.o)
                0x1808ac40                _nx_ip_create
 .text._nx_ip_fragment_enable
                0x1808ae8c       0x38 C:\workspace\RZA1\rza1h_azure_gcc\updated\netxduo\Debug\libnetxduo.a(nx_ip_fragment_enable.o)
                0x1808ae8c                _nx_ip_fragment_enable
 .text._nx_ip_fragment_packet
                0x1808aec4      0x4ac C:\workspace\RZA1\rza1h_azure_gcc\updated\netxduo\Debug\libnetxduo.a(nx_ip_fragment_packet.o)
                0x1808aec4                _nx_ip_fragment_packet
 .text._nx_ip_fragment_timeout_check
                0x1808b370      0x144 C:\workspace\RZA1\rza1h_azure_gcc\updated\netxduo\Debug\libnetxduo.a(nx_ip_fragment_timeout_check.o)
                0x1808b370                _nx_ip_fragment_timeout_check
 .text._nx_ip_gateway_address_clear
                0x1808b4b4       0x40 C:\workspace\RZA1\rza1h_azure_gcc\updated\netxduo\Debug\libnetxduo.a(nx_ip_gateway_address_clear.o)
                0x1808b4b4                _nx_ip_gateway_address_clear
 .text._nx_ip_gateway_address_get
                0x1808b4f4       0x40 C:\workspace\RZA1\rza1h_azure_gcc\updated\netxduo\Debug\libnetxduo.a(nx_ip_gateway_address_get.o)
                0x1808b4f4                _nx_ip_gateway_address_get
 .text._nx_ip_gateway_address_set
                0x1808b534       0x78 C:\workspace\RZA1\rza1h_azure_gcc\updated\netxduo\Debug\libnetxduo.a(nx_ip_gateway_address_set.o)
                0x1808b534                _nx_ip_gateway_address_set
 .text._nx_ip_initialize
                0x1808b5ac       0x20 C:\workspace\RZA1\rza1h_azure_gcc\updated\netxduo\Debug\libnetxduo.a(nx_ip_initialize.o)
                0x1808b5ac                _nx_ip_initialize
 .text._nx_ip_interface_address_get
                0x1808b5cc       0x58 C:\workspace\RZA1\rza1h_azure_gcc\updated\netxduo\Debug\libnetxduo.a(nx_ip_interface_address_get.o)
                0x1808b5cc                _nx_ip_interface_address_get
 .text._nx_ip_interface_address_set
                0x1808b624       0xb0 C:\workspace\RZA1\rza1h_azure_gcc\updated\netxduo\Debug\libnetxduo.a(nx_ip_interface_address_set.o)
                0x1808b624                _nx_ip_interface_address_set
 .text._nx_ip_packet_send
                0x1808b6d4      0x130 C:\workspace\RZA1\rza1h_azure_gcc\updated\netxduo\Debug\libnetxduo.a(nx_ip_packet_send.o)
                0x1808b6d4                _nx_ip_packet_send
 .text._nx_ip_periodic_timer_entry
                0x1808b804       0x14 C:\workspace\RZA1\rza1h_azure_gcc\updated\netxduo\Debug\libnetxduo.a(nx_ip_periodic_timer_entry.o)
                0x1808b804                _nx_ip_periodic_timer_entry
 .text._nx_ip_route_find
                0x1808b818      0x338 C:\workspace\RZA1\rza1h_azure_gcc\updated\netxduo\Debug\libnetxduo.a(nx_ip_route_find.o)
                0x1808b818                _nx_ip_route_find
 .text._nx_ip_status_check
                0x1808bb50       0x24 C:\workspace\RZA1\rza1h_azure_gcc\updated\netxduo\Debug\libnetxduo.a(nx_ip_status_check.o)
                0x1808bb50                _nx_ip_status_check
 .text._nx_ip_thread_entry
                0x1808bb74      0x490 C:\workspace\RZA1\rza1h_azure_gcc\updated\netxduo\Debug\libnetxduo.a(nx_ip_thread_entry.o)
                0x1808bb74                _nx_ip_thread_entry
 .text._nx_ipv4_packet_receive
                0x1808c004      0x4e8 C:\workspace\RZA1\rza1h_azure_gcc\updated\netxduo\Debug\libnetxduo.a(nx_ipv4_packet_receive.o)
                0x1808c004                _nx_ipv4_packet_receive
 .text._nx_ipv6_multicast_join
                0x1808c4ec       0x60 C:\workspace\RZA1\rza1h_azure_gcc\updated\netxduo\Debug\libnetxduo.a(nx_ipv6_multicast_join.o)
                0x1808c4ec                _nx_ipv6_multicast_join
 .text.CHECK_IP_ADDRESSES_BY_PREFIX
                0x1808c54c       0x64 C:\workspace\RZA1\rza1h_azure_gcc\updated\netxduo\Debug\libnetxduo.a(nx_ipv6_util.o)
                0x1808c54c                CHECK_IP_ADDRESSES_BY_PREFIX
 .text.CHECK_IPV6_ADDRESSES_SAME
                0x1808c5b0       0x50 C:\workspace\RZA1\rza1h_azure_gcc\updated\netxduo\Debug\libnetxduo.a(nx_ipv6_util.o)
                0x1808c5b0                CHECK_IPV6_ADDRESSES_SAME
 .text.CHECK_UNSPECIFIED_ADDRESS
                0x1808c600       0x3c C:\workspace\RZA1\rza1h_azure_gcc\updated\netxduo\Debug\libnetxduo.a(nx_ipv6_util.o)
                0x1808c600                CHECK_UNSPECIFIED_ADDRESS
 .text.SET_UNSPECIFIED_ADDRESS
                0x1808c63c       0x18 C:\workspace\RZA1\rza1h_azure_gcc\updated\netxduo\Debug\libnetxduo.a(nx_ipv6_util.o)
                0x1808c63c                SET_UNSPECIFIED_ADDRESS
 .text.COPY_IPV6_ADDRESS
                0x1808c654       0x24 C:\workspace\RZA1\rza1h_azure_gcc\updated\netxduo\Debug\libnetxduo.a(nx_ipv6_util.o)
                0x1808c654                COPY_IPV6_ADDRESS
 .text.SET_SOLICITED_NODE_MULTICAST_ADDRESS
                0x1808c678       0x28 C:\workspace\RZA1\rza1h_azure_gcc\updated\netxduo\Debug\libnetxduo.a(nx_ipv6_util.o)
                0x1808c678                SET_SOLICITED_NODE_MULTICAST_ADDRESS
 .text.IPv6_Address_Type
                0x1808c6a0      0x14c C:\workspace\RZA1\rza1h_azure_gcc\updated\netxduo\Debug\libnetxduo.a(nx_ipv6_util.o)
                0x1808c6a0                IPv6_Address_Type
 .text._nx_ipv6_address_change_endian
                0x1808c7ec       0x60 C:\workspace\RZA1\rza1h_azure_gcc\updated\netxduo\Debug\libnetxduo.a(nx_ipv6_util.o)
                0x1808c7ec                _nx_ipv6_address_change_endian
 .text._nx_packet_allocate
                0x1808c84c      0x15c C:\workspace\RZA1\rza1h_azure_gcc\updated\netxduo\Debug\libnetxduo.a(nx_packet_allocate.o)
                0x1808c84c                _nx_packet_allocate
 .text._nx_packet_data_append
                0x1808c9a8      0x1b8 C:\workspace\RZA1\rza1h_azure_gcc\updated\netxduo\Debug\libnetxduo.a(nx_packet_data_append.o)
                0x1808c9a8                _nx_packet_data_append
 .text._nx_packet_data_extract_offset
                0x1808cb60       0xd8 C:\workspace\RZA1\rza1h_azure_gcc\updated\netxduo\Debug\libnetxduo.a(nx_packet_data_extract_offset.o)
                0x1808cb60                _nx_packet_data_extract_offset
 .text._nx_packet_pool_cleanup
                0x1808cc38       0xa8 C:\workspace\RZA1\rza1h_azure_gcc\updated\netxduo\Debug\libnetxduo.a(nx_packet_pool_cleanup.o)
                0x1808cc38                _nx_packet_pool_cleanup
 .text._nx_packet_pool_create
                0x1808cce0      0x14c C:\workspace\RZA1\rza1h_azure_gcc\updated\netxduo\Debug\libnetxduo.a(nx_packet_pool_create.o)
                0x1808cce0                _nx_packet_pool_create
 .text._nx_packet_pool_delete
                0x1808ce2c       0xfc C:\workspace\RZA1\rza1h_azure_gcc\updated\netxduo\Debug\libnetxduo.a(nx_packet_pool_delete.o)
                0x1808ce2c                _nx_packet_pool_delete
 .text._nx_packet_pool_initialize
                0x1808cf28       0x20 C:\workspace\RZA1\rza1h_azure_gcc\updated\netxduo\Debug\libnetxduo.a(nx_packet_pool_initialize.o)
                0x1808cf28                _nx_packet_pool_initialize
 .text._nx_packet_transmit_release
                0x1808cf48       0x68 C:\workspace\RZA1\rza1h_azure_gcc\updated\netxduo\Debug\libnetxduo.a(nx_packet_transmit_release.o)
                0x1808cf48                _nx_packet_transmit_release
 .text._nx_tcp_enable
                0x1808cfb0      0x104 C:\workspace\RZA1\rza1h_azure_gcc\updated\netxduo\Debug\libnetxduo.a(nx_tcp_enable.o)
                0x1808cfb0                _nx_tcp_enable
 .text._nx_tcp_fast_periodic_processing
                0x1808d0b4      0x1d8 C:\workspace\RZA1\rza1h_azure_gcc\updated\netxduo\Debug\libnetxduo.a(nx_tcp_fast_periodic_processing.o)
                0x1808d0b4                _nx_tcp_fast_periodic_processing
 .text._nx_tcp_packet_receive
                0x1808d28c       0xcc C:\workspace\RZA1\rza1h_azure_gcc\updated\netxduo\Debug\libnetxduo.a(nx_tcp_packet_receive.o)
                0x1808d28c                _nx_tcp_packet_receive
 .text._nx_tcp_packet_send_ack
                0x1808d358       0x44 C:\workspace\RZA1\rza1h_azure_gcc\updated\netxduo\Debug\libnetxduo.a(nx_tcp_packet_send_ack.o)
                0x1808d358                _nx_tcp_packet_send_ack
 .text._nx_tcp_packet_send_control
                0x1808d39c      0x27c C:\workspace\RZA1\rza1h_azure_gcc\updated\netxduo\Debug\libnetxduo.a(nx_tcp_packet_send_control.o)
                0x1808d39c                _nx_tcp_packet_send_control
 .text._nx_tcp_packet_send_fin
                0x1808d618       0x30 C:\workspace\RZA1\rza1h_azure_gcc\updated\netxduo\Debug\libnetxduo.a(nx_tcp_packet_send_fin.o)
                0x1808d618                _nx_tcp_packet_send_fin
 .text._nx_tcp_packet_send_syn
                0x1808d648      0x114 C:\workspace\RZA1\rza1h_azure_gcc\updated\netxduo\Debug\libnetxduo.a(nx_tcp_packet_send_syn.o)
                0x1808d648                _nx_tcp_packet_send_syn
 .text._nx_tcp_periodic_processing
                0x1808d75c        0x4 C:\workspace\RZA1\rza1h_azure_gcc\updated\netxduo\Debug\libnetxduo.a(nx_tcp_periodic_processing.o)
                0x1808d75c                _nx_tcp_periodic_processing
 .text._nx_tcp_queue_process
                0x1808d760       0x50 C:\workspace\RZA1\rza1h_azure_gcc\updated\netxduo\Debug\libnetxduo.a(nx_tcp_queue_process.o)
                0x1808d760                _nx_tcp_queue_process
 .text._nx_tcp_socket_block_cleanup
                0x1808d7b0       0x44 C:\workspace\RZA1\rza1h_azure_gcc\updated\netxduo\Debug\libnetxduo.a(nx_tcp_socket_block_cleanup.o)
                0x1808d7b0                _nx_tcp_socket_block_cleanup
 .text._nx_tcp_socket_connection_reset
                0x1808d7f4       0xe0 C:\workspace\RZA1\rza1h_azure_gcc\updated\netxduo\Debug\libnetxduo.a(nx_tcp_socket_connection_reset.o)
                0x1808d7f4                _nx_tcp_socket_connection_reset
 .text._nx_tcp_socket_receive_queue_flush
                0x1808d8d4       0x58 C:\workspace\RZA1\rza1h_azure_gcc\updated\netxduo\Debug\libnetxduo.a(nx_tcp_socket_receive_queue_flush.o)
                0x1808d8d4                _nx_tcp_socket_receive_queue_flush
 .text._nx_tcp_socket_retransmit
                0x1808d92c      0x420 C:\workspace\RZA1\rza1h_azure_gcc\updated\netxduo\Debug\libnetxduo.a(nx_tcp_socket_retransmit.o)
                0x1808d92c                _nx_tcp_socket_retransmit
 .text._nx_tcp_socket_transmit_queue_flush
                0x1808dd4c       0x94 C:\workspace\RZA1\rza1h_azure_gcc\updated\netxduo\Debug\libnetxduo.a(nx_tcp_socket_transmit_queue_flush.o)
                0x1808dd4c                _nx_tcp_socket_transmit_queue_flush
 .text._nx_tcp_transmit_cleanup
                0x1808dde0      0x130 C:\workspace\RZA1\rza1h_azure_gcc\updated\netxduo\Debug\libnetxduo.a(nx_tcp_transmit_cleanup.o)
                0x1808dde0                _nx_tcp_transmit_cleanup
 .text._nx_udp_enable
                0x1808df10       0x14 C:\workspace\RZA1\rza1h_azure_gcc\updated\netxduo\Debug\libnetxduo.a(nx_udp_enable.o)
                0x1808df10                _nx_udp_enable
 .text._nx_udp_packet_info_extract
                0x1808df24       0x48 C:\workspace\RZA1\rza1h_azure_gcc\updated\netxduo\Debug\libnetxduo.a(nx_udp_packet_info_extract.o)
                0x1808df24                _nx_udp_packet_info_extract
 .text._nx_udp_packet_receive
                0x1808df6c      0x4e4 C:\workspace\RZA1\rza1h_azure_gcc\updated\netxduo\Debug\libnetxduo.a(nx_udp_packet_receive.o)
                0x1808df6c                _nx_udp_packet_receive
 .text._nx_udp_socket_bind
                0x1808e450      0x1f4 C:\workspace\RZA1\rza1h_azure_gcc\updated\netxduo\Debug\libnetxduo.a(nx_udp_socket_bind.o)
                0x1808e450                _nx_udp_socket_bind
 .text._nx_udp_socket_create
                0x1808e644       0xb8 C:\workspace\RZA1\rza1h_azure_gcc\updated\netxduo\Debug\libnetxduo.a(nx_udp_socket_create.o)
                0x1808e644                _nx_udp_socket_create
 .text._nx_udp_socket_delete
                0x1808e6fc       0x9c C:\workspace\RZA1\rza1h_azure_gcc\updated\netxduo\Debug\libnetxduo.a(nx_udp_socket_delete.o)
                0x1808e6fc                _nx_udp_socket_delete
 .text._nx_udp_socket_receive
                0x1808e798      0x2dc C:\workspace\RZA1\rza1h_azure_gcc\updated\netxduo\Debug\libnetxduo.a(nx_udp_socket_receive.o)
                0x1808e798                _nx_udp_socket_receive
 .text._nx_udp_socket_receive_notify
                0x1808ea74       0x18 C:\workspace\RZA1\rza1h_azure_gcc\updated\netxduo\Debug\libnetxduo.a(nx_udp_socket_receive_notify.o)
                0x1808ea74                _nx_udp_socket_receive_notify
 .text._nx_udp_socket_source_send
                0x1808ea8c       0x28 C:\workspace\RZA1\rza1h_azure_gcc\updated\netxduo\Debug\libnetxduo.a(nx_udp_socket_source_send.o)
                0x1808ea8c                _nx_udp_socket_source_send
 .text._nx_udp_socket_unbind
                0x1808eab4      0x23c C:\workspace\RZA1\rza1h_azure_gcc\updated\netxduo\Debug\libnetxduo.a(nx_udp_socket_unbind.o)
                0x1808eab4                _nx_udp_socket_unbind
 .text._nx_utility_string_length_check
                0x1808ecf0       0x5c C:\workspace\RZA1\rza1h_azure_gcc\updated\netxduo\Debug\libnetxduo.a(nx_utility.o)
                0x1808ecf0                _nx_utility_string_length_check
 .text._nxd_ipv6_prefix_router_timer_tick
                0x1808ed4c      0x428 C:\workspace\RZA1\rza1h_azure_gcc\updated\netxduo\Debug\libnetxduo.a(nxd_ipv6_prefix_router_timer_tick.o)
                0x1808ed4c                _nxd_ipv6_prefix_router_timer_tick
 .text._nxd_ipv6_router_solicitation_check
                0x1808f174       0x6c C:\workspace\RZA1\rza1h_azure_gcc\updated\netxduo\Debug\libnetxduo.a(nxd_ipv6_router_solicitation_check.o)
                0x1808f174                _nxd_ipv6_router_solicitation_check
 .text._nxd_udp_packet_info_extract
                0x1808f1e0       0xe0 C:\workspace\RZA1\rza1h_azure_gcc\updated\netxduo\Debug\libnetxduo.a(nxd_udp_packet_info_extract.o)
                0x1808f1e0                _nxd_udp_packet_info_extract
 .text._nx_arp_dynamic_entry_delete
                0x1808f2c0       0xac C:\workspace\RZA1\rza1h_azure_gcc\updated\netxduo\Debug\libnetxduo.a(nx_arp_dynamic_entry_delete.o)
                0x1808f2c0                _nx_arp_dynamic_entry_delete
 .text._nx_arp_packet_receive
                0x1808f36c      0x490 C:\workspace\RZA1\rza1h_azure_gcc\updated\netxduo\Debug\libnetxduo.a(nx_arp_packet_receive.o)
                0x1808f36c                _nx_arp_packet_receive
 .text._nx_arp_queue_send
                0x1808f7fc       0xe4 C:\workspace\RZA1\rza1h_azure_gcc\updated\netxduo\Debug\libnetxduo.a(nx_arp_queue_send.o)
                0x1808f7fc                _nx_arp_queue_send
 .text._nx_icmp_packet_process
                0x1808f8e0       0x28 C:\workspace\RZA1\rza1h_azure_gcc\updated\netxduo\Debug\libnetxduo.a(nx_icmp_packet_process.o)
                0x1808f8e0                _nx_icmp_packet_process
 .text._nx_icmpv4_send_error_message
                0x1808f908      0x2bc C:\workspace\RZA1\rza1h_azure_gcc\updated\netxduo\Debug\libnetxduo.a(nx_icmpv4_send_error_message.o)
                0x1808f908                _nx_icmpv4_send_error_message
 .text._nx_icmpv6_perform_DAD
                0x1808fbc4       0x98 C:\workspace\RZA1\rza1h_azure_gcc\updated\netxduo\Debug\libnetxduo.a(nx_icmpv6_perform_DAD.o)
                0x1808fbc4                _nx_icmpv6_perform_DAD
 .text._nx_icmpv6_send_error_message
                0x1808fc5c      0x508 C:\workspace\RZA1\rza1h_azure_gcc\updated\netxduo\Debug\libnetxduo.a(nx_icmpv6_send_error_message.o)
                0x1808fc5c                _nx_icmpv6_send_error_message
 .text._nx_icmpv6_send_ns
                0x18090164      0x270 C:\workspace\RZA1\rza1h_azure_gcc\updated\netxduo\Debug\libnetxduo.a(nx_icmpv6_send_ns.o)
                0x18090164                _nx_icmpv6_send_ns
 .text._nx_icmpv6_send_rs
                0x180903d4      0x168 C:\workspace\RZA1\rza1h_azure_gcc\updated\netxduo\Debug\libnetxduo.a(nx_icmpv6_send_rs.o)
                0x180903d4                _nx_icmpv6_send_rs
 .text._nx_igmp_multicast_check
                0x1809053c       0xfc C:\workspace\RZA1\rza1h_azure_gcc\updated\netxduo\Debug\libnetxduo.a(nx_igmp_multicast_check.o)
                0x1809053c                _nx_igmp_multicast_check
 .text._nx_invalidate_destination_entry
                0x18090638      0x234 C:\workspace\RZA1\rza1h_azure_gcc\updated\netxduo\Debug\libnetxduo.a(nx_invalidate_destination_entry.o)
                0x18090638                _nx_invalidate_destination_entry
 .text._nx_ip_deferred_link_status_process
                0x1809086c       0x88 C:\workspace\RZA1\rza1h_azure_gcc\updated\netxduo\Debug\libnetxduo.a(nx_ip_deferred_link_status_process.o)
                0x1809086c                _nx_ip_deferred_link_status_process
 .text._nx_ip_dispatch_process
                0x180908f4      0x490 C:\workspace\RZA1\rza1h_azure_gcc\updated\netxduo\Debug\libnetxduo.a(nx_ip_dispatch_process.o)
                0x180908f4                _nx_ip_dispatch_process
 .text._nx_ip_driver_packet_send
                0x18090d84      0x4d0 C:\workspace\RZA1\rza1h_azure_gcc\updated\netxduo\Debug\libnetxduo.a(nx_ip_driver_packet_send.o)
                0x18090d84                _nx_ip_driver_packet_send
 .text._nx_ip_fast_periodic_timer_entry
                0x18091254       0x14 C:\workspace\RZA1\rza1h_azure_gcc\updated\netxduo\Debug\libnetxduo.a(nx_ip_fast_periodic_timer_entry.o)
 .text._nx_ip_fast_periodic_timer_create
                0x18091268       0x50 C:\workspace\RZA1\rza1h_azure_gcc\updated\netxduo\Debug\libnetxduo.a(nx_ip_fast_periodic_timer_entry.o)
                0x18091268                _nx_ip_fast_periodic_timer_create
 .text._nx_ip_fragment_assembly
                0x180912b8      0x64c C:\workspace\RZA1\rza1h_azure_gcc\updated\netxduo\Debug\libnetxduo.a(nx_ip_fragment_assembly.o)
                0x180912b8                _nx_ip_fragment_assembly
 .text._nx_ip_header_add
                0x18091904      0x1b8 C:\workspace\RZA1\rza1h_azure_gcc\updated\netxduo\Debug\libnetxduo.a(nx_ip_header_add.o)
                0x18091904                _nx_ip_header_add
 .text._nx_ip_interface_status_check
                0x18091abc      0x27c C:\workspace\RZA1\rza1h_azure_gcc\updated\netxduo\Debug\libnetxduo.a(nx_ip_interface_status_check.o)
                0x18091abc                _nx_ip_interface_status_check
 .text._nx_ip_packet_deferred_receive
                0x18091d38       0x50 C:\workspace\RZA1\rza1h_azure_gcc\updated\netxduo\Debug\libnetxduo.a(nx_ip_packet_deferred_receive.o)
                0x18091d38                _nx_ip_packet_deferred_receive
 .text._nx_ipv4_option_process
                0x18091d88      0x124 C:\workspace\RZA1\rza1h_azure_gcc\updated\netxduo\Debug\libnetxduo.a(nx_ipv4_option_process.o)
                0x18091d88                _nx_ipv4_option_process
 .text._nx_ipv6_header_add
                0x18091eac      0x148 C:\workspace\RZA1\rza1h_azure_gcc\updated\netxduo\Debug\libnetxduo.a(nx_ipv6_header_add.o)
                0x18091eac                _nx_ipv6_header_add
 .text._nx_ipv6_packet_send
                0x18091ff4      0x458 C:\workspace\RZA1\rza1h_azure_gcc\updated\netxduo\Debug\libnetxduo.a(nx_ipv6_packet_send.o)
                0x18091ff4                _nx_ipv6_packet_send
 .text._nx_ipv6_prefix_list_delete_entry
                0x1809244c      0x108 C:\workspace\RZA1\rza1h_azure_gcc\updated\netxduo\Debug\libnetxduo.a(nx_ipv6_prefix_list_delete_entry.o)
                0x1809244c                _nx_ipv6_prefix_list_delete_entry
 .text._nx_ipv6_process_fragment_option
                0x18092554      0x140 C:\workspace\RZA1\rza1h_azure_gcc\updated\netxduo\Debug\libnetxduo.a(nx_ipv6_process_fragment_option.o)
                0x18092554                _nx_ipv6_process_fragment_option
 .text._nx_ipv6_process_hop_by_hop_option
                0x18092694       0xd8 C:\workspace\RZA1\rza1h_azure_gcc\updated\netxduo\Debug\libnetxduo.a(nx_ipv6_process_hop_by_hop_option.o)
                0x18092694                _nx_ipv6_process_hop_by_hop_option
 .text._nx_ipv6_process_routing_option
                0x1809276c       0x4c C:\workspace\RZA1\rza1h_azure_gcc\updated\netxduo\Debug\libnetxduo.a(nx_ipv6_process_routing_option.o)
                0x1809276c                _nx_ipv6_process_routing_option
 .text._nx_packet_copy
                0x180927b8      0x13c C:\workspace\RZA1\rza1h_azure_gcc\updated\netxduo\Debug\libnetxduo.a(nx_packet_copy.o)
                0x180927b8                _nx_packet_copy
 .text._nx_tcp_cleanup_deferred
                0x180928f4        0x4 C:\workspace\RZA1\rza1h_azure_gcc\updated\netxduo\Debug\libnetxduo.a(nx_tcp_cleanup_deferred.o)
                0x180928f4                _nx_tcp_cleanup_deferred
 .text._nx_tcp_connect_cleanup
                0x180928f8      0x104 C:\workspace\RZA1\rza1h_azure_gcc\updated\netxduo\Debug\libnetxduo.a(nx_tcp_connect_cleanup.o)
                0x180928f8                _nx_tcp_connect_cleanup
 .text._nx_tcp_deferred_cleanup_check
                0x180929fc      0x124 C:\workspace\RZA1\rza1h_azure_gcc\updated\netxduo\Debug\libnetxduo.a(nx_tcp_deferred_cleanup_check.o)
                0x180929fc                _nx_tcp_deferred_cleanup_check
 .text._nx_tcp_disconnect_cleanup
                0x18092b20       0xe4 C:\workspace\RZA1\rza1h_azure_gcc\updated\netxduo\Debug\libnetxduo.a(nx_tcp_disconnect_cleanup.o)
                0x18092b20                _nx_tcp_disconnect_cleanup
 .text._nx_tcp_packet_process
                0x18092c04      0x7b8 C:\workspace\RZA1\rza1h_azure_gcc\updated\netxduo\Debug\libnetxduo.a(nx_tcp_packet_process.o)
                0x18092c04                _nx_tcp_packet_process
 .text._nx_tcp_packet_send_probe
                0x180933bc       0x4c C:\workspace\RZA1\rza1h_azure_gcc\updated\netxduo\Debug\libnetxduo.a(nx_tcp_packet_send_probe.o)
                0x180933bc                _nx_tcp_packet_send_probe
 .text._nx_tcp_receive_cleanup
                0x18093408      0x114 C:\workspace\RZA1\rza1h_azure_gcc\updated\netxduo\Debug\libnetxduo.a(nx_tcp_receive_cleanup.o)
                0x18093408                _nx_tcp_receive_cleanup
 .text._nx_tcp_socket_packet_process
                0x1809351c      0x384 C:\workspace\RZA1\rza1h_azure_gcc\updated\netxduo\Debug\libnetxduo.a(nx_tcp_socket_packet_process.o)
                0x1809351c                _nx_tcp_socket_packet_process
 .text._nx_tcp_socket_state_ack_check
                0x180938a0      0x6c0 C:\workspace\RZA1\rza1h_azure_gcc\updated\netxduo\Debug\libnetxduo.a(nx_tcp_socket_state_ack_check.o)
                0x180938a0                _nx_tcp_socket_state_ack_check
 .text._nx_tcp_socket_state_closing
                0x18093f60       0xa4 C:\workspace\RZA1\rza1h_azure_gcc\updated\netxduo\Debug\libnetxduo.a(nx_tcp_socket_state_closing.o)
                0x18093f60                _nx_tcp_socket_state_closing
 .text._nx_tcp_socket_state_data_check
                0x18094004      0x8d4 C:\workspace\RZA1\rza1h_azure_gcc\updated\netxduo\Debug\libnetxduo.a(nx_tcp_socket_state_data_check.o)
                0x18094004                _nx_tcp_socket_state_data_check
 .text._nx_tcp_socket_state_established
                0x180948d8       0x8c C:\workspace\RZA1\rza1h_azure_gcc\updated\netxduo\Debug\libnetxduo.a(nx_tcp_socket_state_established.o)
                0x180948d8                _nx_tcp_socket_state_established
 .text._nx_tcp_socket_state_fin_wait1
                0x18094964       0xf4 C:\workspace\RZA1\rza1h_azure_gcc\updated\netxduo\Debug\libnetxduo.a(nx_tcp_socket_state_fin_wait1.o)
                0x18094964                _nx_tcp_socket_state_fin_wait1
 .text._nx_tcp_socket_state_fin_wait2
                0x18094a58       0xa4 C:\workspace\RZA1\rza1h_azure_gcc\updated\netxduo\Debug\libnetxduo.a(nx_tcp_socket_state_fin_wait2.o)
                0x18094a58                _nx_tcp_socket_state_fin_wait2
 .text._nx_tcp_socket_state_last_ack
                0x18094afc       0x68 C:\workspace\RZA1\rza1h_azure_gcc\updated\netxduo\Debug\libnetxduo.a(nx_tcp_socket_state_last_ack.o)
                0x18094afc                _nx_tcp_socket_state_last_ack
 .text._nx_tcp_socket_state_syn_received
                0x18094b64       0xb4 C:\workspace\RZA1\rza1h_azure_gcc\updated\netxduo\Debug\libnetxduo.a(nx_tcp_socket_state_syn_received.o)
                0x18094b64                _nx_tcp_socket_state_syn_received
 .text._nx_tcp_socket_state_syn_sent
                0x18094c18      0x1ac C:\workspace\RZA1\rza1h_azure_gcc\updated\netxduo\Debug\libnetxduo.a(nx_tcp_socket_state_syn_sent.o)
                0x18094c18                _nx_tcp_socket_state_syn_sent
 .text._nx_tcp_socket_state_transmit_check
                0x18094dc4       0x88 C:\workspace\RZA1\rza1h_azure_gcc\updated\netxduo\Debug\libnetxduo.a(nx_tcp_socket_state_transmit_check.o)
                0x18094dc4                _nx_tcp_socket_state_transmit_check
 .text._nx_tcp_socket_thread_resume
                0x18094e4c       0x70 C:\workspace\RZA1\rza1h_azure_gcc\updated\netxduo\Debug\libnetxduo.a(nx_tcp_socket_thread_resume.o)
                0x18094e4c                _nx_tcp_socket_thread_resume
 .text._nx_udp_bind_cleanup
                0x18094ebc       0xa4 C:\workspace\RZA1\rza1h_azure_gcc\updated\netxduo\Debug\libnetxduo.a(nx_udp_bind_cleanup.o)
                0x18094ebc                _nx_udp_bind_cleanup
 .text._nx_udp_free_port_find
                0x18094f60       0x9c C:\workspace\RZA1\rza1h_azure_gcc\updated\netxduo\Debug\libnetxduo.a(nx_udp_free_port_find.o)
                0x18094f60                _nx_udp_free_port_find
 .text._nx_udp_receive_cleanup
                0x18094ffc       0x9c C:\workspace\RZA1\rza1h_azure_gcc\updated\netxduo\Debug\libnetxduo.a(nx_udp_receive_cleanup.o)
                0x18094ffc                _nx_udp_receive_cleanup
 .text._nx_udp_socket_send
                0x18095098       0x24 C:\workspace\RZA1\rza1h_azure_gcc\updated\netxduo\Debug\libnetxduo.a(nx_udp_socket_send.o)
                0x18095098                _nx_udp_socket_send
 .text._nxd_ipv6_interface_find
                0x180950bc      0x344 C:\workspace\RZA1\rza1h_azure_gcc\updated\netxduo\Debug\libnetxduo.a(nxd_ipv6_interface_find.o)
                0x180950bc                _nxd_ipv6_interface_find
 .text._nxd_ipv6_router_lookup
                0x18095400      0x520 C:\workspace\RZA1\rza1h_azure_gcc\updated\netxduo\Debug\libnetxduo.a(nxd_ipv6_router_lookup.o)
                0x18095400                _nxd_ipv6_router_lookup
 .text._nxd_ipv6_search_onlink
                0x18095920       0xfc C:\workspace\RZA1\rza1h_azure_gcc\updated\netxduo\Debug\libnetxduo.a(nxd_ipv6_search_onlink.o)
                0x18095920                _nxd_ipv6_search_onlink
 .text._nxd_udp_socket_send
                0x18095a1c      0x270 C:\workspace\RZA1\rza1h_azure_gcc\updated\netxduo\Debug\libnetxduo.a(nxd_udp_socket_send.o)
                0x18095a1c                _nxd_udp_socket_send
 .text._nx_icmpv6_DAD_clear_NDCache_entry
                0x18095c8c       0x24 C:\workspace\RZA1\rza1h_azure_gcc\updated\netxduo\Debug\libnetxduo.a(nx_icmpv6_DAD_clear_NDCache_entry.o)
                0x18095c8c                _nx_icmpv6_DAD_clear_NDCache_entry
 .text._nx_icmpv6_dest_table_add
                0x18095cb0      0x200 C:\workspace\RZA1\rza1h_azure_gcc\updated\netxduo\Debug\libnetxduo.a(nx_icmpv6_dest_table_add.o)
                0x18095cb0                _nx_icmpv6_dest_table_add
 .text._nx_icmpv6_dest_table_find
                0x18095eb0      0x220 C:\workspace\RZA1\rza1h_azure_gcc\updated\netxduo\Debug\libnetxduo.a(nx_icmpv6_dest_table_find.o)
                0x18095eb0                _nx_icmpv6_dest_table_find
 .text._nx_ipv6_fragment_process
                0x180960d0      0x35c C:\workspace\RZA1\rza1h_azure_gcc\updated\netxduo\Debug\libnetxduo.a(nx_ipv6_fragment_process.o)
                0x180960d0                _nx_ipv6_fragment_process
 .text._nx_ipv6_multicast_leave
                0x1809642c       0x60 C:\workspace\RZA1\rza1h_azure_gcc\updated\netxduo\Debug\libnetxduo.a(nx_ipv6_multicast_leave.o)
                0x1809642c                _nx_ipv6_multicast_leave
 .text._nx_ipv6_option_error
                0x1809648c       0x5c C:\workspace\RZA1\rza1h_azure_gcc\updated\netxduo\Debug\libnetxduo.a(nx_ipv6_option_error.o)
                0x1809648c                _nx_ipv6_option_error
 .text._nx_ipv6_packet_copy
                0x180964e8      0x288 C:\workspace\RZA1\rza1h_azure_gcc\updated\netxduo\Debug\libnetxduo.a(nx_ipv6_packet_copy.o)
                0x180964e8                _nx_ipv6_packet_copy
 .text._nx_nd_cache_add_entry
                0x18096770      0x14c C:\workspace\RZA1\rza1h_azure_gcc\updated\netxduo\Debug\libnetxduo.a(nx_nd_cache_add_entry.o)
                0x18096770                _nx_nd_cache_add_entry
 .text._nx_nd_cache_delete_internal
                0x180968bc      0x254 C:\workspace\RZA1\rza1h_azure_gcc\updated\netxduo\Debug\libnetxduo.a(nx_nd_cache_delete_internal.o)
                0x180968bc                _nx_nd_cache_delete_internal
 .text._nx_nd_cache_find_entry
                0x18096b10       0xa8 C:\workspace\RZA1\rza1h_azure_gcc\updated\netxduo\Debug\libnetxduo.a(nx_nd_cache_find_entry.o)
                0x18096b10                _nx_nd_cache_find_entry
 .text._nx_tcp_client_bind_cleanup
                0x18096bb8      0x110 C:\workspace\RZA1\rza1h_azure_gcc\updated\netxduo\Debug\libnetxduo.a(nx_tcp_client_bind_cleanup.o)
                0x18096bb8                _nx_tcp_client_bind_cleanup
 .text._nx_tcp_mss_option_get
                0x18096cc8       0x98 C:\workspace\RZA1\rza1h_azure_gcc\updated\netxduo\Debug\libnetxduo.a(nx_tcp_mss_option_get.o)
                0x18096cc8                _nx_tcp_mss_option_get
 .text._nx_tcp_no_connection_reset
                0x18096d60       0xf8 C:\workspace\RZA1\rza1h_azure_gcc\updated\netxduo\Debug\libnetxduo.a(nx_tcp_no_connection_reset.o)
                0x18096d60                _nx_tcp_no_connection_reset
 .text._nx_tcp_packet_send_rst
                0x18096e58       0x70 C:\workspace\RZA1\rza1h_azure_gcc\updated\netxduo\Debug\libnetxduo.a(nx_tcp_packet_send_rst.o)
                0x18096e58                _nx_tcp_packet_send_rst
 .text._nxd_ipv6_find_max_prefix_length
                0x18096ec8       0xc8 C:\workspace\RZA1\rza1h_azure_gcc\updated\netxduo\Debug\libnetxduo.a(nxd_ipv6_find_max_prefix_length.o)
                0x18096ec8                _nxd_ipv6_find_max_prefix_length
 .text.Phy_Init
                0x18096f90       0xc4 C:\workspace\RZA1\rza1h_azure_gcc\updated\rz_bsp\Debug\librz_bsp.a(phy.o)
                0x18096f90                Phy_Init
 .text.Phy_SetAutonegotiate
                0x18097054      0x16c C:\workspace\RZA1\rza1h_azure_gcc\updated\rz_bsp\Debug\librz_bsp.a(phy.o)
                0x18097054                Phy_SetAutonegotiate
 .text.Phy_GetLinkStatus
                0x180971c0       0x44 C:\workspace\RZA1\rza1h_azure_gcc\updated\rz_bsp\Debug\librz_bsp.a(phy.o)
                0x180971c0                Phy_GetLinkStatus
 .text._Phy_Read
                0x18097204       0x4c C:\workspace\RZA1\rza1h_azure_gcc\updated\rz_bsp\Debug\librz_bsp.a(phy.o)
                0x18097204                _Phy_Read
 .text._Phy_Write
                0x18097250       0x50 C:\workspace\RZA1\rza1h_azure_gcc\updated\rz_bsp\Debug\librz_bsp.a(phy.o)
                0x18097250                _Phy_Write
 .text._Phy_Preamble
                0x180972a0       0x48 C:\workspace\RZA1\rza1h_azure_gcc\updated\rz_bsp\Debug\librz_bsp.a(phy.o)
                0x180972a0                _Phy_Preamble
 .text._Phy_RegSet
                0x180972e8       0xc0 C:\workspace\RZA1\rza1h_azure_gcc\updated\rz_bsp\Debug\librz_bsp.a(phy.o)
                0x180972e8                _Phy_RegSet
 .text._Phy_RegRead
                0x180973a8      0x15c C:\workspace\RZA1\rza1h_azure_gcc\updated\rz_bsp\Debug\librz_bsp.a(phy.o)
                0x180973a8                _Phy_RegRead
 .text._Phy_RegWrite
                0x18097504       0x68 C:\workspace\RZA1\rza1h_azure_gcc\updated\rz_bsp\Debug\librz_bsp.a(phy.o)
                0x18097504                _Phy_RegWrite
 .text._Phy_TransZto0
                0x1809756c       0xec C:\workspace\RZA1\rza1h_azure_gcc\updated\rz_bsp\Debug\librz_bsp.a(phy.o)
                0x1809756c                _Phy_TransZto0
 .text._Phy_Trans1to0
                0x18097658       0x18 C:\workspace\RZA1\rza1h_azure_gcc\updated\rz_bsp\Debug\librz_bsp.a(phy.o)
                0x18097658                _Phy_Trans1to0
 .text._Phy_MiiWrite1
                0x18097670       0xec C:\workspace\RZA1\rza1h_azure_gcc\updated\rz_bsp\Debug\librz_bsp.a(phy.o)
                0x18097670                _Phy_MiiWrite1
 .text._Phy_MiiWrite0
                0x1809775c       0xec C:\workspace\RZA1\rza1h_azure_gcc\updated\rz_bsp\Debug\librz_bsp.a(phy.o)
                0x1809775c                _Phy_MiiWrite0
 .text._Phy_PhyWrite
                0x18097848       0x54 C:\workspace\RZA1\rza1h_azure_gcc\updated\rz_bsp\Debug\librz_bsp.a(phy.o)
                0x18097848                _Phy_PhyWrite
 .text._Phy_PhyRegSet
                0x1809789c       0xe0 C:\workspace\RZA1\rza1h_azure_gcc\updated\rz_bsp\Debug\librz_bsp.a(phy.o)
                0x1809789c                _Phy_PhyRegSet
 .text.R_INTC_RegistIntFunc
                0x1809797c       0x50 C:\workspace\RZA1\rza1h_azure_gcc\updated\rz_bsp\Debug\librz_bsp.a(r_intc_configure.o)
                0x1809797c                R_INTC_RegistIntFunc
 .text.R_INTC_Init
                0x180979cc      0x1dc C:\workspace\RZA1\rza1h_azure_gcc\updated\rz_bsp\Debug\librz_bsp.a(r_intc_configure.o)
                0x180979cc                R_INTC_Init
 .text.R_INTC_Enable
                0x18097ba8       0x88 C:\workspace\RZA1\rza1h_azure_gcc\updated\rz_bsp\Debug\librz_bsp.a(r_intc_configure.o)
                0x18097ba8                R_INTC_Enable
 .text.R_INTC_Disable
                0x18097c30       0x88 C:\workspace\RZA1\rza1h_azure_gcc\updated\rz_bsp\Debug\librz_bsp.a(r_intc_configure.o)
                0x18097c30                R_INTC_Disable
 .text.R_INTC_SetPriority
                0x18097cb8      0x124 C:\workspace\RZA1\rza1h_azure_gcc\updated\rz_bsp\Debug\librz_bsp.a(r_intc_configure.o)
                0x18097cb8                R_INTC_SetPriority
 .text.R_INTC_SetMaskLevel
                0x18097ddc       0x80 C:\workspace\RZA1\rza1h_azure_gcc\updated\rz_bsp\Debug\librz_bsp.a(r_intc_configure.o)
                0x18097ddc                R_INTC_SetMaskLevel
 .text.R_INTC_Update_Isr_Log_Entry
                0x18097e5c       0x80 C:\workspace\RZA1\rza1h_azure_gcc\updated\rz_bsp\Debug\librz_bsp.a(r_intc_monitor.o)
                0x18097e5c                R_INTC_Update_Isr_Log_Entry
 .text.userdef_intc_regist_int_func
                0x18097edc       0x3c C:\workspace\RZA1\rza1h_azure_gcc\updated\rz_bsp\Debug\librz_bsp.a(intc_userdef.o)
                0x18097edc                userdef_intc_regist_int_func
 .text.userdef_intc_undef_id
                0x18097f18       0x1c C:\workspace\RZA1\rza1h_azure_gcc\updated\rz_bsp\Debug\librz_bsp.a(intc_userdef.o)
                0x18097f18                userdef_intc_undef_id
 .text.userdef_intc_handler_exe
                0x18097f34       0x7c C:\workspace\RZA1\rza1h_azure_gcc\updated\rz_bsp\Debug\librz_bsp.a(intc_userdef.o)
                0x18097f34                userdef_intc_handler_exe
 .text.userdef_fiq_handler_exe
                0x18097fb0       0xac C:\workspace\RZA1\rza1h_azure_gcc\updated\rz_bsp\Debug\librz_bsp.a(intc_userdef.o)
                0x18097fb0                userdef_fiq_handler_exe
 .text.userdef_intc_dummy_interrupt
                0x1809805c       0x20 C:\workspace\RZA1\rza1h_azure_gcc\updated\rz_bsp\Debug\librz_bsp.a(intc_userdef.o)
 .text.R_INTC_InterruptHandler
                0x1809807c       0xf8 C:\workspace\RZA1\rza1h_azure_gcc\updated\rz_bsp\Debug\librz_bsp.a(r_intc_handler.o)
                0x1809807c                R_INTC_InterruptHandler
 .text.R_INTC_FiqHandler
                0x18098174       0x14 C:\workspace\RZA1\rza1h_azure_gcc\updated\rz_bsp\Debug\librz_bsp.a(r_intc_handler.o)
                0x18098174                R_INTC_FiqHandler
 .text.R_COMPILER_Nop
                0x18098188       0x1c C:\workspace\RZA1\rza1h_azure_gcc\updated\rz_bsp\Debug\librz_bsp.a(r_os_abstraction_azure.o)
                0x18098188                R_COMPILER_Nop
 .text.R_OS_InitMemManager
                0x180981a4       0x58 C:\workspace\RZA1\rza1h_azure_gcc\updated\rz_bsp\Debug\librz_bsp.a(r_os_abstraction_azure.o)
                0x180981a4                R_OS_InitMemManager
 .text.R_OS_InitKernel
                0x180981fc       0x18 C:\workspace\RZA1\rza1h_azure_gcc\updated\rz_bsp\Debug\librz_bsp.a(r_os_abstraction_azure.o)
                0x180981fc                R_OS_InitKernel
 .text.R_OS_TaskSleep
                0x18098214       0x24 C:\workspace\RZA1\rza1h_azure_gcc\updated\rz_bsp\Debug\librz_bsp.a(r_os_abstraction_azure.o)
                0x18098214                R_OS_TaskSleep
 .text.R_OS_Yield
                0x18098238       0x14 C:\workspace\RZA1\rza1h_azure_gcc\updated\rz_bsp\Debug\librz_bsp.a(r_os_abstraction_azure.o)
                0x18098238                R_OS_Yield
 .text.R_OS_SuspendAllTasks
                0x1809824c       0x18 C:\workspace\RZA1\rza1h_azure_gcc\updated\rz_bsp\Debug\librz_bsp.a(r_os_abstraction_azure.o)
                0x1809824c                R_OS_SuspendAllTasks
 .text.R_OS_ResumeAllTasks
                0x18098264       0x18 C:\workspace\RZA1\rza1h_azure_gcc\updated\rz_bsp\Debug\librz_bsp.a(r_os_abstraction_azure.o)
                0x18098264                R_OS_ResumeAllTasks
 .text.R_OS_SysLock
                0x1809827c       0x34 C:\workspace\RZA1\rza1h_azure_gcc\updated\rz_bsp\Debug\librz_bsp.a(r_os_abstraction_azure.o)
                0x1809827c                R_OS_SysLock
 .text.R_OS_SysUnlock
                0x180982b0       0x2c C:\workspace\RZA1\rza1h_azure_gcc\updated\rz_bsp\Debug\librz_bsp.a(r_os_abstraction_azure.o)
                0x180982b0                R_OS_SysUnlock
 .text.R_OS_SysWaitAccess
                0x180982dc       0x18 C:\workspace\RZA1\rza1h_azure_gcc\updated\rz_bsp\Debug\librz_bsp.a(r_os_abstraction_azure.o)
                0x180982dc                R_OS_SysWaitAccess
 .text.R_OS_SysReleaseAccess
                0x180982f4       0x18 C:\workspace\RZA1\rza1h_azure_gcc\updated\rz_bsp\Debug\librz_bsp.a(r_os_abstraction_azure.o)
                0x180982f4                R_OS_SysReleaseAccess
 .text.R_OS_AllocMem
                0x1809830c       0x50 C:\workspace\RZA1\rza1h_azure_gcc\updated\rz_bsp\Debug\librz_bsp.a(r_os_abstraction_azure.o)
                0x1809830c                R_OS_AllocMem
 .text.R_OS_FreeMem
                0x1809835c       0x24 C:\workspace\RZA1\rza1h_azure_gcc\updated\rz_bsp\Debug\librz_bsp.a(r_os_abstraction_azure.o)
                0x1809835c                R_OS_FreeMem
 .text.R_OS_CreateSemaphore
                0x18098380       0x58 C:\workspace\RZA1\rza1h_azure_gcc\updated\rz_bsp\Debug\librz_bsp.a(r_os_abstraction_azure.o)
                0x18098380                R_OS_CreateSemaphore
 .text.R_OS_DeleteSemaphore
                0x180983d8       0x24 C:\workspace\RZA1\rza1h_azure_gcc\updated\rz_bsp\Debug\librz_bsp.a(r_os_abstraction_azure.o)
                0x180983d8                R_OS_DeleteSemaphore
 .text.R_OS_WaitForSemaphore
                0x180983fc       0x4c C:\workspace\RZA1\rza1h_azure_gcc\updated\rz_bsp\Debug\librz_bsp.a(r_os_abstraction_azure.o)
                0x180983fc                R_OS_WaitForSemaphore
 .text.R_OS_ReleaseSemaphore
                0x18098448       0x44 C:\workspace\RZA1\rza1h_azure_gcc\updated\rz_bsp\Debug\librz_bsp.a(r_os_abstraction_azure.o)
                0x18098448                R_OS_ReleaseSemaphore
 .text.R_OS_CreateMutex
                0x1809848c       0x80 C:\workspace\RZA1\rza1h_azure_gcc\updated\rz_bsp\Debug\librz_bsp.a(r_os_abstraction_azure.o)
                0x1809848c                R_OS_CreateMutex
 .text.R_OS_DeleteMutex
                0x1809850c       0x24 C:\workspace\RZA1\rza1h_azure_gcc\updated\rz_bsp\Debug\librz_bsp.a(r_os_abstraction_azure.o)
                0x1809850c                R_OS_DeleteMutex
 .text.R_OS_AcquireMutex
                0x18098530       0x48 C:\workspace\RZA1\rza1h_azure_gcc\updated\rz_bsp\Debug\librz_bsp.a(r_os_abstraction_azure.o)
                0x18098530                R_OS_AcquireMutex
 .text.R_OS_ReleaseMutex
                0x18098578       0x44 C:\workspace\RZA1\rza1h_azure_gcc\updated\rz_bsp\Debug\librz_bsp.a(r_os_abstraction_azure.o)
                0x18098578                R_OS_ReleaseMutex
 .text.R_OS_EventWaitMutex
                0x180985bc       0xf0 C:\workspace\RZA1\rza1h_azure_gcc\updated\rz_bsp\Debug\librz_bsp.a(r_os_abstraction_azure.o)
                0x180985bc                R_OS_EventWaitMutex
 .text.R_OS_EventReleaseMutex
                0x180986ac       0x40 C:\workspace\RZA1\rza1h_azure_gcc\updated\rz_bsp\Debug\librz_bsp.a(r_os_abstraction_azure.o)
                0x180986ac                R_OS_EventReleaseMutex
 .text.R_OS_CreateEvent
                0x180986ec       0x98 C:\workspace\RZA1\rza1h_azure_gcc\updated\rz_bsp\Debug\librz_bsp.a(r_os_abstraction_azure.o)
                0x180986ec                R_OS_CreateEvent
 .text.R_OS_DeleteEvent
                0x18098784       0x24 C:\workspace\RZA1\rza1h_azure_gcc\updated\rz_bsp\Debug\librz_bsp.a(r_os_abstraction_azure.o)
                0x18098784                R_OS_DeleteEvent
 .text.R_OS_SetEvent
                0x180987a8       0x4c C:\workspace\RZA1\rza1h_azure_gcc\updated\rz_bsp\Debug\librz_bsp.a(r_os_abstraction_azure.o)
                0x180987a8                R_OS_SetEvent
 .text.R_OS_WaitForEvent
                0x180987f4       0x94 C:\workspace\RZA1\rza1h_azure_gcc\updated\rz_bsp\Debug\librz_bsp.a(r_os_abstraction_azure.o)
                0x180987f4                R_OS_WaitForEvent
 .text.matchslot
                0x18098888      0x104 C:\workspace\RZA1\rza1h_azure_gcc\updated\rz_bsp\Debug\librz_bsp.a(syscalls.o)
 .text.newslot  0x1809898c      0x108 C:\workspace\RZA1\rza1h_azure_gcc\updated\rz_bsp\Debug\librz_bsp.a(syscalls.o)
 .text.get_errno
                0x18098a94       0x20 C:\workspace\RZA1\rza1h_azure_gcc\updated\rz_bsp\Debug\librz_bsp.a(syscalls.o)
 .text.error    0x18098ab4       0x34 C:\workspace\RZA1\rza1h_azure_gcc\updated\rz_bsp\Debug\librz_bsp.a(syscalls.o)
 .text.wrap     0x18098ae8       0x3c C:\workspace\RZA1\rza1h_azure_gcc\updated\rz_bsp\Debug\librz_bsp.a(syscalls.o)
 .text._read    0x18098b24       0x44 C:\workspace\RZA1\rza1h_azure_gcc\updated\rz_bsp\Debug\librz_bsp.a(syscalls.o)
                0x18098b24                _read
 .text._swilseek
                0x18098b68      0x164 C:\workspace\RZA1\rza1h_azure_gcc\updated\rz_bsp\Debug\librz_bsp.a(syscalls.o)
                0x18098b68                _swilseek
 .text._lseek   0x18098ccc       0x44 C:\workspace\RZA1\rza1h_azure_gcc\updated\rz_bsp\Debug\librz_bsp.a(syscalls.o)
                0x18098ccc                _lseek
 .text._write   0x18098d10       0x3c C:\workspace\RZA1\rza1h_azure_gcc\updated\rz_bsp\Debug\librz_bsp.a(syscalls.o)
                0x18098d10                _write
 .text._swiopen
                0x18098d4c      0x26c C:\workspace\RZA1\rza1h_azure_gcc\updated\rz_bsp\Debug\librz_bsp.a(syscalls.o)
                0x18098d4c                _swiopen
 .text._open    0x18098fb8       0x44 C:\workspace\RZA1\rza1h_azure_gcc\updated\rz_bsp\Debug\librz_bsp.a(syscalls.o)
                0x18098fb8                _open
 .text._swiclose
                0x18098ffc       0x2c C:\workspace\RZA1\rza1h_azure_gcc\updated\rz_bsp\Debug\librz_bsp.a(syscalls.o)
                0x18098ffc                _swiclose
 .text._close   0x18099028       0x6c C:\workspace\RZA1\rza1h_azure_gcc\updated\rz_bsp\Debug\librz_bsp.a(syscalls.o)
                0x18099028                _close
 .text._sbrk    0x18099094       0xb0 C:\workspace\RZA1\rza1h_azure_gcc\updated\rz_bsp\Debug\librz_bsp.a(syscalls.o)
                0x18099094                _sbrk
 .text._fstat   0x18099144       0x4c C:\workspace\RZA1\rza1h_azure_gcc\updated\rz_bsp\Debug\librz_bsp.a(syscalls.o)
                0x18099144                _fstat
 .text._stat    0x18099190       0x18 C:\workspace\RZA1\rza1h_azure_gcc\updated\rz_bsp\Debug\librz_bsp.a(syscalls.o)
                0x18099190                _stat
 .text._isatty  0x180991a8       0x34 C:\workspace\RZA1\rza1h_azure_gcc\updated\rz_bsp\Debug\librz_bsp.a(syscalls.o)
                0x180991a8                _isatty
 .text.init_gs_mount_table
                0x180991dc       0x18 C:\workspace\RZA1\rza1h_azure_gcc\updated\rz_bsp\Debug\librz_bsp.a(r_devlink_wrapper.o)
 .text.R_DEVLINK_DevGetFromList
                0x180991f4       0x94 C:\workspace\RZA1\rza1h_azure_gcc\updated\rz_bsp\Debug\librz_bsp.a(r_devlink_wrapper.o)
 .text.get_first_free_direct_handle
                0x18099288       0x90 C:\workspace\RZA1\rza1h_azure_gcc\updated\rz_bsp\Debug\librz_bsp.a(r_devlink_wrapper.o)
 .text.get_first_free_call_stdio_handle
                0x18099318       0x90 C:\workspace\RZA1\rza1h_azure_gcc\updated\rz_bsp\Debug\librz_bsp.a(r_devlink_wrapper.o)
 .text.dev_get_class_device
                0x180993a8       0xe4 C:\workspace\RZA1\rza1h_azure_gcc\updated\rz_bsp\Debug\librz_bsp.a(r_devlink_wrapper.o)
 .text.check_open
                0x1809948c       0xc4 C:\workspace\RZA1\rza1h_azure_gcc\updated\rz_bsp\Debug\librz_bsp.a(r_devlink_wrapper.o)
 .text.dev_get_pointer
                0x18099550      0x1ec C:\workspace\RZA1\rza1h_azure_gcc\updated\rz_bsp\Debug\librz_bsp.a(r_devlink_wrapper.o)
 .text.get_device_name
                0x1809973c       0x60 C:\workspace\RZA1\rza1h_azure_gcc\updated\rz_bsp\Debug\librz_bsp.a(r_devlink_wrapper.o)
 .text.get_device_stream_from_handle
                0x1809979c       0x9c C:\workspace\RZA1\rza1h_azure_gcc\updated\rz_bsp\Debug\librz_bsp.a(r_devlink_wrapper.o)
 .text.check_valid_handle
                0x18099838       0x7c C:\workspace\RZA1\rza1h_azure_gcc\updated\rz_bsp\Debug\librz_bsp.a(r_devlink_wrapper.o)
 .text.no_dev_open
                0x180998b4       0x24 C:\workspace\RZA1\rza1h_azure_gcc\updated\rz_bsp\Debug\librz_bsp.a(r_devlink_wrapper.o)
                0x180998b4                no_dev_open
 .text.no_dev_close
                0x180998d8       0x20 C:\workspace\RZA1\rza1h_azure_gcc\updated\rz_bsp\Debug\librz_bsp.a(r_devlink_wrapper.o)
                0x180998d8                no_dev_close
 .text.no_dev_io
                0x180998f8       0x2c C:\workspace\RZA1\rza1h_azure_gcc\updated\rz_bsp\Debug\librz_bsp.a(r_devlink_wrapper.o)
                0x180998f8                no_dev_io
 .text.no_dev_read
                0x18099924       0x2c C:\workspace\RZA1\rza1h_azure_gcc\updated\rz_bsp\Debug\librz_bsp.a(r_devlink_wrapper.o)
                0x18099924                no_dev_read
 .text.no_dev_write
                0x18099950       0x2c C:\workspace\RZA1\rza1h_azure_gcc\updated\rz_bsp\Debug\librz_bsp.a(r_devlink_wrapper.o)
                0x18099950                no_dev_write
 .text.no_dev_control
                0x1809997c       0x2c C:\workspace\RZA1\rza1h_azure_gcc\updated\rz_bsp\Debug\librz_bsp.a(r_devlink_wrapper.o)
                0x1809997c                no_dev_control
 .text.no_dev_get_version
                0x180999a8       0x28 C:\workspace\RZA1\rza1h_azure_gcc\updated\rz_bsp\Debug\librz_bsp.a(r_devlink_wrapper.o)
                0x180999a8                no_dev_get_version
 .text.direct_open
                0x180999d0      0x2fc C:\workspace\RZA1\rza1h_azure_gcc\updated\rz_bsp\Debug\librz_bsp.a(r_devlink_wrapper.o)
                0x180999d0                direct_open
 .text.direct_close
                0x18099ccc       0xf8 C:\workspace\RZA1\rza1h_azure_gcc\updated\rz_bsp\Debug\librz_bsp.a(r_devlink_wrapper.o)
                0x18099ccc                direct_close
 .text.direct_read
                0x18099dc4       0xf4 C:\workspace\RZA1\rza1h_azure_gcc\updated\rz_bsp\Debug\librz_bsp.a(r_devlink_wrapper.o)
                0x18099dc4                direct_read
 .text.direct_write
                0x18099eb8       0xd4 C:\workspace\RZA1\rza1h_azure_gcc\updated\rz_bsp\Debug\librz_bsp.a(r_devlink_wrapper.o)
                0x18099eb8                direct_write
 .text.direct_control
                0x18099f8c       0xc0 C:\workspace\RZA1\rza1h_azure_gcc\updated\rz_bsp\Debug\librz_bsp.a(r_devlink_wrapper.o)
                0x18099f8c                direct_control
 .text.dev_init_dynamic_list
                0x1809a04c       0x28 C:\workspace\RZA1\rza1h_azure_gcc\updated\rz_bsp\Debug\librz_bsp.a(r_devlink_wrapper.o)
 .text.low_open
                0x1809a074      0x3b0 C:\workspace\RZA1\rza1h_azure_gcc\updated\rz_bsp\Debug\librz_bsp.a(r_devlink_wrapper.o)
                0x1809a074                low_open
 .text.low_close
                0x1809a424       0x28 C:\workspace\RZA1\rza1h_azure_gcc\updated\rz_bsp\Debug\librz_bsp.a(r_devlink_wrapper.o)
                0x1809a424                low_close
 .text.low_read
                0x1809a44c       0x38 C:\workspace\RZA1\rza1h_azure_gcc\updated\rz_bsp\Debug\librz_bsp.a(r_devlink_wrapper.o)
                0x1809a44c                low_read
 .text.low_write
                0x1809a484       0x38 C:\workspace\RZA1\rza1h_azure_gcc\updated\rz_bsp\Debug\librz_bsp.a(r_devlink_wrapper.o)
                0x1809a484                low_write
 .text.control  0x1809a4bc       0x38 C:\workspace\RZA1\rza1h_azure_gcc\updated\rz_bsp\Debug\librz_bsp.a(r_devlink_wrapper.o)
                0x1809a4bc                control
 .text.low_lseek
                0x1809a4f4       0xfc C:\workspace\RZA1\rza1h_azure_gcc\updated\rz_bsp\Debug\librz_bsp.a(r_devlink_wrapper.o)
                0x1809a4f4                low_lseek
 .text.R_DEVLINK_Init
                0x1809a5f0       0x2c C:\workspace\RZA1\rza1h_azure_gcc\updated\rz_bsp\Debug\librz_bsp.a(r_devlink_wrapper.o)
                0x1809a5f0                R_DEVLINK_Init
 .text.__enable_irq
                0x1809a61c       0x1c C:\workspace\RZA1\rza1h_azure_gcc\updated\rz_bsp\Debug\librz_bsp.a(exclusion_func.o)
                0x1809a61c                __enable_irq
 .text.__disable_irq
                0x1809a638       0x30 C:\workspace\RZA1\rza1h_azure_gcc\updated\rz_bsp\Debug\librz_bsp.a(exclusion_func.o)
                0x1809a638                __disable_irq
 .text.tx_timer_config
                0x1809a668       0xe0 C:\workspace\RZA1\rza1h_azure_gcc\updated\rz_bsp\Debug\librz_bsp.a(tx_timer_config.o)
                0x1809a668                tx_timer_config
 .text.wdt_open
                0x1809a748       0x24 C:\workspace\RZA1\rza1h_azure_gcc\updated\rz_bsp\Debug\librz_bsp.a(r_wdt_drv_api.o)
 .text.wdt_close
                0x1809a76c       0x20 C:\workspace\RZA1\rza1h_azure_gcc\updated\rz_bsp\Debug\librz_bsp.a(r_wdt_drv_api.o)
 .text.wdt_control
                0x1809a78c       0xc8 C:\workspace\RZA1\rza1h_azure_gcc\updated\rz_bsp\Debug\librz_bsp.a(r_wdt_drv_api.o)
 .text.wdt_get_version
                0x1809a854       0x5c C:\workspace\RZA1\rza1h_azure_gcc\updated\rz_bsp\Debug\librz_bsp.a(r_wdt_drv_api.o)
 .text.scif_open
                0x1809a8b0      0x1d8 C:\workspace\RZA1\rza1h_azure_gcc\updated\rz_bsp\Debug\librz_bsp.a(r_sci_drv_api.o)
 .text.scif_close
                0x1809aa88       0xb0 C:\workspace\RZA1\rza1h_azure_gcc\updated\rz_bsp\Debug\librz_bsp.a(r_sci_drv_api.o)
 .text.scif_read
                0x1809ab38       0x64 C:\workspace\RZA1\rza1h_azure_gcc\updated\rz_bsp\Debug\librz_bsp.a(r_sci_drv_api.o)
 .text.scif_write
                0x1809ab9c       0x68 C:\workspace\RZA1\rza1h_azure_gcc\updated\rz_bsp\Debug\librz_bsp.a(r_sci_drv_api.o)
 .text.scif_control
                0x1809ac04      0x104 C:\workspace\RZA1\rza1h_azure_gcc\updated\rz_bsp\Debug\librz_bsp.a(r_sci_drv_api.o)
 .text.scif_get_version
                0x1809ad08       0x5c C:\workspace\RZA1\rza1h_azure_gcc\updated\rz_bsp\Debug\librz_bsp.a(r_sci_drv_api.o)
 .text.sciSetIRQ
                0x1809ad64       0x70 C:\workspace\RZA1\rza1h_azure_gcc\updated\rz_bsp\Debug\librz_bsp.a(r_sci_drv_api.o)
 .text.INT_SCIF_BRI
                0x1809add4       0x1c C:\workspace\RZA1\rza1h_azure_gcc\updated\rz_bsp\Debug\librz_bsp.a(r_sci_drv_api.o)
 .text.INT_SCIF_ERI
                0x1809adf0       0x1c C:\workspace\RZA1\rza1h_azure_gcc\updated\rz_bsp\Debug\librz_bsp.a(r_sci_drv_api.o)
 .text.INT_SCIF_RXI
                0x1809ae0c       0x1c C:\workspace\RZA1\rza1h_azure_gcc\updated\rz_bsp\Debug\librz_bsp.a(r_sci_drv_api.o)
 .text.INT_SCIF_TXI
                0x1809ae28       0x1c C:\workspace\RZA1\rza1h_azure_gcc\updated\rz_bsp\Debug\librz_bsp.a(r_sci_drv_api.o)
 .text.rtc_open
                0x1809ae44      0x160 C:\workspace\RZA1\rza1h_azure_gcc\updated\rz_bsp\Debug\librz_bsp.a(r_rtc_drv_api.o)
 .text.rtc_close
                0x1809afa4       0x20 C:\workspace\RZA1\rza1h_azure_gcc\updated\rz_bsp\Debug\librz_bsp.a(r_rtc_drv_api.o)
 .text.rtc_control
                0x1809afc4       0xac C:\workspace\RZA1\rza1h_azure_gcc\updated\rz_bsp\Debug\librz_bsp.a(r_rtc_drv_api.o)
 .text.rtc_get_version
                0x1809b070       0x60 C:\workspace\RZA1\rza1h_azure_gcc\updated\rz_bsp\Debug\librz_bsp.a(r_rtc_drv_api.o)
 .text.rtc_calc_week_day
                0x1809b0d0       0xf4 C:\workspace\RZA1\rza1h_azure_gcc\updated\rz_bsp\Debug\librz_bsp.a(r_rtc_drv_api.o)
 .text.rtc_get_date
                0x1809b1c4      0x264 C:\workspace\RZA1\rza1h_azure_gcc\updated\rz_bsp\Debug\librz_bsp.a(r_rtc_drv_api.o)
 .text.rtc_set_date
                0x1809b428       0xc4 C:\workspace\RZA1\rza1h_azure_gcc\updated\rz_bsp\Debug\librz_bsp.a(r_rtc_drv_api.o)
 .text.led_open
                0x1809b4ec       0x84 C:\workspace\RZA1\rza1h_azure_gcc\updated\rz_bsp\Debug\librz_bsp.a(r_led_drv_api.o)
 .text.led_close
                0x1809b570       0x78 C:\workspace\RZA1\rza1h_azure_gcc\updated\rz_bsp\Debug\librz_bsp.a(r_led_drv_api.o)
 .text.led_read
                0x1809b5e8       0x2c C:\workspace\RZA1\rza1h_azure_gcc\updated\rz_bsp\Debug\librz_bsp.a(r_led_drv_api.o)
 .text.led_control
                0x1809b614      0x204 C:\workspace\RZA1\rza1h_azure_gcc\updated\rz_bsp\Debug\librz_bsp.a(r_led_drv_api.o)
 .text.led_get_version
                0x1809b818       0x60 C:\workspace\RZA1\rza1h_azure_gcc\updated\rz_bsp\Debug\librz_bsp.a(r_led_drv_api.o)
 .text.R_LED_InitialiseHwIf
                0x1809b878       0xdc C:\workspace\RZA1\rza1h_azure_gcc\updated\rz_bsp\Debug\librz_bsp.a(r_sitrza1h_led_lld.o)
                0x1809b878                R_LED_InitialiseHwIf
 .text.R_LED_Update
                0x1809b954       0xf0 C:\workspace\RZA1\rza1h_azure_gcc\updated\rz_bsp\Debug\librz_bsp.a(r_sitrza1h_led_lld.o)
                0x1809b954                R_LED_Update
 .text.R_LED_GetVersion
                0x1809ba44       0x58 C:\workspace\RZA1\rza1h_azure_gcc\updated\rz_bsp\Debug\librz_bsp.a(r_sitrza1h_led_lld.o)
                0x1809ba44                R_LED_GetVersion
 .text.R_LED_InitPortExpander
                0x1809ba9c       0x48 C:\workspace\RZA1\rza1h_azure_gcc\updated\rz_bsp\Debug\librz_bsp.a(r_sitrza1h_led_lld.o)
 .text.iic_hld_open
                0x1809bae4       0x5c C:\workspace\RZA1\rza1h_azure_gcc\updated\rz_bsp\Debug\librz_bsp.a(r_riic_drv_api.o)
 .text.iic_hld_close
                0x1809bb40       0x60 C:\workspace\RZA1\rza1h_azure_gcc\updated\rz_bsp\Debug\librz_bsp.a(r_riic_drv_api.o)
 .text.iic_hld_control
                0x1809bba0      0x210 C:\workspace\RZA1\rza1h_azure_gcc\updated\rz_bsp\Debug\librz_bsp.a(r_riic_drv_api.o)
 .text.iic_hld_get_version
                0x1809bdb0       0x60 C:\workspace\RZA1\rza1h_azure_gcc\updated\rz_bsp\Debug\librz_bsp.a(r_riic_drv_api.o)
 .text.riic_get_channel
                0x1809be10       0x98 C:\workspace\RZA1\rza1h_azure_gcc\updated\rz_bsp\Debug\librz_bsp.a(r_riic_drv_api.o)
 .text.open_channel
                0x1809bea8      0x13c C:\workspace\RZA1\rza1h_azure_gcc\updated\rz_bsp\Debug\librz_bsp.a(r_riic_hld_prv.o)
                0x1809bea8                open_channel
 .text.close_channel
                0x1809bfe4       0xbc C:\workspace\RZA1\rza1h_azure_gcc\updated\rz_bsp\Debug\librz_bsp.a(r_riic_hld_prv.o)
                0x1809bfe4                close_channel
 .text.validate_channel
                0x1809c0a0       0x4c C:\workspace\RZA1\rza1h_azure_gcc\updated\rz_bsp\Debug\librz_bsp.a(r_riic_hld_prv.o)
 .text.riic_single_write
                0x1809c0ec       0x90 C:\workspace\RZA1\rza1h_azure_gcc\updated\rz_bsp\Debug\librz_bsp.a(r_riic_hld_prv.o)
 .text.riic_write
                0x1809c17c      0x100 C:\workspace\RZA1\rza1h_azure_gcc\updated\rz_bsp\Debug\librz_bsp.a(r_riic_hld_prv.o)
 .text.riic_read
                0x1809c27c      0x1dc C:\workspace\RZA1\rza1h_azure_gcc\updated\rz_bsp\Debug\librz_bsp.a(r_riic_hld_prv.o)
 .text.riic_receive
                0x1809c458       0xe0 C:\workspace\RZA1\rza1h_azure_gcc\updated\rz_bsp\Debug\librz_bsp.a(r_riic_hld_prv.o)
 .text.riic_transmit
                0x1809c538       0xa4 C:\workspace\RZA1\rza1h_azure_gcc\updated\rz_bsp\Debug\librz_bsp.a(r_riic_hld_prv.o)
 .text.transmit_start
                0x1809c5dc       0x8c C:\workspace\RZA1\rza1h_azure_gcc\updated\rz_bsp\Debug\librz_bsp.a(r_riic_hld_prv.o)
 .text.transmit_restart
                0x1809c668       0x8c C:\workspace\RZA1\rza1h_azure_gcc\updated\rz_bsp\Debug\librz_bsp.a(r_riic_hld_prv.o)
 .text.read_data
                0x1809c6f4      0x140 C:\workspace\RZA1\rza1h_azure_gcc\updated\rz_bsp\Debug\librz_bsp.a(r_riic_hld_prv.o)
                0x1809c6f4                read_data
 .text.read_next_data
                0x1809c834       0xe4 C:\workspace\RZA1\rza1h_azure_gcc\updated\rz_bsp\Debug\librz_bsp.a(r_riic_hld_prv.o)
                0x1809c834                read_next_data
 .text.write_data
                0x1809c918      0x108 C:\workspace\RZA1\rza1h_azure_gcc\updated\rz_bsp\Debug\librz_bsp.a(r_riic_hld_prv.o)
                0x1809c918                write_data
 .text.wait_tx_end
                0x1809ca20       0xec C:\workspace\RZA1\rza1h_azure_gcc\updated\rz_bsp\Debug\librz_bsp.a(r_riic_hld_prv.o)
 .text.wait_rx_full
                0x1809cb0c       0x94 C:\workspace\RZA1\rza1h_azure_gcc\updated\rz_bsp\Debug\librz_bsp.a(r_riic_hld_prv.o)
 .text.wait_tx_empty
                0x1809cba0       0x94 C:\workspace\RZA1\rza1h_azure_gcc\updated\rz_bsp\Debug\librz_bsp.a(r_riic_hld_prv.o)
 .text.wait_bus_master
                0x1809cc34       0xd0 C:\workspace\RZA1\rza1h_azure_gcc\updated\rz_bsp\Debug\librz_bsp.a(r_riic_hld_prv.o)
 .text.wait_stop
                0x1809cd04       0x84 C:\workspace\RZA1\rza1h_azure_gcc\updated\rz_bsp\Debug\librz_bsp.a(r_riic_hld_prv.o)
 .text.r_riic_lld_set_rx_full